Archive member included to satisfy reference by file (symbol)

/Applications/STM32CubeIDE.app/Contents/Eclipse/plugins/com.st.stm32cube.ide.mcu.externaltools.gnu-tools-for-stm32.11.3.rel1.macos64_1.1.0.202305231506/tools/bin/../lib/gcc/arm-none-eabi/11.3.1/../../../../arm-none-eabi/lib/thumb/v7e-m+dp/hard/libc_nano.a(libc_a-calloc.o)
                              ./Core/Src/main.o (calloc)
/Applications/STM32CubeIDE.app/Contents/Eclipse/plugins/com.st.stm32cube.ide.mcu.externaltools.gnu-tools-for-stm32.11.3.rel1.macos64_1.1.0.202305231506/tools/bin/../lib/gcc/arm-none-eabi/11.3.1/../../../../arm-none-eabi/lib/thumb/v7e-m+dp/hard/libc_nano.a(libc_a-callocr.o)
                              /Applications/STM32CubeIDE.app/Contents/Eclipse/plugins/com.st.stm32cube.ide.mcu.externaltools.gnu-tools-for-stm32.11.3.rel1.macos64_1.1.0.202305231506/tools/bin/../lib/gcc/arm-none-eabi/11.3.1/../../../../arm-none-eabi/lib/thumb/v7e-m+dp/hard/libc_nano.a(libc_a-calloc.o) (_calloc_r)
/Applications/STM32CubeIDE.app/Contents/Eclipse/plugins/com.st.stm32cube.ide.mcu.externaltools.gnu-tools-for-stm32.11.3.rel1.macos64_1.1.0.202305231506/tools/bin/../lib/gcc/arm-none-eabi/11.3.1/../../../../arm-none-eabi/lib/thumb/v7e-m+dp/hard/libc_nano.a(libc_a-exit.o)
                              /Applications/STM32CubeIDE.app/Contents/Eclipse/plugins/com.st.stm32cube.ide.mcu.externaltools.gnu-tools-for-stm32.11.3.rel1.macos64_1.1.0.202305231506/tools/bin/../lib/gcc/arm-none-eabi/11.3.1/../../../../arm-none-eabi/lib/thumb/v7e-m+dp/hard/crt0.o (exit)
/Applications/STM32CubeIDE.app/Contents/Eclipse/plugins/com.st.stm32cube.ide.mcu.externaltools.gnu-tools-for-stm32.11.3.rel1.macos64_1.1.0.202305231506/tools/bin/../lib/gcc/arm-none-eabi/11.3.1/../../../../arm-none-eabi/lib/thumb/v7e-m+dp/hard/libc_nano.a(libc_a-nano-vfprintf_float.o)
                              (_printf_float)
/Applications/STM32CubeIDE.app/Contents/Eclipse/plugins/com.st.stm32cube.ide.mcu.externaltools.gnu-tools-for-stm32.11.3.rel1.macos64_1.1.0.202305231506/tools/bin/../lib/gcc/arm-none-eabi/11.3.1/../../../../arm-none-eabi/lib/thumb/v7e-m+dp/hard/libc_nano.a(libc_a-malloc.o)
                              ./Core/Src/gameUtility.o (malloc)
/Applications/STM32CubeIDE.app/Contents/Eclipse/plugins/com.st.stm32cube.ide.mcu.externaltools.gnu-tools-for-stm32.11.3.rel1.macos64_1.1.0.202305231506/tools/bin/../lib/gcc/arm-none-eabi/11.3.1/../../../../arm-none-eabi/lib/thumb/v7e-m+dp/hard/libc_nano.a(libc_a-mallocr.o)
                              /Applications/STM32CubeIDE.app/Contents/Eclipse/plugins/com.st.stm32cube.ide.mcu.externaltools.gnu-tools-for-stm32.11.3.rel1.macos64_1.1.0.202305231506/tools/bin/../lib/gcc/arm-none-eabi/11.3.1/../../../../arm-none-eabi/lib/thumb/v7e-m+dp/hard/libc_nano.a(libc_a-callocr.o) (_malloc_r)
/Applications/STM32CubeIDE.app/Contents/Eclipse/plugins/com.st.stm32cube.ide.mcu.externaltools.gnu-tools-for-stm32.11.3.rel1.macos64_1.1.0.202305231506/tools/bin/../lib/gcc/arm-none-eabi/11.3.1/../../../../arm-none-eabi/lib/thumb/v7e-m+dp/hard/libc_nano.a(libc_a-nano-vfprintf_i.o)
                              /Applications/STM32CubeIDE.app/Contents/Eclipse/plugins/com.st.stm32cube.ide.mcu.externaltools.gnu-tools-for-stm32.11.3.rel1.macos64_1.1.0.202305231506/tools/bin/../lib/gcc/arm-none-eabi/11.3.1/../../../../arm-none-eabi/lib/thumb/v7e-m+dp/hard/libc_nano.a(libc_a-nano-vfprintf_float.o) (_printf_common)
/Applications/STM32CubeIDE.app/Contents/Eclipse/plugins/com.st.stm32cube.ide.mcu.externaltools.gnu-tools-for-stm32.11.3.rel1.macos64_1.1.0.202305231506/tools/bin/../lib/gcc/arm-none-eabi/11.3.1/../../../../arm-none-eabi/lib/thumb/v7e-m+dp/hard/libc_nano.a(libc_a-mlock.o)
                              /Applications/STM32CubeIDE.app/Contents/Eclipse/plugins/com.st.stm32cube.ide.mcu.externaltools.gnu-tools-for-stm32.11.3.rel1.macos64_1.1.0.202305231506/tools/bin/../lib/gcc/arm-none-eabi/11.3.1/../../../../arm-none-eabi/lib/thumb/v7e-m+dp/hard/libc_nano.a(libc_a-mallocr.o) (__malloc_lock)
/Applications/STM32CubeIDE.app/Contents/Eclipse/plugins/com.st.stm32cube.ide.mcu.externaltools.gnu-tools-for-stm32.11.3.rel1.macos64_1.1.0.202305231506/tools/bin/../lib/gcc/arm-none-eabi/11.3.1/../../../../arm-none-eabi/lib/thumb/v7e-m+dp/hard/libc_nano.a(libc_a-sprintf.o)
                              ./Core/Src/gameUtility.o (sprintf)
/Applications/STM32CubeIDE.app/Contents/Eclipse/plugins/com.st.stm32cube.ide.mcu.externaltools.gnu-tools-for-stm32.11.3.rel1.macos64_1.1.0.202305231506/tools/bin/../lib/gcc/arm-none-eabi/11.3.1/../../../../arm-none-eabi/lib/thumb/v7e-m+dp/hard/libc_nano.a(libc_a-rand.o)
                              ./Core/Src/main.o (srand)
/Applications/STM32CubeIDE.app/Contents/Eclipse/plugins/com.st.stm32cube.ide.mcu.externaltools.gnu-tools-for-stm32.11.3.rel1.macos64_1.1.0.202305231506/tools/bin/../lib/gcc/arm-none-eabi/11.3.1/../../../../arm-none-eabi/lib/thumb/v7e-m+dp/hard/libc_nano.a(libc_a-findfp.o)
[...]
Memory Configuration

Name             Origin             Length             Attributes
RAM              0x0000000020000000 0x0000000000080000 xrw
FLASH            0x0000000008000000 0x0000000000200000 xr
*default*        0x0000000000000000 0xffffffffffffffff

Linker script and memory map

LOAD /Applications/STM32CubeIDE.app/Contents/Eclipse/plugins/com.st.stm32cube.ide.mcu.externaltools.gnu-tools-for-stm32.11.3.rel1.macos64_1.1.0.202305231506/tools/bin/../lib/gcc/arm-none-eabi/11.3.1/thumb/v7e-m+dp/hard/crti.o
LOAD /Applications/STM32CubeIDE.app/Contents/Eclipse/plugins/com.st.stm32cube.ide.mcu.externaltools.gnu-tools-for-stm32.11.3.rel1.macos64_1.1.0.202305231506/tools/bin/../lib/gcc/arm-none-eabi/11.3.1/thumb/v7e-m+dp/hard/crtbegin.o
LOAD /Applications/STM32CubeIDE.app/Contents/Eclipse/plugins/com.st.stm32cube.ide.mcu.externaltools.gnu-tools-for-stm32.11.3.rel1.macos64_1.1.0.202305231506/tools/bin/../lib/gcc/arm-none-eabi/11.3.1/../../../../arm-none-eabi/lib/thumb/v7e-m+dp/hard/crt0.o
LOAD ./Core/Src/adc.o
LOAD ./Core/Src/dma.o
LOAD ./Core/Src/gameUtility.o
LOAD ./Core/Src/gpio.o
LOAD ./Core/Src/icons.o
LOAD ./Core/Src/lcd.o
LOAD ./Core/Src/main.o
LOAD ./Core/Src/map.o
LOAD ./Core/Src/rng.o
LOAD ./Core/Src/spi.o
LOAD ./Core/Src/stm32f7xx_hal_msp.o
LOAD ./Core/Src/stm32f7xx_it.o
LOAD ./Core/Src/syscalls.o
LOAD ./Core/Src/sysmem.o
LOAD ./Core/Src/system_stm32f7xx.o
LOAD ./Core/Src/tim.o
LOAD ./Core/Src/usart.o
LOAD ./Core/Src/utiliity.o
LOAD ./Core/Startup/startup_stm32f767zitx.o
LOAD ./Drivers/ILI9341/ILI9341_GFX.o
LOAD ./Drivers/ILI9341/ILI9341_STM32_Driver.o
LOAD ./Drivers/ILI9341/ILI9341_Touchscreen.o
LOAD ./Drivers/STM32F7xx_HAL_Driver/Src/stm32f7xx_hal.o
LOAD ./Drivers/STM32F7xx_HAL_Driver/Src/stm32f7xx_hal_adc.o
LOAD ./Drivers/STM32F7xx_HAL_Driver/Src/stm32f7xx_hal_adc_ex.o
LOAD ./Drivers/STM32F7xx_HAL_Driver/Src/stm32f7xx_hal_cortex.o
LOAD ./Drivers/STM32F7xx_HAL_Driver/Src/stm32f7xx_hal_dma.o
LOAD ./Drivers/STM32F7xx_HAL_Driver/Src/stm32f7xx_hal_dma_ex.o
LOAD ./Drivers/STM32F7xx_HAL_Driver/Src/stm32f7xx_hal_exti.o
LOAD ./Drivers/STM32F7xx_HAL_Driver/Src/stm32f7xx_hal_flash.o
LOAD ./Drivers/STM32F7xx_HAL_Driver/Src/stm32f7xx_hal_flash_ex.o
LOAD ./Drivers/STM32F7xx_HAL_Driver/Src/stm32f7xx_hal_gpio.o
LOAD ./Drivers/STM32F7xx_HAL_Driver/Src/stm32f7xx_hal_i2c.o
LOAD ./Drivers/STM32F7xx_HAL_Driver/Src/stm32f7xx_hal_i2c_ex.o
LOAD ./Drivers/STM32F7xx_HAL_Driver/Src/stm32f7xx_hal_pwr.o
LOAD ./Drivers/STM32F7xx_HAL_Driver/Src/stm32f7xx_hal_pwr_ex.o
LOAD ./Drivers/STM32F7xx_HAL_Driver/Src/stm32f7xx_hal_rcc.o
LOAD ./Drivers/STM32F7xx_HAL_Driver/Src/stm32f7xx_hal_rcc_ex.o
LOAD ./Drivers/STM32F7xx_HAL_Driver/Src/stm32f7xx_hal_rng.o
LOAD ./Drivers/STM32F7xx_HAL_Driver/Src/stm32f7xx_hal_spi.o
LOAD ./Drivers/STM32F7xx_HAL_Driver/Src/stm32f7xx_hal_spi_ex.o
LOAD ./Drivers/STM32F7xx_HAL_Driver/Src/stm32f7xx_hal_tim.o
LOAD ./Drivers/STM32F7xx_HAL_Driver/Src/stm32f7xx_hal_tim_ex.o
LOAD ./Drivers/STM32F7xx_HAL_Driver/Src/stm32f7xx_hal_uart.o
LOAD ./Drivers/STM32F7xx_HAL_Driver/Src/stm32f7xx_hal_uart_ex.o
START GROUP
LOAD /Applications/STM32CubeIDE.app/Contents/Eclipse/plugins/com.st.stm32cube.ide.mcu.externaltools.gnu-tools-for-stm32.11.3.rel1.macos64_1.1.0.202305231506/tools/bin/../lib/gcc/arm-none-eabi/11.3.1/../../../../arm-none-eabi/lib/thumb/v7e-m+dp/hard/libc_nano.a
LOAD /Applications/STM32CubeIDE.app/Contents/Eclipse/plugins/com.st.stm32cube.ide.mcu.externaltools.gnu-tools-for-stm32.11.3.rel1.macos64_1.1.0.202305231506/tools/bin/../lib/gcc/arm-none-eabi/11.3.1/../../../../arm-none-eabi/lib/thumb/v7e-m+dp/hard/libm.a
END GROUP
START GROUP
LOAD /Applications/STM32CubeIDE.app/Contents/Eclipse/plugins/com.st.stm32cube.ide.mcu.externaltools.gnu-tools-for-stm32.11.3.rel1.macos64_1.1.0.202305231506/tools/bin/../lib/gcc/arm-none-eabi/11.3.1/thumb/v7e-m+dp/hard/libgcc.a
LOAD /Applications/STM32CubeIDE.app/Contents/Eclipse/plugins/com.st.stm32cube.ide.mcu.externaltools.gnu-tools-for-stm32.11.3.rel1.macos64_1.1.0.202305231506/tools/bin/../lib/gcc/arm-none-eabi/11.3.1/../../../../arm-none-eabi/lib/thumb/v7e-m+dp/hard/libc_nano.a
END GROUP
START GROUP
LOAD /Applications/STM32CubeIDE.app/Contents/Eclipse/plugins/com.st.stm32cube.ide.mcu.externaltools.gnu-tools-for-stm32.11.3.rel1.macos64_1.1.0.202305231506/tools/bin/../lib/gcc/arm-none-eabi/11.3.1/thumb/v7e-m+dp/hard/libgcc.a
LOAD /Applications/STM32CubeIDE.app/Contents/Eclipse/plugins/com.st.stm32cube.ide.mcu.externaltools.gnu-tools-for-stm32.11.3.rel1.macos64_1.1.0.202305231506/tools/bin/../lib/gcc/arm-none-eabi/11.3.1/../../../../arm-none-eabi/lib/thumb/v7e-m+dp/hard/libc_nano.a
LOAD /Applications/STM32CubeIDE.app/Contents/Eclipse/plugins/com.st.stm32cube.ide.mcu.externaltools.gnu-tools-for-stm32.11.3.rel1.macos64_1.1.0.202305231506/tools/bin/../lib/gcc/arm-none-eabi/11.3.1/../../../../arm-none-eabi/lib/thumb/v7e-m+dp/hard/libnosys.a
END GROUP
START GROUP
LOAD /Applications/STM32CubeIDE.app/Contents/Eclipse/plugins/com.st.stm32cube.ide.mcu.externaltools.gnu-tools-for-stm32.11.3.rel1.macos64_1.1.0.202305231506/tools/bin/../lib/gcc/arm-none-eabi/11.3.1/thumb/v7e-m+dp/hard/libgcc.a
LOAD /Applications/STM32CubeIDE.app/Contents/Eclipse/plugins/com.st.stm32cube.ide.mcu.externaltools.gnu-tools-for-stm32.11.3.rel1.macos64_1.1.0.202305231506/tools/bin/../lib/gcc/arm-none-eabi/11.3.1/../../../../arm-none-eabi/lib/thumb/v7e-m+dp/hard/libc_nano.a
LOAD /Applications/STM32CubeIDE.app/Contents/Eclipse/plugins/com.st.stm32cube.ide.mcu.externaltools.gnu-tools-for-stm32.11.3.rel1.macos64_1.1.0.202305231506/tools/bin/../lib/gcc/arm-none-eabi/11.3.1/../../../../arm-none-eabi/lib/thumb/v7e-m+dp/hard/libnosys.a
END GROUP
LOAD /Applications/STM32CubeIDE.app/Contents/Eclipse/plugins/com.st.stm32cube.ide.mcu.externaltools.gnu-tools-for-stm32.11.3.rel1.macos64_1.1.0.202305231506/tools/bin/../lib/gcc/arm-none-eabi/11.3.1/thumb/v7e-m+dp/hard/crtend.o
LOAD /Applications/STM32CubeIDE.app/Contents/Eclipse/plugins/com.st.stm32cube.ide.mcu.externaltools.gnu-tools-for-stm32.11.3.rel1.macos64_1.1.0.202305231506/tools/bin/../lib/gcc/arm-none-eabi/11.3.1/thumb/v7e-m+dp/hard/crtn.o
                0x0000000020080000                _estack = (ORIGIN (RAM) + LENGTH (RAM))
                0x0000000000000200                _Min_Heap_Size = 0x200
                0x0000000000000400                _Min_Stack_Size = 0x400

.isr_vector     0x0000000008000000      0x1f8
                0x0000000008000000                . = ALIGN (0x4)
 *(.isr_vector)
 .isr_vector    0x0000000008000000      0x1f8 ./Core/Startup/startup_stm32f767zitx.o
                0x0000000008000000                g_pfnVectors
                0x00000000080001f8                . = ALIGN (0x4)

.text           0x0000000008000200     0xe508
                0x0000000008000200                . = ALIGN (0x4)
 *(.text)
 .text          0x0000000008000200       0x40 /Applications/STM32CubeIDE.app/Contents/Eclipse/plugins/com.st.stm32cube.ide.mcu.externaltools.gnu-tools-for-stm32.11.3.rel1.macos64_1.1.0.202305231506/tools/bin/../lib/gcc/arm-none-eabi/11.3.1/thumb/v7e-m+dp/hard/crtbegin.o
 .text          0x0000000008000240       0xa0 /Applications/STM32CubeIDE.app/Contents/Eclipse/plugins/com.st.stm32cube.ide.mcu.externaltools.gnu-tools-for-stm32.11.3.rel1.macos64_1.1.0.202305231506/tools/bin/../lib/gcc/arm-none-eabi/11.3.1/../../../../arm-none-eabi/lib/thumb/v7e-m+dp/hard/libc_nano.a(libc_a-memchr.o)
                0x0000000008000240                memchr
 .text          0x00000000080002e0       0x10 /Applications/STM32CubeIDE.app/Contents/Eclipse/plugins/com.st.stm32cube.ide.mcu.externaltools.gnu-tools-for-stm32.11.3.rel1.macos64_1.1.0.202305231506/tools/bin/../lib/gcc/arm-none-eabi/11.3.1/../../../../arm-none-eabi/lib/thumb/v7e-m+dp/hard/libc_nano.a(libc_a-strlen.o)
                0x00000000080002e0                strlen
 .text          0x00000000080002f0       0x30 /Applications/STM32CubeIDE.app/Contents/Eclipse/plugins/com.st.stm32cube.ide.mcu.externaltools.gnu-tools-for-stm32.11.3.rel1.macos64_1.1.0.202305231506/tools/bin/../lib/gcc/arm-none-eabi/11.3.1/thumb/v7e-m+dp/hard/libgcc.a(_aeabi_uldivmod.o)
                0x00000000080002f0                __aeabi_uldivmod
 .text          0x0000000008000320      0x2c8 /Applications/STM32CubeIDE.app/Contents/Eclipse/plugins/com.st.stm32cube.ide.mcu.externaltools.gnu-tools-for-stm32.11.3.rel1.macos64_1.1.0.202305231506/tools/bin/../lib/gcc/arm-none-eabi/11.3.1/thumb/v7e-m+dp/hard/libgcc.a(_udivmoddi4.o)
                0x0000000008000320                __udivmoddi4
 .text          0x00000000080005e8        0x4 /Applications/STM32CubeIDE.app/Contents/Eclipse/plugins/com.st.stm32cube.ide.mcu.externaltools.gnu-tools-for-stm32.11.3.rel1.macos64_1.1.0.202305231506/tools/bin/../lib/gcc/arm-none-eabi/11.3.1/thumb/v7e-m+dp/hard/libgcc.a(_dvmd_tls.o)
                0x00000000080005e8                __aeabi_ldiv0
                0x00000000080005e8                __aeabi_idiv0
 *(.text*)
 .text.MX_ADC1_Init
                0x00000000080005ec       0xf8 ./Core/Src/adc.o
                0x00000000080005ec                MX_ADC1_Init
 .text.HAL_ADC_MspInit
                0x00000000080006e4      0x160 ./Core/Src/adc.o
                0x00000000080006e4                HAL_ADC_MspInit
 .text.MX_DMA_Init
                0x0000000008000844       0x3c ./Core/Src/dma.o
                0x0000000008000844                MX_DMA_Init
 .text.Vector2_init
                0x0000000008000880       0x30 ./Core/Src/gameUtility.o
                0x0000000008000880                Vector2_init
 .text.Add      0x00000000080008b0       0x3e ./Core/Src/gameUtility.o
                0x00000000080008b0                Add
 .text.Sub      0x00000000080008ee       0x3e ./Core/Src/gameUtility.o
                0x00000000080008ee                Sub
 .text.Multiply_vector
                0x000000000800092c       0x42 ./Core/Src/gameUtility.o
                0x000000000800092c                Multiply_vector
 .text.Divide_int
                0x000000000800096e       0x3e ./Core/Src/gameUtility.o
                0x000000000800096e                Divide_int
 .text.Divide_vector
                0x00000000080009ac       0x42 ./Core/Src/gameUtility.o
                0x00000000080009ac                Divide_vector
 .text.Equal    0x00000000080009ee       0x3a ./Core/Src/gameUtility.o
                0x00000000080009ee                Equal
 .text.getOffsetOrigin
                0x0000000008000a28       0x38 ./Core/Src/gameUtility.o
                0x0000000008000a28                getOffsetOrigin
 .text.toIndex  0x0000000008000a60       0x4c ./Core/Src/gameUtility.o
                0x0000000008000a60                toIndex
 .text.toPosition
                0x0000000008000aac       0x40 ./Core/Src/gameUtility.o
                0x0000000008000aac                toPosition
 .text.Transform_init
                0x0000000008000aec       0x54 ./Core/Src/gameUtility.o
                0x0000000008000aec                Transform_init
 .text.getLeft  0x0000000008000b40       0x68 ./Core/Src/gameUtility.o
                0x0000000008000b40                getLeft
 .text.getRight
                0x0000000008000ba8       0x1e ./Core/Src/gameUtility.o
                0x0000000008000ba8                getRight
 *fill*         0x0000000008000bc6        0x2 
 .text.getTop   0x0000000008000bc8       0x60 ./Core/Src/gameUtility.o
                0x0000000008000bc8                getTop
 .text.getBottom
                0x0000000008000c28       0x1e ./Core/Src/gameUtility.o
                0x0000000008000c28                getBottom
 .text.getTransformOrigin
                0x0000000008000c46       0x2c ./Core/Src/gameUtility.o
                0x0000000008000c46                getTransformOrigin
 .text.Draw     0x0000000008000c72       0x50 ./Core/Src/gameUtility.o
                0x0000000008000c72                Draw
 *fill*         0x0000000008000cc2        0x2 
 .text.DrawImage
                0x0000000008000cc4      0x158 ./Core/Src/gameUtility.o
                0x0000000008000cc4                DrawImage
 .text.isCollision
                0x0000000008000e1c      0x192 ./Core/Src/gameUtility.o
                0x0000000008000e1c                isCollision
 *fill*         0x0000000008000fae        0x2 
 .text.Move     0x0000000008000fb0      0x414 ./Core/Src/gameUtility.o
                0x0000000008000fb0                Move
 .text.CheckPlayerCollisionAt
                0x00000000080013c4       0x96 ./Core/Src/gameUtility.o
                0x00000000080013c4                CheckPlayerCollisionAt
 *fill*         0x000000000800145a        0x2 
 .text.drawPlayers
                0x000000000800145c      0x250 ./Core/Src/gameUtility.o
                0x000000000800145c                drawPlayers
 .text.drawCell
                0x00000000080016ac       0xf4 ./Core/Src/gameUtility.o
                0x00000000080016ac                drawCell
 .text.setMap   0x00000000080017a0       0xc4 ./Core/Src/gameUtility.o
                0x00000000080017a0                setMap
 .text.setObject
                0x0000000008001864      0x244 ./Core/Src/gameUtility.o
                0x0000000008001864                setObject
 .text.clearObject
                0x0000000008001aa8      0x170 ./Core/Src/gameUtility.o
                0x0000000008001aa8                clearObject
 .text.placeBomb
                0x0000000008001c18       0x5e ./Core/Src/gameUtility.o
                0x0000000008001c18                placeBomb
 *fill*         0x0000000008001c76        0x2 
 .text.getCell  0x0000000008001c78       0x64 ./Core/Src/gameUtility.o
                0x0000000008001c78                getCell
 .text.detonate
                0x0000000008001cdc      0x16c ./Core/Src/gameUtility.o
                0x0000000008001cdc                detonate
 .text.Player_init
                0x0000000008001e48      0x120 ./Core/Src/gameUtility.o
                0x0000000008001e48                Player_init
 .text.getPlayerIndex
                0x0000000008001f68       0x1e ./Core/Src/gameUtility.o
                0x0000000008001f68                getPlayerIndex
 .text.getIndexAtDirection
                0x0000000008001f86       0x80 ./Core/Src/gameUtility.o
                0x0000000008001f86                getIndexAtDirection
 *fill*         0x0000000008002006        0x2 
 .text.updateMap
                0x0000000008002008      0x7f0 ./Core/Src/gameUtility.o
                0x0000000008002008                updateMap
 .text.BFSValue_init
                0x00000000080027f8       0x42 ./Core/Src/gameUtility.o
                0x00000000080027f8                BFSValue_init
 *fill*         0x000000000800283a        0x2 
 .text.findNextIndex
                0x000000000800283c      0xda0 ./Core/Src/gameUtility.o
                0x000000000800283c                findNextIndex
 .text.PlayerUI_init
                0x00000000080035dc      0x2b2 ./Core/Src/gameUtility.o
                0x00000000080035dc                PlayerUI_init
 *fill*         0x000000000800388e        0x2 
 .text.DrawPlayerUI
                0x0000000008003890      0x140 ./Core/Src/gameUtility.o
                0x0000000008003890                DrawPlayerUI
 .text.MX_GPIO_Init
                0x00000000080039d0      0x2ec ./Core/Src/gpio.o
                0x00000000080039d0                MX_GPIO_Init
 .text.setRotation
                0x0000000008003cbc       0x1a ./Core/Src/lcd.o
                0x0000000008003cbc                setRotation
 *fill*         0x0000000008003cd6        0x2 
 .text.drawImageAtPoint
                0x0000000008003cd8      0x1cc ./Core/Src/lcd.o
                0x0000000008003cd8                drawImageAtPoint
 .text.SCB_EnableICache
                0x0000000008003ea4       0x4c ./Core/Src/main.o
 .text.SCB_EnableDCache
                0x0000000008003ef0       0x88 ./Core/Src/main.o
 .text.isTouchWithinRectangle
                0x0000000008003f78       0x44 ./Core/Src/main.o
                0x0000000008003f78                isTouchWithinRectangle
 .text.checkMap
                0x0000000008003fbc      0x208 ./Core/Src/main.o
                0x0000000008003fbc                checkMap
 .text.checkStartGame
                0x00000000080041c4       0xf4 ./Core/Src/main.o
                0x00000000080041c4                checkStartGame
 .text.getCharacterYellowList
                0x00000000080042b8       0x68 ./Core/Src/main.o
                0x00000000080042b8                getCharacterYellowList
 .text.getCharacterOrangeList
                0x0000000008004320       0x68 ./Core/Src/main.o
                0x0000000008004320                getCharacterOrangeList
 .text.endPageInit
                0x0000000008004388      0x410 ./Core/Src/main.o
                0x0000000008004388                endPageInit
 .text.IFDisplayScreen1
                0x0000000008004798      0x6e8 ./Core/Src/main.o
                0x0000000008004798                IFDisplayScreen1
 .text.IFDisplayScreen2
                0x0000000008004e80      0x3d4 ./Core/Src/main.o
                0x0000000008004e80                IFDisplayScreen2
 .text.IFDisplayScreen3
                0x0000000008005254      0x100 ./Core/Src/main.o
                0x0000000008005254                IFDisplayScreen3
 .text.IFDisplayScreen4
                0x0000000008005354       0x9c ./Core/Src/main.o
                0x0000000008005354                IFDisplayScreen4
 .text.HAL_TIM_PeriodElapsedCallback
                0x00000000080053f0       0x48 ./Core/Src/main.o
                0x00000000080053f0                HAL_TIM_PeriodElapsedCallback
 .text.HAL_ADC_ConvCpltCallback
                0x0000000008005438      0x368 ./Core/Src/main.o
                0x0000000008005438                HAL_ADC_ConvCpltCallback
 .text.HAL_GPIO_EXTI_Callback
                0x00000000080057a0       0xac ./Core/Src/main.o
                0x00000000080057a0                HAL_GPIO_EXTI_Callback
 .text.SetPlayers
                0x000000000800584c      0x2a4 ./Core/Src/main.o
                0x000000000800584c                SetPlayers
 .text.startGame
                0x0000000008005af0      0x17c ./Core/Src/main.o
                0x0000000008005af0                startGame
 .text.main     0x0000000008005c6c      0x160 ./Core/Src/main.o
                0x0000000008005c6c                main
 .text.SystemClock_Config
                0x0000000008005dcc       0xe0 ./Core/Src/main.o
                0x0000000008005dcc                SystemClock_Config
 .text.Error_Handler
                0x0000000008005eac        0x6 ./Core/Src/main.o
                0x0000000008005eac                Error_Handler
 *fill*         0x0000000008005eb2        0x2 
 .text.MX_RNG_Init
                0x0000000008005eb4       0x28 ./Core/Src/rng.o
                0x0000000008005eb4                MX_RNG_Init
 .text.HAL_RNG_MspInit
                0x0000000008005edc       0x68 ./Core/Src/rng.o
                0x0000000008005edc                HAL_RNG_MspInit
 .text.MX_SPI5_Init
                0x0000000008005f44       0x7c ./Core/Src/spi.o
                0x0000000008005f44                MX_SPI5_Init
 .text.HAL_SPI_MspInit
                0x0000000008005fc0       0x88 ./Core/Src/spi.o
                0x0000000008005fc0                HAL_SPI_MspInit
 .text.HAL_MspInit
                0x0000000008006048       0x48 ./Core/Src/stm32f7xx_hal_msp.o
                0x0000000008006048                HAL_MspInit
 .text.SysTick_Handler
                0x0000000008006090        0xc ./Core/Src/stm32f7xx_it.o
                0x0000000008006090                SysTick_Handler
 .text.EXTI3_IRQHandler
                0x000000000800609c        0xe ./Core/Src/stm32f7xx_it.o
                0x000000000800609c                EXTI3_IRQHandler
 .text.EXTI4_IRQHandler
                0x00000000080060aa        0xe ./Core/Src/stm32f7xx_it.o
                0x00000000080060aa                EXTI4_IRQHandler
 .text.TIM1_UP_TIM10_IRQHandler
                0x00000000080060b8       0x14 ./Core/Src/stm32f7xx_it.o
                0x00000000080060b8                TIM1_UP_TIM10_IRQHandler
 .text.TIM2_IRQHandler
                0x00000000080060cc       0x14 ./Core/Src/stm32f7xx_it.o
                0x00000000080060cc                TIM2_IRQHandler
 .text.EXTI15_10_IRQHandler
                0x00000000080060e0       0x18 ./Core/Src/stm32f7xx_it.o
                0x00000000080060e0                EXTI15_10_IRQHandler
 .text.DMA2_Stream0_IRQHandler
                0x00000000080060f8       0x14 ./Core/Src/stm32f7xx_it.o
                0x00000000080060f8                DMA2_Stream0_IRQHandler
 .text._getpid  0x000000000800610c       0x10 ./Core/Src/syscalls.o
                0x000000000800610c                _getpid
 .text._kill    0x000000000800611c       0x20 ./Core/Src/syscalls.o
                0x000000000800611c                _kill
 .text._exit    0x000000000800613c       0x14 ./Core/Src/syscalls.o
                0x000000000800613c                _exit
 .text._read    0x0000000008006150       0x3a ./Core/Src/syscalls.o
                0x0000000008006150                _read
 .text._write   0x000000000800618a       0x38 ./Core/Src/syscalls.o
                0x000000000800618a                _write
 .text._close   0x00000000080061c2       0x18 ./Core/Src/syscalls.o
                0x00000000080061c2                _close
 .text._fstat   0x00000000080061da       0x20 ./Core/Src/syscalls.o
                0x00000000080061da                _fstat
 .text._isatty  0x00000000080061fa       0x16 ./Core/Src/syscalls.o
                0x00000000080061fa                _isatty
 .text._lseek   0x0000000008006210       0x1a ./Core/Src/syscalls.o
                0x0000000008006210                _lseek
 *fill*         0x000000000800622a        0x2 
 .text._sbrk    0x000000000800622c       0x6c ./Core/Src/sysmem.o
                0x000000000800622c                _sbrk
 .text.SystemInit
                0x0000000008006298       0x6c ./Core/Src/system_stm32f7xx.o
                0x0000000008006298                SystemInit
 .text.MX_TIM1_Init
                0x0000000008006304       0xac ./Core/Src/tim.o
                0x0000000008006304                MX_TIM1_Init
 .text.MX_TIM2_Init
                0x00000000080063b0       0xa0 ./Core/Src/tim.o
                0x00000000080063b0                MX_TIM2_Init
 .text.HAL_TIM_Base_MspInit
                0x0000000008006450       0x80 ./Core/Src/tim.o
                0x0000000008006450                HAL_TIM_Base_MspInit
 .text.MX_USART3_UART_Init
                0x00000000080064d0       0x60 ./Core/Src/usart.o
                0x00000000080064d0                MX_USART3_UART_Init
 .text.HAL_UART_MspInit
                0x0000000008006530       0xc0 ./Core/Src/usart.o
                0x0000000008006530                HAL_UART_MspInit
 .text.mappingValue
                0x00000000080065f0       0x5c ./Core/Src/utiliity.o
                0x00000000080065f0                mappingValue
 .text.clamp    0x000000000800664c       0x32 ./Core/Src/utiliity.o
                0x000000000800664c                clamp
 .text.inBetween
                0x000000000800667e       0x34 ./Core/Src/utiliity.o
                0x000000000800667e                inBetween
 .text.QueueElement_init
                0x00000000080066b2       0x2e ./Core/Src/utiliity.o
                0x00000000080066b2                QueueElement_init
 .text.DeleteQueueElement
                0x00000000080066e0       0x72 ./Core/Src/utiliity.o
                0x00000000080066e0                DeleteQueueElement
 .text.enqueue  0x0000000008006752       0x68 ./Core/Src/utiliity.o
                0x0000000008006752                enqueue
 .text.dequeue  0x00000000080067ba       0x22 ./Core/Src/utiliity.o
                0x00000000080067ba                dequeue
 .text.Reset_Handler
                0x00000000080067dc       0x50 ./Core/Startup/startup_stm32f767zitx.o
                0x00000000080067dc                Reset_Handler
 .text.Default_Handler
                0x000000000800682c        0x2 ./Core/Startup/startup_stm32f767zitx.o
                0x000000000800682c                DMA1_Stream3_IRQHandler
                0x000000000800682c                EXTI2_IRQHandler
                0x000000000800682c                TIM8_CC_IRQHandler
                0x000000000800682c                DebugMon_Handler
                0x000000000800682c                UART8_IRQHandler
                0x000000000800682c                SPI4_IRQHandler
                0x000000000800682c                TIM1_CC_IRQHandler
                0x000000000800682c                DMA2_Stream5_IRQHandler
                0x000000000800682c                HardFault_Handler
                0x000000000800682c                JPEG_IRQHandler
                0x000000000800682c                DMA1_Stream5_IRQHandler
                0x000000000800682c                CAN3_RX1_IRQHandler
                0x000000000800682c                PVD_IRQHandler
                0x000000000800682c                TAMP_STAMP_IRQHandler
                0x000000000800682c                PendSV_Handler
                0x000000000800682c                NMI_Handler
                0x000000000800682c                CAN2_RX1_IRQHandler
                0x000000000800682c                TIM8_TRG_COM_TIM14_IRQHandler
                0x000000000800682c                DFSDM1_FLT1_IRQHandler
                0x000000000800682c                TIM8_UP_TIM13_IRQHandler
                0x000000000800682c                I2C3_ER_IRQHandler
                0x000000000800682c                DFSDM1_FLT2_IRQHandler
                0x000000000800682c                EXTI0_IRQHandler
                0x000000000800682c                I2C2_EV_IRQHandler
                0x000000000800682c                DMA1_Stream2_IRQHandler
                0x000000000800682c                CAN1_RX0_IRQHandler
                0x000000000800682c                FPU_IRQHandler
                0x000000000800682c                OTG_HS_WKUP_IRQHandler
                0x000000000800682c                CAN3_SCE_IRQHandler
                0x000000000800682c                UsageFault_Handler
                0x000000000800682c                LTDC_ER_IRQHandler
                0x000000000800682c                CAN2_SCE_IRQHandler
                0x000000000800682c                DMA2_Stream2_IRQHandler
                0x000000000800682c                SPI1_IRQHandler
                0x000000000800682c                TIM6_DAC_IRQHandler
                0x000000000800682c                TIM1_BRK_TIM9_IRQHandler
                0x000000000800682c                DCMI_IRQHandler
                0x000000000800682c                CAN2_RX0_IRQHandler
                0x000000000800682c                DMA2_Stream3_IRQHandler
                0x000000000800682c                SAI2_IRQHandler
                0x000000000800682c                DFSDM1_FLT3_IRQHandler
                0x000000000800682c                USART6_IRQHandler
                0x000000000800682c                CAN3_RX0_IRQHandler
                0x000000000800682c                USART3_IRQHandler
                0x000000000800682c                CAN1_RX1_IRQHandler
                0x000000000800682c                UART5_IRQHandler
                0x000000000800682c                TIM4_IRQHandler
                0x000000000800682c                QUADSPI_IRQHandler
                0x000000000800682c                I2C1_EV_IRQHandler
                0x000000000800682c                DMA1_Stream6_IRQHandler
                0x000000000800682c                DMA1_Stream1_IRQHandler
                0x000000000800682c                UART4_IRQHandler
                0x000000000800682c                TIM3_IRQHandler
                0x000000000800682c                RCC_IRQHandler
                0x000000000800682c                TIM8_BRK_TIM12_IRQHandler
                0x000000000800682c                Default_Handler
                0x000000000800682c                CEC_IRQHandler
                0x000000000800682c                ADC_IRQHandler
                0x000000000800682c                DMA1_Stream7_IRQHandler
                0x000000000800682c                SPI5_IRQHandler
                0x000000000800682c                TIM7_IRQHandler
                0x000000000800682c                SDMMC1_IRQHandler
                0x000000000800682c                CAN2_TX_IRQHandler
                0x000000000800682c                TIM5_IRQHandler
                0x000000000800682c                DMA2_Stream7_IRQHandler
                0x000000000800682c                I2C3_EV_IRQHandler
                0x000000000800682c                EXTI9_5_IRQHandler
                0x000000000800682c                RTC_WKUP_IRQHandler
                0x000000000800682c                LTDC_IRQHandler
                0x000000000800682c                ETH_WKUP_IRQHandler
                0x000000000800682c                SPDIF_RX_IRQHandler
                0x000000000800682c                SPI2_IRQHandler
                0x000000000800682c                OTG_HS_EP1_IN_IRQHandler
                0x000000000800682c                MemManage_Handler
                0x000000000800682c                DMA1_Stream0_IRQHandler
                0x000000000800682c                CAN1_TX_IRQHandler
                0x000000000800682c                SVC_Handler
                0x000000000800682c                RNG_IRQHandler
                0x000000000800682c                ETH_IRQHandler
                0x000000000800682c                OTG_HS_EP1_OUT_IRQHandler
                0x000000000800682c                WWDG_IRQHandler
                0x000000000800682c                SPI6_IRQHandler
                0x000000000800682c                MDIOS_IRQHandler
                0x000000000800682c                I2C4_EV_IRQHandler
                0x000000000800682c                CAN3_TX_IRQHandler
                0x000000000800682c                OTG_FS_WKUP_IRQHandler
                0x000000000800682c                TIM1_TRG_COM_TIM11_IRQHandler
                0x000000000800682c                OTG_HS_IRQHandler
                0x000000000800682c                DMA2D_IRQHandler
                0x000000000800682c                EXTI1_IRQHandler
                0x000000000800682c                SDMMC2_IRQHandler
                0x000000000800682c                UART7_IRQHandler
                0x000000000800682c                USART2_IRQHandler
                0x000000000800682c                DFSDM1_FLT0_IRQHandler
                0x000000000800682c                I2C2_ER_IRQHandler
                0x000000000800682c                DMA2_Stream1_IRQHandler
                0x000000000800682c                CAN1_SCE_IRQHandler
                0x000000000800682c                FLASH_IRQHandler
                0x000000000800682c                DMA2_Stream4_IRQHandler
                0x000000000800682c                BusFault_Handler
                0x000000000800682c                USART1_IRQHandler
                0x000000000800682c                OTG_FS_IRQHandler
                0x000000000800682c                SPI3_IRQHandler
                0x000000000800682c                DMA1_Stream4_IRQHandler
                0x000000000800682c                I2C1_ER_IRQHandler
                0x000000000800682c                FMC_IRQHandler
                0x000000000800682c                LPTIM1_IRQHandler
                0x000000000800682c                I2C4_ER_IRQHandler
                0x000000000800682c                DMA2_Stream6_IRQHandler
                0x000000000800682c                SAI1_IRQHandler
                0x000000000800682c                RTC_Alarm_IRQHandler
 .text.ILI9341_Draw_Hollow_Rectangle_Coord
                0x000000000800682e      0x102 ./Drivers/ILI9341/ILI9341_GFX.o
                0x000000000800682e                ILI9341_Draw_Hollow_Rectangle_Coord
 .text.ILI9341_Draw_Filled_Rectangle_Coord
                0x0000000008006930       0xbc ./Drivers/ILI9341/ILI9341_GFX.o
                0x0000000008006930                ILI9341_Draw_Filled_Rectangle_Coord
 .text.ILI9341_Draw_Char
                0x00000000080069ec      0x134 ./Drivers/ILI9341/ILI9341_GFX.o
                0x00000000080069ec                ILI9341_Draw_Char
 .text.ILI9341_Draw_Text
                0x0000000008006b20       0x5e ./Drivers/ILI9341/ILI9341_GFX.o
                0x0000000008006b20                ILI9341_Draw_Text
 *fill*         0x0000000008006b7e        0x2 
 .text.ILI9341_SPI_Init
                0x0000000008006b80       0x20 ./Drivers/ILI9341/ILI9341_STM32_Driver.o
                0x0000000008006b80                ILI9341_SPI_Init
 .text.ILI9341_SPI_Send
                0x0000000008006ba0       0x24 ./Drivers/ILI9341/ILI9341_STM32_Driver.o
                0x0000000008006ba0                ILI9341_SPI_Send
 .text.ILI9341_Write_Command
                0x0000000008006bc4       0x44 ./Drivers/ILI9341/ILI9341_STM32_Driver.o
                0x0000000008006bc4                ILI9341_Write_Command
 .text.ILI9341_Write_Data
                0x0000000008006c08       0x44 ./Drivers/ILI9341/ILI9341_STM32_Driver.o
                0x0000000008006c08                ILI9341_Write_Data
 .text.ILI9341_Set_Address
                0x0000000008006c4c       0x98 ./Drivers/ILI9341/ILI9341_STM32_Driver.o
                0x0000000008006c4c                ILI9341_Set_Address
 .text.ILI9341_Reset
                0x0000000008006ce4       0x3c ./Drivers/ILI9341/ILI9341_STM32_Driver.o
                0x0000000008006ce4                ILI9341_Reset
 .text.ILI9341_Set_Rotation
                0x0000000008006d20       0xa4 ./Drivers/ILI9341/ILI9341_STM32_Driver.o
                0x0000000008006d20                ILI9341_Set_Rotation
 .text.ILI9341_Enable
                0x0000000008006dc4       0x18 ./Drivers/ILI9341/ILI9341_STM32_Driver.o
                0x0000000008006dc4                ILI9341_Enable
 .text.ILI9341_Init
                0x0000000008006ddc      0x21a ./Drivers/ILI9341/ILI9341_STM32_Driver.o
                0x0000000008006ddc                ILI9341_Init
 *fill*         0x0000000008006ff6        0x2 
 .text.ILI9341_Draw_Colour_Burst
                0x0000000008006ff8      0x13c ./Drivers/ILI9341/ILI9341_STM32_Driver.o
                0x0000000008006ff8                ILI9341_Draw_Colour_Burst
 .text.ILI9341_Fill_Screen
                0x0000000008007134       0x4c ./Drivers/ILI9341/ILI9341_STM32_Driver.o
                0x0000000008007134                ILI9341_Fill_Screen
 .text.ILI9341_Draw_Pixel
                0x0000000008007180      0x1b4 ./Drivers/ILI9341/ILI9341_STM32_Driver.o
                0x0000000008007180                ILI9341_Draw_Pixel
 .text.ILI9341_Draw_Rectangle
                0x0000000008007334       0xb8 ./Drivers/ILI9341/ILI9341_STM32_Driver.o
                0x0000000008007334                ILI9341_Draw_Rectangle
 .text.ILI9341_Draw_Horizontal_Line
                0x00000000080073ec       0x88 ./Drivers/ILI9341/ILI9341_STM32_Driver.o
                0x00000000080073ec                ILI9341_Draw_Horizontal_Line
 .text.ILI9341_Draw_Vertical_Line
                0x0000000008007474       0x88 ./Drivers/ILI9341/ILI9341_STM32_Driver.o
                0x0000000008007474                ILI9341_Draw_Vertical_Line
 .text.TP_Read  0x00000000080074fc       0x58 ./Drivers/ILI9341/ILI9341_Touchscreen.o
                0x00000000080074fc                TP_Read
 .text.TP_Write
                0x0000000008007554       0x6c ./Drivers/ILI9341/ILI9341_Touchscreen.o
                0x0000000008007554                TP_Write
 .text.TP_Read_Coordinates
                0x00000000080075c0      0x184 ./Drivers/ILI9341/ILI9341_Touchscreen.o
                0x00000000080075c0                TP_Read_Coordinates
 .text.TP_Touchpad_Pressed
                0x0000000008007744       0x20 ./Drivers/ILI9341/ILI9341_Touchscreen.o
                0x0000000008007744                TP_Touchpad_Pressed
 .text.HAL_Init
                0x0000000008007764       0x2c ./Drivers/STM32F7xx_HAL_Driver/Src/stm32f7xx_hal.o
                0x0000000008007764                HAL_Init
 .text.HAL_InitTick
                0x0000000008007790       0x60 ./Drivers/STM32F7xx_HAL_Driver/Src/stm32f7xx_hal.o
                0x0000000008007790                HAL_InitTick
 .text.HAL_IncTick
                0x00000000080077f0       0x28 ./Drivers/STM32F7xx_HAL_Driver/Src/stm32f7xx_hal.o
                0x00000000080077f0                HAL_IncTick
 .text.HAL_GetTick
                0x0000000008007818       0x18 ./Drivers/STM32F7xx_HAL_Driver/Src/stm32f7xx_hal.o
                0x0000000008007818                HAL_GetTick
 .text.HAL_Delay
                0x0000000008007830       0x48 ./Drivers/STM32F7xx_HAL_Driver/Src/stm32f7xx_hal.o
                0x0000000008007830                HAL_Delay
 .text.HAL_ADC_Init
                0x0000000008007878       0x88 ./Drivers/STM32F7xx_HAL_Driver/Src/stm32f7xx_hal_adc.o
                0x0000000008007878                HAL_ADC_Init
 .text.HAL_ADC_Start_DMA
                0x0000000008007900      0x1f4 ./Drivers/STM32F7xx_HAL_Driver/Src/stm32f7xx_hal_adc.o
                0x0000000008007900                HAL_ADC_Start_DMA
 .text.HAL_ADC_ConvHalfCpltCallback
                0x0000000008007af4       0x14 ./Drivers/STM32F7xx_HAL_Driver/Src/stm32f7xx_hal_adc.o
                0x0000000008007af4                HAL_ADC_ConvHalfCpltCallback
 .text.HAL_ADC_ErrorCallback
                0x0000000008007b08       0x14 ./Drivers/STM32F7xx_HAL_Driver/Src/stm32f7xx_hal_adc.o
                0x0000000008007b08                HAL_ADC_ErrorCallback
 .text.HAL_ADC_ConfigChannel
                0x0000000008007b1c      0x2ac ./Drivers/STM32F7xx_HAL_Driver/Src/stm32f7xx_hal_adc.o
                0x0000000008007b1c                HAL_ADC_ConfigChannel
 .text.ADC_Init
                0x0000000008007dc8      0x1f4 ./Drivers/STM32F7xx_HAL_Driver/Src/stm32f7xx_hal_adc.o
 .text.ADC_DMAConvCplt
                0x0000000008007fbc       0xba ./Drivers/STM32F7xx_HAL_Driver/Src/stm32f7xx_hal_adc.o
 .text.ADC_DMAHalfConvCplt
                0x0000000008008076       0x1c ./Drivers/STM32F7xx_HAL_Driver/Src/stm32f7xx_hal_adc.o
 .text.ADC_DMAError
                0x0000000008008092       0x2e ./Drivers/STM32F7xx_HAL_Driver/Src/stm32f7xx_hal_adc.o
 .text.__NVIC_SetPriorityGrouping
                0x00000000080080c0       0x48 ./Drivers/STM32F7xx_HAL_Driver/Src/stm32f7xx_hal_cortex.o
 .text.__NVIC_GetPriorityGrouping
                0x0000000008008108       0x1c ./Drivers/STM32F7xx_HAL_Driver/Src/stm32f7xx_hal_cortex.o
 .text.__NVIC_EnableIRQ
                0x0000000008008124       0x3c ./Drivers/STM32F7xx_HAL_Driver/Src/stm32f7xx_hal_cortex.o
 .text.__NVIC_SetPriority
                0x0000000008008160       0x54 ./Drivers/STM32F7xx_HAL_Driver/Src/stm32f7xx_hal_cortex.o
 .text.NVIC_EncodePriority
                0x00000000080081b4       0x66 ./Drivers/STM32F7xx_HAL_Driver/Src/stm32f7xx_hal_cortex.o
 *fill*         0x000000000800821a        0x2 
 .text.SysTick_Config
                0x000000000800821c       0x44 ./Drivers/STM32F7xx_HAL_Driver/Src/stm32f7xx_hal_cortex.o
 .text.HAL_NVIC_SetPriorityGrouping
                0x0000000008008260       0x16 ./Drivers/STM32F7xx_HAL_Driver/Src/stm32f7xx_hal_cortex.o
                0x0000000008008260                HAL_NVIC_SetPriorityGrouping
 .text.HAL_NVIC_SetPriority
                0x0000000008008276       0x38 ./Drivers/STM32F7xx_HAL_Driver/Src/stm32f7xx_hal_cortex.o
                0x0000000008008276                HAL_NVIC_SetPriority
 .text.HAL_NVIC_EnableIRQ
                0x00000000080082ae       0x1c ./Drivers/STM32F7xx_HAL_Driver/Src/stm32f7xx_hal_cortex.o
                0x00000000080082ae                HAL_NVIC_EnableIRQ
 .text.HAL_SYSTICK_Config
                0x00000000080082ca       0x18 ./Drivers/STM32F7xx_HAL_Driver/Src/stm32f7xx_hal_cortex.o
                0x00000000080082ca                HAL_SYSTICK_Config
 *fill*         0x00000000080082e2        0x2 
 .text.HAL_DMA_Init
                0x00000000080082e4      0x15c ./Drivers/STM32F7xx_HAL_Driver/Src/stm32f7xx_hal_dma.o
                0x00000000080082e4                HAL_DMA_Init
 .text.HAL_DMA_Start_IT
                0x0000000008008440       0xc0 ./Drivers/STM32F7xx_HAL_Driver/Src/stm32f7xx_hal_dma.o
                0x0000000008008440                HAL_DMA_Start_IT
 .text.HAL_DMA_IRQHandler
                0x0000000008008500      0x314 ./Drivers/STM32F7xx_HAL_Driver/Src/stm32f7xx_hal_dma.o
                0x0000000008008500                HAL_DMA_IRQHandler
 .text.DMA_SetConfig
                0x0000000008008814       0x5c ./Drivers/STM32F7xx_HAL_Driver/Src/stm32f7xx_hal_dma.o
 .text.DMA_CalcBaseAndBitshift
                0x0000000008008870       0x6c ./Drivers/STM32F7xx_HAL_Driver/Src/stm32f7xx_hal_dma.o
 .text.DMA_CheckFifoParam
                0x00000000080088dc       0xf8 ./Drivers/STM32F7xx_HAL_Driver/Src/stm32f7xx_hal_dma.o
 .text.HAL_GPIO_Init
                0x00000000080089d4      0x358 ./Drivers/STM32F7xx_HAL_Driver/Src/stm32f7xx_hal_gpio.o
                0x00000000080089d4                HAL_GPIO_Init
 .text.HAL_GPIO_ReadPin
                0x0000000008008d2c       0x30 ./Drivers/STM32F7xx_HAL_Driver/Src/stm32f7xx_hal_gpio.o
                0x0000000008008d2c                HAL_GPIO_ReadPin
 .text.HAL_GPIO_WritePin
                0x0000000008008d5c       0x32 ./Drivers/STM32F7xx_HAL_Driver/Src/stm32f7xx_hal_gpio.o
                0x0000000008008d5c                HAL_GPIO_WritePin
 *fill*         0x0000000008008d8e        0x2 
 .text.HAL_GPIO_EXTI_IRQHandler
                0x0000000008008d90       0x30 ./Drivers/STM32F7xx_HAL_Driver/Src/stm32f7xx_hal_gpio.o
                0x0000000008008d90                HAL_GPIO_EXTI_IRQHandler
 .text.HAL_PWR_EnableBkUpAccess
                0x0000000008008dc0       0x20 ./Drivers/STM32F7xx_HAL_Driver/Src/stm32f7xx_hal_pwr.o
                0x0000000008008dc0                HAL_PWR_EnableBkUpAccess
 .text.HAL_PWREx_EnableOverDrive
                0x0000000008008de0       0xa0 ./Drivers/STM32F7xx_HAL_Driver/Src/stm32f7xx_hal_pwr_ex.o
                0x0000000008008de0                HAL_PWREx_EnableOverDrive
 .text.HAL_RCC_OscConfig
                0x0000000008008e80      0x55c ./Drivers/STM32F7xx_HAL_Driver/Src/stm32f7xx_hal_rcc.o
                0x0000000008008e80                HAL_RCC_OscConfig
 .text.HAL_RCC_ClockConfig
                0x00000000080093dc      0x1d8 ./Drivers/STM32F7xx_HAL_Driver/Src/stm32f7xx_hal_rcc.o
                0x00000000080093dc                HAL_RCC_ClockConfig
 .text.HAL_RCC_GetSysClockFreq
                0x00000000080095b4      0x20c ./Drivers/STM32F7xx_HAL_Driver/Src/stm32f7xx_hal_rcc.o
                0x00000000080095b4                HAL_RCC_GetSysClockFreq
 .text.HAL_RCC_GetHCLKFreq
                0x00000000080097c0       0x18 ./Drivers/STM32F7xx_HAL_Driver/Src/stm32f7xx_hal_rcc.o
                0x00000000080097c0                HAL_RCC_GetHCLKFreq
 .text.HAL_RCC_GetPCLK1Freq
                0x00000000080097d8       0x28 ./Drivers/STM32F7xx_HAL_Driver/Src/stm32f7xx_hal_rcc.o
                0x00000000080097d8                HAL_RCC_GetPCLK1Freq
 .text.HAL_RCC_GetPCLK2Freq
                0x0000000008009800       0x28 ./Drivers/STM32F7xx_HAL_Driver/Src/stm32f7xx_hal_rcc.o
                0x0000000008009800                HAL_RCC_GetPCLK2Freq
 .text.HAL_RCCEx_PeriphCLKConfig
                0x0000000008009828      0x850 ./Drivers/STM32F7xx_HAL_Driver/Src/stm32f7xx_hal_rcc_ex.o
                0x0000000008009828                HAL_RCCEx_PeriphCLKConfig
 .text.HAL_RNG_Init
                0x000000000800a078       0x54 ./Drivers/STM32F7xx_HAL_Driver/Src/stm32f7xx_hal_rng.o
                0x000000000800a078                HAL_RNG_Init
 .text.HAL_SPI_Init
                0x000000000800a0cc      0x156 ./Drivers/STM32F7xx_HAL_Driver/Src/stm32f7xx_hal_spi.o
                0x000000000800a0cc                HAL_SPI_Init
 .text.HAL_SPI_Transmit
                0x000000000800a222      0x2dc ./Drivers/STM32F7xx_HAL_Driver/Src/stm32f7xx_hal_spi.o
                0x000000000800a222                HAL_SPI_Transmit
 *fill*         0x000000000800a4fe        0x2 
 .text.SPI_WaitFlagStateUntilTimeout
                0x000000000800a500      0x110 ./Drivers/STM32F7xx_HAL_Driver/Src/stm32f7xx_hal_spi.o
 .text.SPI_WaitFifoStateUntilTimeout
                0x000000000800a610      0x12c ./Drivers/STM32F7xx_HAL_Driver/Src/stm32f7xx_hal_spi.o
 .text.SPI_EndRxTxTransaction
                0x000000000800a73c       0xd4 ./Drivers/STM32F7xx_HAL_Driver/Src/stm32f7xx_hal_spi.o
 .text.HAL_TIM_Base_Init
                0x000000000800a810       0xae ./Drivers/STM32F7xx_HAL_Driver/Src/stm32f7xx_hal_tim.o
                0x000000000800a810                HAL_TIM_Base_Init
 *fill*         0x000000000800a8be        0x2 
 .text.HAL_TIM_Base_Start_IT
                0x000000000800a8c0       0xf0 ./Drivers/STM32F7xx_HAL_Driver/Src/stm32f7xx_hal_tim.o
                0x000000000800a8c0                HAL_TIM_Base_Start_IT
 .text.HAL_TIM_IRQHandler
                0x000000000800a9b0      0x23e ./Drivers/STM32F7xx_HAL_Driver/Src/stm32f7xx_hal_tim.o
                0x000000000800a9b0                HAL_TIM_IRQHandler
 *fill*         0x000000000800abee        0x2 
 .text.HAL_TIM_ConfigClockSource
                0x000000000800abf0      0x194 ./Drivers/STM32F7xx_HAL_Driver/Src/stm32f7xx_hal_tim.o
                0x000000000800abf0                HAL_TIM_ConfigClockSource
 .text.HAL_TIM_OC_DelayElapsedCallback
                0x000000000800ad84       0x14 ./Drivers/STM32F7xx_HAL_Driver/Src/stm32f7xx_hal_tim.o
                0x000000000800ad84                HAL_TIM_OC_DelayElapsedCallback
 .text.HAL_TIM_IC_CaptureCallback
                0x000000000800ad98       0x14 ./Drivers/STM32F7xx_HAL_Driver/Src/stm32f7xx_hal_tim.o
                0x000000000800ad98                HAL_TIM_IC_CaptureCallback
 .text.HAL_TIM_PWM_PulseFinishedCallback
                0x000000000800adac       0x14 ./Drivers/STM32F7xx_HAL_Driver/Src/stm32f7xx_hal_tim.o
                0x000000000800adac                HAL_TIM_PWM_PulseFinishedCallback
 .text.HAL_TIM_TriggerCallback
                0x000000000800adc0       0x14 ./Drivers/STM32F7xx_HAL_Driver/Src/stm32f7xx_hal_tim.o
                0x000000000800adc0                HAL_TIM_TriggerCallback
 .text.TIM_Base_SetConfig
                0x000000000800add4      0x140 ./Drivers/STM32F7xx_HAL_Driver/Src/stm32f7xx_hal_tim.o
                0x000000000800add4                TIM_Base_SetConfig
 .text.TIM_TI1_ConfigInputStage
                0x000000000800af14       0x5e ./Drivers/STM32F7xx_HAL_Driver/Src/stm32f7xx_hal_tim.o
 .text.TIM_TI2_ConfigInputStage
                0x000000000800af72       0x60 ./Drivers/STM32F7xx_HAL_Driver/Src/stm32f7xx_hal_tim.o
 .text.TIM_ITRx_SetConfig
                0x000000000800afd2       0x36 ./Drivers/STM32F7xx_HAL_Driver/Src/stm32f7xx_hal_tim.o
 .text.TIM_ETR_SetConfig
                0x000000000800b008       0x40 ./Drivers/STM32F7xx_HAL_Driver/Src/stm32f7xx_hal_tim.o
                0x000000000800b008                TIM_ETR_SetConfig
 .text.HAL_TIMEx_MasterConfigSynchronization
                0x000000000800b048      0x11c ./Drivers/STM32F7xx_HAL_Driver/Src/stm32f7xx_hal_tim_ex.o
                0x000000000800b048                HAL_TIMEx_MasterConfigSynchronization
 .text.HAL_TIMEx_CommutCallback
                0x000000000800b164       0x14 ./Drivers/STM32F7xx_HAL_Driver/Src/stm32f7xx_hal_tim_ex.o
                0x000000000800b164                HAL_TIMEx_CommutCallback
 .text.HAL_TIMEx_BreakCallback
                0x000000000800b178       0x14 ./Drivers/STM32F7xx_HAL_Driver/Src/stm32f7xx_hal_tim_ex.o
                0x000000000800b178                HAL_TIMEx_BreakCallback
 .text.HAL_TIMEx_Break2Callback
                0x000000000800b18c       0x14 ./Drivers/STM32F7xx_HAL_Driver/Src/stm32f7xx_hal_tim_ex.o
                0x000000000800b18c                HAL_TIMEx_Break2Callback
 .text.HAL_UART_Init
                0x000000000800b1a0       0x9c ./Drivers/STM32F7xx_HAL_Driver/Src/stm32f7xx_hal_uart.o
                0x000000000800b1a0                HAL_UART_Init
 .text.UART_SetConfig
                0x000000000800b23c      0x4c8 ./Drivers/STM32F7xx_HAL_Driver/Src/stm32f7xx_hal_uart.o
                0x000000000800b23c                UART_SetConfig
 .text.UART_AdvFeatureConfig
                0x000000000800b704      0x144 ./Drivers/STM32F7xx_HAL_Driver/Src/stm32f7xx_hal_uart.o
                0x000000000800b704                UART_AdvFeatureConfig
 .text.UART_CheckIdleState
                0x000000000800b848       0x9a ./Drivers/STM32F7xx_HAL_Driver/Src/stm32f7xx_hal_uart.o
                0x000000000800b848                UART_CheckIdleState
 .text.UART_WaitOnFlagUntilTimeout
                0x000000000800b8e2      0x18c ./Drivers/STM32F7xx_HAL_Driver/Src/stm32f7xx_hal_uart.o
                0x000000000800b8e2                UART_WaitOnFlagUntilTimeout
 *fill*         0x000000000800ba6e        0x2 
 .text.calloc   0x000000000800ba70       0x10 /Applications/STM32CubeIDE.app/Contents/Eclipse/plugins/com.st.stm32cube.ide.mcu.externaltools.gnu-tools-for-stm32.11.3.rel1.macos64_1.1.0.202305231506/tools/bin/../lib/gcc/arm-none-eabi/11.3.1/../../../../arm-none-eabi/lib/thumb/v7e-m+dp/hard/libc_nano.a(libc_a-calloc.o)
                0x000000000800ba70                calloc
 .text._calloc_r
                0x000000000800ba80       0x2c /Applications/STM32CubeIDE.app/Contents/Eclipse/plugins/com.st.stm32cube.ide.mcu.externaltools.gnu-tools-for-stm32.11.3.rel1.macos64_1.1.0.202305231506/tools/bin/../lib/gcc/arm-none-eabi/11.3.1/../../../../arm-none-eabi/lib/thumb/v7e-m+dp/hard/libc_nano.a(libc_a-callocr.o)
                0x000000000800ba80                _calloc_r
 .text.__cvt    0x000000000800baac       0xa4 /Applications/STM32CubeIDE.app/Contents/Eclipse/plugins/com.st.stm32cube.ide.mcu.externaltools.gnu-tools-for-stm32.11.3.rel1.macos64_1.1.0.202305231506/tools/bin/../lib/gcc/arm-none-eabi/11.3.1/../../../../arm-none-eabi/lib/thumb/v7e-m+dp/hard/libc_nano.a(libc_a-nano-vfprintf_float.o)
                0x000000000800baac                __cvt
 .text.__exponent
                0x000000000800bb50       0x7c /Applications/STM32CubeIDE.app/Contents/Eclipse/plugins/com.st.stm32cube.ide.mcu.externaltools.gnu-tools-for-stm32.11.3.rel1.macos64_1.1.0.202305231506/tools/bin/../lib/gcc/arm-none-eabi/11.3.1/../../../../arm-none-eabi/lib/thumb/v7e-m+dp/hard/libc_nano.a(libc_a-nano-vfprintf_float.o)
                0x000000000800bb50                __exponent
 *fill*         0x000000000800bbcc        0x4 
 .text._printf_float
                0x000000000800bbd0      0x434 /Applications/STM32CubeIDE.app/Contents/Eclipse/plugins/com.st.stm32cube.ide.mcu.externaltools.gnu-tools-for-stm32.11.3.rel1.macos64_1.1.0.202305231506/tools/bin/../lib/gcc/arm-none-eabi/11.3.1/../../../../arm-none-eabi/lib/thumb/v7e-m+dp/hard/libc_nano.a(libc_a-nano-vfprintf_float.o)
                0x000000000800bbd0                _printf_float
 .text.malloc   0x000000000800c004       0x10 /Applications/STM32CubeIDE.app/Contents/Eclipse/plugins/com.st.stm32cube.ide.mcu.externaltools.gnu-tools-for-stm32.11.3.rel1.macos64_1.1.0.202305231506/tools/bin/../lib/gcc/arm-none-eabi/11.3.1/../../../../arm-none-eabi/lib/thumb/v7e-m+dp/hard/libc_nano.a(libc_a-malloc.o)
                0x000000000800c004                malloc
 .text.free     0x000000000800c014       0x10 /Applications/STM32CubeIDE.app/Contents/Eclipse/plugins/com.st.stm32cube.ide.mcu.externaltools.gnu-tools-for-stm32.11.3.rel1.macos64_1.1.0.202305231506/tools/bin/../lib/gcc/arm-none-eabi/11.3.1/../../../../arm-none-eabi/lib/thumb/v7e-m+dp/hard/libc_nano.a(libc_a-malloc.o)
                0x000000000800c014                free
 .text.sbrk_aligned
                0x000000000800c024       0x40 /Applications/STM32CubeIDE.app/Contents/Eclipse/plugins/com.st.stm32cube.ide.mcu.externaltools.gnu-tools-for-stm32.11.3.rel1.macos64_1.1.0.202305231506/tools/bin/../lib/gcc/arm-none-eabi/11.3.1/../../../../arm-none-eabi/lib/thumb/v7e-m+dp/hard/libc_nano.a(libc_a-mallocr.o)
 .text._malloc_r
                0x000000000800c064      0x100 /Applications/STM32CubeIDE.app/Contents/Eclipse/plugins/com.st.stm32cube.ide.mcu.externaltools.gnu-tools-for-stm32.11.3.rel1.macos64_1.1.0.202305231506/tools/bin/../lib/gcc/arm-none-eabi/11.3.1/../../../../arm-none-eabi/lib/thumb/v7e-m+dp/hard/libc_nano.a(libc_a-mallocr.o)
                0x000000000800c064                _malloc_r
 .text._printf_common
                0x000000000800c164       0xda /Applications/STM32CubeIDE.app/Contents/Eclipse/plugins/com.st.stm32cube.ide.mcu.externaltools.gnu-tools-for-stm32.11.3.rel1.macos64_1.1.0.202305231506/tools/bin/../lib/gcc/arm-none-eabi/11.3.1/../../../../arm-none-eabi/lib/thumb/v7e-m+dp/hard/libc_nano.a(libc_a-nano-vfprintf_i.o)
                0x000000000800c164                _printf_common
 *fill*         0x000000000800c23e        0x2 
 .text._printf_i
                0x000000000800c240      0x244 /Applications/STM32CubeIDE.app/Contents/Eclipse/plugins/com.st.stm32cube.ide.mcu.externaltools.gnu-tools-for-stm32.11.3.rel1.macos64_1.1.0.202305231506/tools/bin/../lib/gcc/arm-none-eabi/11.3.1/../../../../arm-none-eabi/lib/thumb/v7e-m+dp/hard/libc_nano.a(libc_a-nano-vfprintf_i.o)
                0x000000000800c240                _printf_i
 .text.__malloc_lock
                0x000000000800c484        0xc /Applications/STM32CubeIDE.app/Contents/Eclipse/plugins/com.st.stm32cube.ide.mcu.externaltools.gnu-tools-for-stm32.11.3.rel1.macos64_1.1.0.202305231506/tools/bin/../lib/gcc/arm-none-eabi/11.3.1/../../../../arm-none-eabi/lib/thumb/v7e-m+dp/hard/libc_nano.a(libc_a-mlock.o)
                0x000000000800c484                __malloc_lock
 .text.__malloc_unlock
                0x000000000800c490        0xc /Applications/STM32CubeIDE.app/Contents/Eclipse/plugins/com.st.stm32cube.ide.mcu.externaltools.gnu-tools-for-stm32.11.3.rel1.macos64_1.1.0.202305231506/tools/bin/../lib/gcc/arm-none-eabi/11.3.1/../../../../arm-none-eabi/lib/thumb/v7e-m+dp/hard/libc_nano.a(libc_a-mlock.o)
                0x000000000800c490                __malloc_unlock
 .text.sprintf  0x000000000800c49c       0x40 /Applications/STM32CubeIDE.app/Contents/Eclipse/plugins/com.st.stm32cube.ide.mcu.externaltools.gnu-tools-for-stm32.11.3.rel1.macos64_1.1.0.202305231506/tools/bin/../lib/gcc/arm-none-eabi/11.3.1/../../../../arm-none-eabi/lib/thumb/v7e-m+dp/hard/libc_nano.a(libc_a-sprintf.o)
                0x000000000800c49c                sprintf
                0x000000000800c49c                siprintf
 .text.srand    0x000000000800c4dc       0x5c /Applications/STM32CubeIDE.app/Contents/Eclipse/plugins/com.st.stm32cube.ide.mcu.externaltools.gnu-tools-for-stm32.11.3.rel1.macos64_1.1.0.202305231506/tools/bin/../lib/gcc/arm-none-eabi/11.3.1/../../../../arm-none-eabi/lib/thumb/v7e-m+dp/hard/libc_nano.a(libc_a-rand.o)
                0x000000000800c4dc                srand
 .text.rand     0x000000000800c538       0x7c /Applications/STM32CubeIDE.app/Contents/Eclipse/plugins/com.st.stm32cube.ide.mcu.externaltools.gnu-tools-for-stm32.11.3.rel1.macos64_1.1.0.202305231506/tools/bin/../lib/gcc/arm-none-eabi/11.3.1/../../../../arm-none-eabi/lib/thumb/v7e-m+dp/hard/libc_nano.a(libc_a-rand.o)
                0x000000000800c538                rand
 .text.std      0x000000000800c5b4       0x48 /Applications/STM32CubeIDE.app/Contents/Eclipse/plugins/com.st.stm32cube.ide.mcu.externaltools.gnu-tools-for-stm32.11.3.rel1.macos64_1.1.0.202305231506/tools/bin/../lib/gcc/arm-none-eabi/11.3.1/../../../../arm-none-eabi/lib/thumb/v7e-m+dp/hard/libc_nano.a(libc_a-findfp.o)
 .text.stdio_exit_handler
                0x000000000800c5fc       0x18 /Applications/STM32CubeIDE.app/Contents/Eclipse/plugins/com.st.stm32cube.ide.mcu.externaltools.gnu-tools-for-stm32.11.3.rel1.macos64_1.1.0.202305231506/tools/bin/../lib/gcc/arm-none-eabi/11.3.1/../../../../arm-none-eabi/lib/thumb/v7e-m+dp/hard/libc_nano.a(libc_a-findfp.o)
 .text.cleanup_stdio
                0x000000000800c614       0x40 /Applications/STM32CubeIDE.app/Contents/Eclipse/plugins/com.st.stm32cube.ide.mcu.externaltools.gnu-tools-for-stm32.11.3.rel1.macos64_1.1.0.202305231506/tools/bin/../lib/gcc/arm-none-eabi/11.3.1/../../../../arm-none-eabi/lib/thumb/v7e-m+dp/hard/libc_nano.a(libc_a-findfp.o)
 .text.global_stdio_init.part.0
                0x000000000800c654       0x3c /Applications/STM32CubeIDE.app/Contents/Eclipse/plugins/com.st.stm32cube.ide.mcu.externaltools.gnu-tools-for-stm32.11.3.rel1.macos64_1.1.0.202305231506/tools/bin/../lib/gcc/arm-none-eabi/11.3.1/../../../../arm-none-eabi/lib/thumb/v7e-m+dp/hard/libc_nano.a(libc_a-findfp.o)
 .text.__sfp_lock_acquire
                0x000000000800c690        0xc /Applications/STM32CubeIDE.app/Contents/Eclipse/plugins/com.st.stm32cube.ide.mcu.externaltools.gnu-tools-for-stm32.11.3.rel1.macos64_1.1.0.202305231506/tools/bin/../lib/gcc/arm-none-eabi/11.3.1/../../../../arm-none-eabi/lib/thumb/v7e-m+dp/hard/libc_nano.a(libc_a-findfp.o)
                0x000000000800c690                __sfp_lock_acquire
 .text.__sfp_lock_release
                0x000000000800c69c        0xc /Applications/STM32CubeIDE.app/Contents/Eclipse/plugins/com.st.stm32cube.ide.mcu.externaltools.gnu-tools-for-stm32.11.3.rel1.macos64_1.1.0.202305231506/tools/bin/../lib/gcc/arm-none-eabi/11.3.1/../../../../arm-none-eabi/lib/thumb/v7e-m+dp/hard/libc_nano.a(libc_a-findfp.o)
                0x000000000800c69c                __sfp_lock_release
 .text.__sinit  0x000000000800c6a8       0x30 /Applications/STM32CubeIDE.app/Contents/Eclipse/plugins/com.st.stm32cube.ide.mcu.externaltools.gnu-tools-for-stm32.11.3.rel1.macos64_1.1.0.202305231506/tools/bin/../lib/gcc/arm-none-eabi/11.3.1/../../../../arm-none-eabi/lib/thumb/v7e-m+dp/hard/libc_nano.a(libc_a-findfp.o)
                0x000000000800c6a8                __sinit
 .text._fwalk_sglue
                0x000000000800c6d8       0x3c /Applications/STM32CubeIDE.app/Contents/Eclipse/plugins/com.st.stm32cube.ide.mcu.externaltools.gnu-tools-for-stm32.11.3.rel1.macos64_1.1.0.202305231506/tools/bin/../lib/gcc/arm-none-eabi/11.3.1/../../../../arm-none-eabi/lib/thumb/v7e-m+dp/hard/libc_nano.a(libc_a-fwalk.o)
                0x000000000800c6d8                _fwalk_sglue
 .text.memset   0x000000000800c714       0x10 /Applications/STM32CubeIDE.app/Contents/Eclipse/plugins/com.st.stm32cube.ide.mcu.externaltools.gnu-tools-for-stm32.11.3.rel1.macos64_1.1.0.202305231506/tools/bin/../lib/gcc/arm-none-eabi/11.3.1/../../../../arm-none-eabi/lib/thumb/v7e-m+dp/hard/libc_nano.a(libc_a-memset.o)
                0x000000000800c714                memset
 .text._localeconv_r
                0x000000000800c724        0x8 /Applications/STM32CubeIDE.app/Contents/Eclipse/plugins/com.st.stm32cube.ide.mcu.externaltools.gnu-tools-for-stm32.11.3.rel1.macos64_1.1.0.202305231506/tools/bin/../lib/gcc/arm-none-eabi/11.3.1/../../../../arm-none-eabi/lib/thumb/v7e-m+dp/hard/libc_nano.a(libc_a-localeconv.o)
                0x000000000800c724                _localeconv_r
 .text._sbrk_r  0x000000000800c72c       0x20 /Applications/STM32CubeIDE.app/Contents/Eclipse/plugins/com.st.stm32cube.ide.mcu.externaltools.gnu-tools-for-stm32.11.3.rel1.macos64_1.1.0.202305231506/tools/bin/../lib/gcc/arm-none-eabi/11.3.1/../../../../arm-none-eabi/lib/thumb/v7e-m+dp/hard/libc_nano.a(libc_a-sbrkr.o)
                0x000000000800c72c                _sbrk_r
 .text.__errno  0x000000000800c74c        0xc /Applications/STM32CubeIDE.app/Contents/Eclipse/plugins/com.st.stm32cube.ide.mcu.externaltools.gnu-tools-for-stm32.11.3.rel1.macos64_1.1.0.202305231506/tools/bin/../lib/gcc/arm-none-eabi/11.3.1/../../../../arm-none-eabi/lib/thumb/v7e-m+dp/hard/libc_nano.a(libc_a-errno.o)
                0x000000000800c74c                __errno
 .text.__libc_init_array
                0x000000000800c758       0x48 /Applications/STM32CubeIDE.app/Contents/Eclipse/plugins/com.st.stm32cube.ide.mcu.externaltools.gnu-tools-for-stm32.11.3.rel1.macos64_1.1.0.202305231506/tools/bin/../lib/gcc/arm-none-eabi/11.3.1/../../../../arm-none-eabi/lib/thumb/v7e-m+dp/hard/libc_nano.a(libc_a-init.o)
                0x000000000800c758                __libc_init_array
 .text.__retarget_lock_acquire_recursive
                0x000000000800c7a0        0x2 /Applications/STM32CubeIDE.app/Contents/Eclipse/plugins/com.st.stm32cube.ide.mcu.externaltools.gnu-tools-for-stm32.11.3.rel1.macos64_1.1.0.202305231506/tools/bin/../lib/gcc/arm-none-eabi/11.3.1/../../../../arm-none-eabi/lib/thumb/v7e-m+dp/hard/libc_nano.a(libc_a-lock.o)
                0x000000000800c7a0                __retarget_lock_acquire_recursive
 .text.__retarget_lock_release_recursive
                0x000000000800c7a2        0x2 /Applications/STM32CubeIDE.app/Contents/Eclipse/plugins/com.st.stm32cube.ide.mcu.externaltools.gnu-tools-for-stm32.11.3.rel1.macos64_1.1.0.202305231506/tools/bin/../lib/gcc/arm-none-eabi/11.3.1/../../../../arm-none-eabi/lib/thumb/v7e-m+dp/hard/libc_nano.a(libc_a-lock.o)
                0x000000000800c7a2                __retarget_lock_release_recursive
 .text.memcpy   0x000000000800c7a4       0x1c /Applications/STM32CubeIDE.app/Contents/Eclipse/plugins/com.st.stm32cube.ide.mcu.externaltools.gnu-tools-for-stm32.11.3.rel1.macos64_1.1.0.202305231506/tools/bin/../lib/gcc/arm-none-eabi/11.3.1/../../../../arm-none-eabi/lib/thumb/v7e-m+dp/hard/libc_nano.a(libc_a-memcpy-stub.o)
                0x000000000800c7a4                memcpy
 .text.__assert_func
                0x000000000800c7c0       0x3c /Applications/STM32CubeIDE.app/Contents/Eclipse/plugins/com.st.stm32cube.ide.mcu.externaltools.gnu-tools-for-stm32.11.3.rel1.macos64_1.1.0.202305231506/tools/bin/../lib/gcc/arm-none-eabi/11.3.1/../../../../arm-none-eabi/lib/thumb/v7e-m+dp/hard/libc_nano.a(libc_a-assert.o)
                0x000000000800c7c0                __assert_func
 .text.quorem   0x000000000800c7fc      0x110 /Applications/STM32CubeIDE.app/Contents/Eclipse/plugins/com.st.stm32cube.ide.mcu.externaltools.gnu-tools-for-stm32.11.3.rel1.macos64_1.1.0.202305231506/tools/bin/../lib/gcc/arm-none-eabi/11.3.1/../../../../arm-none-eabi/lib/thumb/v7e-m+dp/hard/libc_nano.a(libc_a-dtoa.o)
 *fill*         0x000000000800c90c        0x4 
 .text._dtoa_r  0x000000000800c910      0xad8 /Applications/STM32CubeIDE.app/Contents/Eclipse/plugins/com.st.stm32cube.ide.mcu.externaltools.gnu-tools-for-stm32.11.3.rel1.macos64_1.1.0.202305231506/tools/bin/../lib/gcc/arm-none-eabi/11.3.1/../../../../arm-none-eabi/lib/thumb/v7e-m+dp/hard/libc_nano.a(libc_a-dtoa.o)
                0x000000000800c910                _dtoa_r
 .text._free_r  0x000000000800d3e8       0x98 /Applications/STM32CubeIDE.app/Contents/Eclipse/plugins/com.st.stm32cube.ide.mcu.externaltools.gnu-tools-for-stm32.11.3.rel1.macos64_1.1.0.202305231506/tools/bin/../lib/gcc/arm-none-eabi/11.3.1/../../../../arm-none-eabi/lib/thumb/v7e-m+dp/hard/libc_nano.a(libc_a-freer.o)
                0x000000000800d3e8                _free_r
 .text.__ssputs_r
                0x000000000800d480       0xb4 /Applications/STM32CubeIDE.app/Contents/Eclipse/plugins/com.st.stm32cube.ide.mcu.externaltools.gnu-tools-for-stm32.11.3.rel1.macos64_1.1.0.202305231506/tools/bin/../lib/gcc/arm-none-eabi/11.3.1/../../../../arm-none-eabi/lib/thumb/v7e-m+dp/hard/libc_nano.a(libc_a-nano-svfprintf.o)
                0x000000000800d480                __ssputs_r
 .text._svfprintf_r
                0x000000000800d534      0x1fc /Applications/STM32CubeIDE.app/Contents/Eclipse/plugins/com.st.stm32cube.ide.mcu.externaltools.gnu-tools-for-stm32.11.3.rel1.macos64_1.1.0.202305231506/tools/bin/../lib/gcc/arm-none-eabi/11.3.1/../../../../arm-none-eabi/lib/thumb/v7e-m+dp/hard/libc_nano.a(libc_a-nano-svfprintf.o)
                0x000000000800d534                _svfprintf_r
                0x000000000800d534                _svfiprintf_r
 .text.__sflush_r
                0x000000000800d730      0x10c /Applications/STM32CubeIDE.app/Contents/Eclipse/plugins/com.st.stm32cube.ide.mcu.externaltools.gnu-tools-for-stm32.11.3.rel1.macos64_1.1.0.202305231506/tools/bin/../lib/gcc/arm-none-eabi/11.3.1/../../../../arm-none-eabi/lib/thumb/v7e-m+dp/hard/libc_nano.a(libc_a-fflush.o)
                0x000000000800d730                __sflush_r
 .text._fflush_r
                0x000000000800d83c       0x50 /Applications/STM32CubeIDE.app/Contents/Eclipse/plugins/com.st.stm32cube.ide.mcu.externaltools.gnu-tools-for-stm32.11.3.rel1.macos64_1.1.0.202305231506/tools/bin/../lib/gcc/arm-none-eabi/11.3.1/../../../../arm-none-eabi/lib/thumb/v7e-m+dp/hard/libc_nano.a(libc_a-fflush.o)
                0x000000000800d83c                _fflush_r
 .text._Balloc  0x000000000800d88c       0x80 /Applications/STM32CubeIDE.app/Contents/Eclipse/plugins/com.st.stm32cube.ide.mcu.externaltools.gnu-tools-for-stm32.11.3.rel1.macos64_1.1.0.202305231506/tools/bin/../lib/gcc/arm-none-eabi/11.3.1/../../../../arm-none-eabi/lib/thumb/v7e-m+dp/hard/libc_nano.a(libc_a-mprec.o)
                0x000000000800d88c                _Balloc
 .text._Bfree   0x000000000800d90c       0x44 /Applications/STM32CubeIDE.app/Contents/Eclipse/plugins/com.st.stm32cube.ide.mcu.externaltools.gnu-tools-for-stm32.11.3.rel1.macos64_1.1.0.202305231506/tools/bin/../lib/gcc/arm-none-eabi/11.3.1/../../../../arm-none-eabi/lib/thumb/v7e-m+dp/hard/libc_nano.a(libc_a-mprec.o)
                0x000000000800d90c                _Bfree
 .text.__multadd
                0x000000000800d950       0x8c /Applications/STM32CubeIDE.app/Contents/Eclipse/plugins/com.st.stm32cube.ide.mcu.externaltools.gnu-tools-for-stm32.11.3.rel1.macos64_1.1.0.202305231506/tools/bin/../lib/gcc/arm-none-eabi/11.3.1/../../../../arm-none-eabi/lib/thumb/v7e-m+dp/hard/libc_nano.a(libc_a-mprec.o)
                0x000000000800d950                __multadd
 .text.__hi0bits
                0x000000000800d9dc       0x40 /Applications/STM32CubeIDE.app/Contents/Eclipse/plugins/com.st.stm32cube.ide.mcu.externaltools.gnu-tools-for-stm32.11.3.rel1.macos64_1.1.0.202305231506/tools/bin/../lib/gcc/arm-none-eabi/11.3.1/../../../../arm-none-eabi/lib/thumb/v7e-m+dp/hard/libc_nano.a(libc_a-mprec.o)
                0x000000000800d9dc                __hi0bits
 .text.__lo0bits
                0x000000000800da1c       0x5a /Applications/STM32CubeIDE.app/Contents/Eclipse/plugins/com.st.stm32cube.ide.mcu.externaltools.gnu-tools-for-stm32.11.3.rel1.macos64_1.1.0.202305231506/tools/bin/../lib/gcc/arm-none-eabi/11.3.1/../../../../arm-none-eabi/lib/thumb/v7e-m+dp/hard/libc_nano.a(libc_a-mprec.o)
                0x000000000800da1c                __lo0bits
 *fill*         0x000000000800da76        0x2 
 .text.__i2b    0x000000000800da78       0x2c /Applications/STM32CubeIDE.app/Contents/Eclipse/plugins/com.st.stm32cube.ide.mcu.externaltools.gnu-tools-for-stm32.11.3.rel1.macos64_1.1.0.202305231506/tools/bin/../lib/gcc/arm-none-eabi/11.3.1/../../../../arm-none-eabi/lib/thumb/v7e-m+dp/hard/libc_nano.a(libc_a-mprec.o)
                0x000000000800da78                __i2b
 .text.__multiply
                0x000000000800daa4      0x154 /Applications/STM32CubeIDE.app/Contents/Eclipse/plugins/com.st.stm32cube.ide.mcu.externaltools.gnu-tools-for-stm32.11.3.rel1.macos64_1.1.0.202305231506/tools/bin/../lib/gcc/arm-none-eabi/11.3.1/../../../../arm-none-eabi/lib/thumb/v7e-m+dp/hard/libc_nano.a(libc_a-mprec.o)
                0x000000000800daa4                __multiply
 .text.__pow5mult
                0x000000000800dbf8       0xb4 /Applications/STM32CubeIDE.app/Contents/Eclipse/plugins/com.st.stm32cube.ide.mcu.externaltools.gnu-tools-for-stm32.11.3.rel1.macos64_1.1.0.202305231506/tools/bin/../lib/gcc/arm-none-eabi/11.3.1/../../../../arm-none-eabi/lib/thumb/v7e-m+dp/hard/libc_nano.a(libc_a-mprec.o)
                0x000000000800dbf8                __pow5mult
 .text.__lshift
                0x000000000800dcac       0xd8 /Applications/STM32CubeIDE.app/Contents/Eclipse/plugins/com.st.stm32cube.ide.mcu.externaltools.gnu-tools-for-stm32.11.3.rel1.macos64_1.1.0.202305231506/tools/bin/../lib/gcc/arm-none-eabi/11.3.1/../../../../arm-none-eabi/lib/thumb/v7e-m+dp/hard/libc_nano.a(libc_a-mprec.o)
                0x000000000800dcac                __lshift
 .text.__mcmp   0x000000000800dd84       0x38 /Applications/STM32CubeIDE.app/Contents/Eclipse/plugins/com.st.stm32cube.ide.mcu.externaltools.gnu-tools-for-stm32.11.3.rel1.macos64_1.1.0.202305231506/tools/bin/../lib/gcc/arm-none-eabi/11.3.1/../../../../arm-none-eabi/lib/thumb/v7e-m+dp/hard/libc_nano.a(libc_a-mprec.o)
                0x000000000800dd84                __mcmp
 .text.__mdiff  0x000000000800ddbc      0x114 /Applications/STM32CubeIDE.app/Contents/Eclipse/plugins/com.st.stm32cube.ide.mcu.externaltools.gnu-tools-for-stm32.11.3.rel1.macos64_1.1.0.202305231506/tools/bin/../lib/gcc/arm-none-eabi/11.3.1/../../../../arm-none-eabi/lib/thumb/v7e-m+dp/hard/libc_nano.a(libc_a-mprec.o)
                0x000000000800ddbc                __mdiff
 .text.__d2b    0x000000000800ded0       0xb4 /Applications/STM32CubeIDE.app/Contents/Eclipse/plugins/com.st.stm32cube.ide.mcu.externaltools.gnu-tools-for-stm32.11.3.rel1.macos64_1.1.0.202305231506/tools/bin/../lib/gcc/arm-none-eabi/11.3.1/../../../../arm-none-eabi/lib/thumb/v7e-m+dp/hard/libc_nano.a(libc_a-mprec.o)
                0x000000000800ded0                __d2b
 .text.__sread  0x000000000800df84       0x22 /Applications/STM32CubeIDE.app/Contents/Eclipse/plugins/com.st.stm32cube.ide.mcu.externaltools.gnu-tools-for-stm32.11.3.rel1.macos64_1.1.0.202305231506/tools/bin/../lib/gcc/arm-none-eabi/11.3.1/../../../../arm-none-eabi/lib/thumb/v7e-m+dp/hard/libc_nano.a(libc_a-stdio.o)
                0x000000000800df84                __sread
 .text.__swrite
                0x000000000800dfa6       0x38 /Applications/STM32CubeIDE.app/Contents/Eclipse/plugins/com.st.stm32cube.ide.mcu.externaltools.gnu-tools-for-stm32.11.3.rel1.macos64_1.1.0.202305231506/tools/bin/../lib/gcc/arm-none-eabi/11.3.1/../../../../arm-none-eabi/lib/thumb/v7e-m+dp/hard/libc_nano.a(libc_a-stdio.o)
                0x000000000800dfa6                __swrite
 .text.__sseek  0x000000000800dfde       0x24 /Applications/STM32CubeIDE.app/Contents/Eclipse/plugins/com.st.stm32cube.ide.mcu.externaltools.gnu-tools-for-stm32.11.3.rel1.macos64_1.1.0.202305231506/tools/bin/../lib/gcc/arm-none-eabi/11.3.1/../../../../arm-none-eabi/lib/thumb/v7e-m+dp/hard/libc_nano.a(libc_a-stdio.o)
                0x000000000800dfde                __sseek
 .text.__sclose
                0x000000000800e002        0x8 /Applications/STM32CubeIDE.app/Contents/Eclipse/plugins/com.st.stm32cube.ide.mcu.externaltools.gnu-tools-for-stm32.11.3.rel1.macos64_1.1.0.202305231506/tools/bin/../lib/gcc/arm-none-eabi/11.3.1/../../../../arm-none-eabi/lib/thumb/v7e-m+dp/hard/libc_nano.a(libc_a-stdio.o)
                0x000000000800e002                __sclose
 *fill*         0x000000000800e00a        0x2 
 .text.fprintf  0x000000000800e00c       0x24 /Applications/STM32CubeIDE.app/Contents/Eclipse/plugins/com.st.stm32cube.ide.mcu.externaltools.gnu-tools-for-stm32.11.3.rel1.macos64_1.1.0.202305231506/tools/bin/../lib/gcc/arm-none-eabi/11.3.1/../../../../arm-none-eabi/lib/thumb/v7e-m+dp/hard/libc_nano.a(libc_a-fprintf.o)
                0x000000000800e00c                fprintf
                0x000000000800e00c                fiprintf
 .text._realloc_r
                0x000000000800e030       0x5e /Applications/STM32CubeIDE.app/Contents/Eclipse/plugins/com.st.stm32cube.ide.mcu.externaltools.gnu-tools-for-stm32.11.3.rel1.macos64_1.1.0.202305231506/tools/bin/../lib/gcc/arm-none-eabi/11.3.1/../../../../arm-none-eabi/lib/thumb/v7e-m+dp/hard/libc_nano.a(libc_a-reallocr.o)
                0x000000000800e030                _realloc_r
 .text.memmove  0x000000000800e08e       0x34 /Applications/STM32CubeIDE.app/Contents/Eclipse/plugins/com.st.stm32cube.ide.mcu.externaltools.gnu-tools-for-stm32.11.3.rel1.macos64_1.1.0.202305231506/tools/bin/../lib/gcc/arm-none-eabi/11.3.1/../../../../arm-none-eabi/lib/thumb/v7e-m+dp/hard/libc_nano.a(libc_a-memmove.o)
                0x000000000800e08e                memmove
 *fill*         0x000000000800e0c2        0x2 
 .text._close_r
                0x000000000800e0c4       0x20 /Applications/STM32CubeIDE.app/Contents/Eclipse/plugins/com.st.stm32cube.ide.mcu.externaltools.gnu-tools-for-stm32.11.3.rel1.macos64_1.1.0.202305231506/tools/bin/../lib/gcc/arm-none-eabi/11.3.1/../../../../arm-none-eabi/lib/thumb/v7e-m+dp/hard/libc_nano.a(libc_a-closer.o)
                0x000000000800e0c4                _close_r
 .text._lseek_r
                0x000000000800e0e4       0x24 /Applications/STM32CubeIDE.app/Contents/Eclipse/plugins/com.st.stm32cube.ide.mcu.externaltools.gnu-tools-for-stm32.11.3.rel1.macos64_1.1.0.202305231506/tools/bin/../lib/gcc/arm-none-eabi/11.3.1/../../../../arm-none-eabi/lib/thumb/v7e-m+dp/hard/libc_nano.a(libc_a-lseekr.o)
                0x000000000800e0e4                _lseek_r
 .text._read_r  0x000000000800e108       0x24 /Applications/STM32CubeIDE.app/Contents/Eclipse/plugins/com.st.stm32cube.ide.mcu.externaltools.gnu-tools-for-stm32.11.3.rel1.macos64_1.1.0.202305231506/tools/bin/../lib/gcc/arm-none-eabi/11.3.1/../../../../arm-none-eabi/lib/thumb/v7e-m+dp/hard/libc_nano.a(libc_a-readr.o)
                0x000000000800e108                _read_r
 .text._write_r
                0x000000000800e12c       0x24 /Applications/STM32CubeIDE.app/Contents/Eclipse/plugins/com.st.stm32cube.ide.mcu.externaltools.gnu-tools-for-stm32.11.3.rel1.macos64_1.1.0.202305231506/tools/bin/../lib/gcc/arm-none-eabi/11.3.1/../../../../arm-none-eabi/lib/thumb/v7e-m+dp/hard/libc_nano.a(libc_a-writer.o)
                0x000000000800e12c                _write_r
 .text.abort    0x000000000800e150        0xe /Applications/STM32CubeIDE.app/Contents/Eclipse/plugins/com.st.stm32cube.ide.mcu.externaltools.gnu-tools-for-stm32.11.3.rel1.macos64_1.1.0.202305231506/tools/bin/../lib/gcc/arm-none-eabi/11.3.1/../../../../arm-none-eabi/lib/thumb/v7e-m+dp/hard/libc_nano.a(libc_a-abort.o)
                0x000000000800e150                abort
 .text.__sfputc_r
                0x000000000800e15e       0x2e /Applications/STM32CubeIDE.app/Contents/Eclipse/plugins/com.st.stm32cube.ide.mcu.externaltools.gnu-tools-for-stm32.11.3.rel1.macos64_1.1.0.202305231506/tools/bin/../lib/gcc/arm-none-eabi/11.3.1/../../../../arm-none-eabi/lib/thumb/v7e-m+dp/hard/libc_nano.a(libc_a-nano-vfprintf.o)
 .text.__sfputs_r
                0x000000000800e18c       0x24 /Applications/STM32CubeIDE.app/Contents/Eclipse/plugins/com.st.stm32cube.ide.mcu.externaltools.gnu-tools-for-stm32.11.3.rel1.macos64_1.1.0.202305231506/tools/bin/../lib/gcc/arm-none-eabi/11.3.1/../../../../arm-none-eabi/lib/thumb/v7e-m+dp/hard/libc_nano.a(libc_a-nano-vfprintf.o)
                0x000000000800e18c                __sfputs_r
 .text._vfprintf_r
                0x000000000800e1b0      0x234 /Applications/STM32CubeIDE.app/Contents/Eclipse/plugins/com.st.stm32cube.ide.mcu.externaltools.gnu-tools-for-stm32.11.3.rel1.macos64_1.1.0.202305231506/tools/bin/../lib/gcc/arm-none-eabi/11.3.1/../../../../arm-none-eabi/lib/thumb/v7e-m+dp/hard/libc_nano.a(libc_a-nano-vfprintf.o)
                0x000000000800e1b0                _vfiprintf_r
                0x000000000800e1b0                _vfprintf_r
 .text.__ascii_mbtowc
                0x000000000800e3e4       0x24 /Applications/STM32CubeIDE.app/Contents/Eclipse/plugins/com.st.stm32cube.ide.mcu.externaltools.gnu-tools-for-stm32.11.3.rel1.macos64_1.1.0.202305231506/tools/bin/../lib/gcc/arm-none-eabi/11.3.1/../../../../arm-none-eabi/lib/thumb/v7e-m+dp/hard/libc_nano.a(libc_a-mbtowc_r.o)
                0x000000000800e3e4                __ascii_mbtowc
 .text._malloc_usable_size_r
                0x000000000800e408       0x10 /Applications/STM32CubeIDE.app/Contents/Eclipse/plugins/com.st.stm32cube.ide.mcu.externaltools.gnu-tools-for-stm32.11.3.rel1.macos64_1.1.0.202305231506/tools/bin/../lib/gcc/arm-none-eabi/11.3.1/../../../../arm-none-eabi/lib/thumb/v7e-m+dp/hard/libc_nano.a(libc_a-msizer.o)
                0x000000000800e408                _malloc_usable_size_r
 .text.__swbuf_r
                0x000000000800e418       0x7a /Applications/STM32CubeIDE.app/Contents/Eclipse/plugins/com.st.stm32cube.ide.mcu.externaltools.gnu-tools-for-stm32.11.3.rel1.macos64_1.1.0.202305231506/tools/bin/../lib/gcc/arm-none-eabi/11.3.1/../../../../arm-none-eabi/lib/thumb/v7e-m+dp/hard/libc_nano.a(libc_a-wbuf.o)
                0x000000000800e418                __swbuf_r
 *fill*         0x000000000800e492        0x2 
 .text.__swsetup_r
                0x000000000800e494       0xb0 /Applications/STM32CubeIDE.app/Contents/Eclipse/plugins/com.st.stm32cube.ide.mcu.externaltools.gnu-tools-for-stm32.11.3.rel1.macos64_1.1.0.202305231506/tools/bin/../lib/gcc/arm-none-eabi/11.3.1/../../../../arm-none-eabi/lib/thumb/v7e-m+dp/hard/libc_nano.a(libc_a-wsetup.o)
                0x000000000800e494                __swsetup_r
 .text.__ascii_wctomb
                0x000000000800e544       0x1a /Applications/STM32CubeIDE.app/Contents/Eclipse/plugins/com.st.stm32cube.ide.mcu.externaltools.gnu-tools-for-stm32.11.3.rel1.macos64_1.1.0.202305231506/tools/bin/../lib/gcc/arm-none-eabi/11.3.1/../../../../arm-none-eabi/lib/thumb/v7e-m+dp/hard/libc_nano.a(libc_a-wctomb_r.o)
                0x000000000800e544                __ascii_wctomb
 .text.__swhatbuf_r
                0x000000000800e55e       0x4c /Applications/STM32CubeIDE.app/Contents/Eclipse/plugins/com.st.stm32cube.ide.mcu.externaltools.gnu-tools-for-stm32.11.3.rel1.macos64_1.1.0.202305231506/tools/bin/../lib/gcc/arm-none-eabi/11.3.1/../../../../arm-none-eabi/lib/thumb/v7e-m+dp/hard/libc_nano.a(libc_a-makebuf.o)
                0x000000000800e55e                __swhatbuf_r
 .text.__smakebuf_r
                0x000000000800e5aa       0x78 /Applications/STM32CubeIDE.app/Contents/Eclipse/plugins/com.st.stm32cube.ide.mcu.externaltools.gnu-tools-for-stm32.11.3.rel1.macos64_1.1.0.202305231506/tools/bin/../lib/gcc/arm-none-eabi/11.3.1/../../../../arm-none-eabi/lib/thumb/v7e-m+dp/hard/libc_nano.a(libc_a-makebuf.o)
                0x000000000800e5aa                __smakebuf_r
 *fill*         0x000000000800e622        0x2 
 .text._fstat_r
                0x000000000800e624       0x24 /Applications/STM32CubeIDE.app/Contents/Eclipse/plugins/com.st.stm32cube.ide.mcu.externaltools.gnu-tools-for-stm32.11.3.rel1.macos64_1.1.0.202305231506/tools/bin/../lib/gcc/arm-none-eabi/11.3.1/../../../../arm-none-eabi/lib/thumb/v7e-m+dp/hard/libc_nano.a(libc_a-fstatr.o)
                0x000000000800e624                _fstat_r
 .text._isatty_r
                0x000000000800e648       0x20 /Applications/STM32CubeIDE.app/Contents/Eclipse/plugins/com.st.stm32cube.ide.mcu.externaltools.gnu-tools-for-stm32.11.3.rel1.macos64_1.1.0.202305231506/tools/bin/../lib/gcc/arm-none-eabi/11.3.1/../../../../arm-none-eabi/lib/thumb/v7e-m+dp/hard/libc_nano.a(libc_a-isattyr.o)
                0x000000000800e648                _isatty_r
 .text._raise_r
                0x000000000800e668       0x50 /Applications/STM32CubeIDE.app/Contents/Eclipse/plugins/com.st.stm32cube.ide.mcu.externaltools.gnu-tools-for-stm32.11.3.rel1.macos64_1.1.0.202305231506/tools/bin/../lib/gcc/arm-none-eabi/11.3.1/../../../../arm-none-eabi/lib/thumb/v7e-m+dp/hard/libc_nano.a(libc_a-signal.o)
                0x000000000800e668                _raise_r
 .text.raise    0x000000000800e6b8       0x10 /Applications/STM32CubeIDE.app/Contents/Eclipse/plugins/com.st.stm32cube.ide.mcu.externaltools.gnu-tools-for-stm32.11.3.rel1.macos64_1.1.0.202305231506/tools/bin/../lib/gcc/arm-none-eabi/11.3.1/../../../../arm-none-eabi/lib/thumb/v7e-m+dp/hard/libc_nano.a(libc_a-signal.o)
                0x000000000800e6b8                raise
 .text._kill_r  0x000000000800e6c8       0x24 /Applications/STM32CubeIDE.app/Contents/Eclipse/plugins/com.st.stm32cube.ide.mcu.externaltools.gnu-tools-for-stm32.11.3.rel1.macos64_1.1.0.202305231506/tools/bin/../lib/gcc/arm-none-eabi/11.3.1/../../../../arm-none-eabi/lib/thumb/v7e-m+dp/hard/libc_nano.a(libc_a-signalr.o)
                0x000000000800e6c8                _kill_r
 .text._getpid_r
                0x000000000800e6ec        0x4 /Applications/STM32CubeIDE.app/Contents/Eclipse/plugins/com.st.stm32cube.ide.mcu.externaltools.gnu-tools-for-stm32.11.3.rel1.macos64_1.1.0.202305231506/tools/bin/../lib/gcc/arm-none-eabi/11.3.1/../../../../arm-none-eabi/lib/thumb/v7e-m+dp/hard/libc_nano.a(libc_a-signalr.o)
                0x000000000800e6ec                _getpid_r
 *(.glue_7)
 .glue_7        0x000000000800e6f0        0x0 linker stubs
 *(.glue_7t)
 .glue_7t       0x000000000800e6f0        0x0 linker stubs
 *(.eh_frame)
 .eh_frame      0x000000000800e6f0        0x0 /Applications/STM32CubeIDE.app/Contents/Eclipse/plugins/com.st.stm32cube.ide.mcu.externaltools.gnu-tools-for-stm32.11.3.rel1.macos64_1.1.0.202305231506/tools/bin/../lib/gcc/arm-none-eabi/11.3.1/thumb/v7e-m+dp/hard/crtbegin.o
 *(.init)
 .init          0x000000000800e6f0        0x4 /Applications/STM32CubeIDE.app/Contents/Eclipse/plugins/com.st.stm32cube.ide.mcu.externaltools.gnu-tools-for-stm32.11.3.rel1.macos64_1.1.0.202305231506/tools/bin/../lib/gcc/arm-none-eabi/11.3.1/thumb/v7e-m+dp/hard/crti.o
                0x000000000800e6f0                _init
 .init          0x000000000800e6f4        0x8 /Applications/STM32CubeIDE.app/Contents/Eclipse/plugins/com.st.stm32cube.ide.mcu.externaltools.gnu-tools-for-stm32.11.3.rel1.macos64_1.1.0.202305231506/tools/bin/../lib/gcc/arm-none-eabi/11.3.1/thumb/v7e-m+dp/hard/crtn.o
 *(.fini)
 .fini          0x000000000800e6fc        0x4 /Applications/STM32CubeIDE.app/Contents/Eclipse/plugins/com.st.stm32cube.ide.mcu.externaltools.gnu-tools-for-stm32.11.3.rel1.macos64_1.1.0.202305231506/tools/bin/../lib/gcc/arm-none-eabi/11.3.1/thumb/v7e-m+dp/hard/crti.o
                0x000000000800e6fc                _fini
 .fini          0x000000000800e700        0x8 /Applications/STM32CubeIDE.app/Contents/Eclipse/plugins/com.st.stm32cube.ide.mcu.externaltools.gnu-tools-for-stm32.11.3.rel1.macos64_1.1.0.202305231506/tools/bin/../lib/gcc/arm-none-eabi/11.3.1/thumb/v7e-m+dp/hard/crtn.o
                0x000000000800e708                . = ALIGN (0x4)
                0x000000000800e708                _etext = .

.vfp11_veneer   0x000000000800e708        0x0
 .vfp11_veneer  0x000000000800e708        0x0 linker stubs

.v4_bx          0x000000000800e708        0x0
 .v4_bx         0x000000000800e708        0x0 linker stubs

.iplt           0x000000000800e708        0x0
 .iplt          0x000000000800e708        0x0 /Applications/STM32CubeIDE.app/Contents/Eclipse/plugins/com.st.stm32cube.ide.mcu.externaltools.gnu-tools-for-stm32.11.3.rel1.macos64_1.1.0.202305231506/tools/bin/../lib/gcc/arm-none-eabi/11.3.1/thumb/v7e-m+dp/hard/crtbegin.o

.rodata         0x000000000800e708    0x81540
                0x000000000800e708                . = ALIGN (0x4)
 *(.rodata)
 .rodata        0x000000000800e708       0x6b ./Core/Src/gameUtility.o
 *fill*         0x000000000800e773        0x1 
 .rodata        0x000000000800e774       0xe4 ./Core/Src/main.o
 *(.rodata*)
 .rodata.playerImage1
                0x000000000800e858      0x200 ./Core/Src/icons.o
                0x000000000800e858                playerImage1
 .rodata.playerImage1Bomb
                0x000000000800ea58      0x200 ./Core/Src/icons.o
                0x000000000800ea58                playerImage1Bomb
 .rodata.playerImage2
                0x000000000800ec58      0x200 ./Core/Src/icons.o
                0x000000000800ec58                playerImage2
 .rodata.playerImage2Bomb
                0x000000000800ee58      0x200 ./Core/Src/icons.o
                0x000000000800ee58                playerImage2Bomb
 .rodata.playerImage3
                0x000000000800f058      0x200 ./Core/Src/icons.o
                0x000000000800f058                playerImage3
 .rodata.playerImage3Bomb
                0x000000000800f258      0x200 ./Core/Src/icons.o
                0x000000000800f258                playerImage3Bomb
 .rodata.playerImage4
                0x000000000800f458      0x200 ./Core/Src/icons.o
                0x000000000800f458                playerImage4
 .rodata.playerImage4Bomb
                0x000000000800f658      0x200 ./Core/Src/icons.o
                0x000000000800f658                playerImage4Bomb
 .rodata.playerImage5
                0x000000000800f858      0x200 ./Core/Src/icons.o
                0x000000000800f858                playerImage5
 .rodata.playerImage5Bomb
                0x000000000800fa58      0x200 ./Core/Src/icons.o
                0x000000000800fa58                playerImage5Bomb
 .rodata.playerImage1Yellow_32
                0x000000000800fc58      0x800 ./Core/Src/icons.o
                0x000000000800fc58                playerImage1Yellow_32
 .rodata.playerImage2Yellow_32
                0x0000000008010458      0x800 ./Core/Src/icons.o
                0x0000000008010458                playerImage2Yellow_32
 .rodata.playerImage3Yellow_32
                0x0000000008010c58      0x800 ./Core/Src/icons.o
                0x0000000008010c58                playerImage3Yellow_32
 .rodata.playerImage4Yellow_32
                0x0000000008011458      0x800 ./Core/Src/icons.o
                0x0000000008011458                playerImage4Yellow_32
 .rodata.playerImage5Yellow_32
                0x0000000008011c58      0x800 ./Core/Src/icons.o
                0x0000000008011c58                playerImage5Yellow_32
 .rodata.playerImage1Orange_32
                0x0000000008012458      0x800 ./Core/Src/icons.o
                0x0000000008012458                playerImage1Orange_32
 .rodata.playerImage2Orange_32
                0x0000000008012c58      0x800 ./Core/Src/icons.o
                0x0000000008012c58                playerImage2Orange_32
 .rodata.playerImage3Orange_32
                0x0000000008013458      0x800 ./Core/Src/icons.o
                0x0000000008013458                playerImage3Orange_32
 .rodata.playerImage4Orange_32
                0x0000000008013c58      0x800 ./Core/Src/icons.o
                0x0000000008013c58                playerImage4Orange_32
 .rodata.playerImage1White_56
                0x0000000008014458     0x1880 ./Core/Src/icons.o
                0x0000000008014458                playerImage1White_56
 .rodata.playerImage2White_56
                0x0000000008015cd8     0x1880 ./Core/Src/icons.o
                0x0000000008015cd8                playerImage2White_56
 .rodata.playerImage3White_56
                0x0000000008017558     0x1880 ./Core/Src/icons.o
                0x0000000008017558                playerImage3White_56
 .rodata.playerImage4White_56
                0x0000000008018dd8     0x1880 ./Core/Src/icons.o
                0x0000000008018dd8                playerImage4White_56
 .rodata.playerImage5White_56
                0x000000000801a658     0x1880 ./Core/Src/icons.o
                0x000000000801a658                playerImage5White_56
 .rodata.playerImage5Orange_32
                0x000000000801bed8      0x800 ./Core/Src/icons.o
                0x000000000801bed8                playerImage5Orange_32
 .rodata.playerImage1_112
                0x000000000801c6d8     0x6200 ./Core/Src/icons.o
                0x000000000801c6d8                playerImage1_112
 .rodata.playerImage2_112
                0x00000000080228d8     0x6200 ./Core/Src/icons.o
                0x00000000080228d8                playerImage2_112
 .rodata.playerImage3_112
                0x0000000008028ad8     0x6200 ./Core/Src/icons.o
                0x0000000008028ad8                playerImage3_112
 .rodata.playerImage4_112
                0x000000000802ecd8     0x6200 ./Core/Src/icons.o
                0x000000000802ecd8                playerImage4_112
 .rodata.playerImage5_112
                0x0000000008034ed8     0x6200 ./Core/Src/icons.o
                0x0000000008034ed8                playerImage5_112
 .rodata.bombImage_16
                0x000000000803b0d8      0x200 ./Core/Src/icons.o
                0x000000000803b0d8                bombImage_16
 .rodata.bombImage
                0x000000000803b2d8      0x200 ./Core/Src/icons.o
                0x000000000803b2d8                bombImage
 .rodata.shoeImage
                0x000000000803b4d8      0x200 ./Core/Src/icons.o
                0x000000000803b4d8                shoeImage
 .rodata.heartImage
                0x000000000803b6d8      0x200 ./Core/Src/icons.o
                0x000000000803b6d8                heartImage
 .rodata.potionImage
                0x000000000803b8d8      0x200 ./Core/Src/icons.o
                0x000000000803b8d8                potionImage
 .rodata.wallImage1
                0x000000000803bad8      0x200 ./Core/Src/icons.o
                0x000000000803bad8                wallImage1
 .rodata.wallImage2
                0x000000000803bcd8      0x200 ./Core/Src/icons.o
                0x000000000803bcd8                wallImage2
 .rodata.grassImage
                0x000000000803bed8      0x200 ./Core/Src/icons.o
                0x000000000803bed8                grassImage
 .rodata.addBombImage
                0x000000000803c0d8      0x200 ./Core/Src/icons.o
                0x000000000803c0d8                addBombImage
 .rodata.winPage
                0x000000000803c2d8    0x25800 ./Core/Src/icons.o
                0x000000000803c2d8                winPage
 .rodata.setting_1
                0x0000000008061ad8    0x25800 ./Core/Src/icons.o
                0x0000000008061ad8                setting_1
 .rodata.setting_2
                0x00000000080872d8     0x8340 ./Core/Src/icons.o
                0x00000000080872d8                setting_2
 .rodata.SCREEN_ROTATION
                0x000000000808f618        0x1 ./Core/Src/lcd.o
                0x000000000808f618                SCREEN_ROTATION
 *fill*         0x000000000808f619        0x3 
 .rodata.AHBPrescTable
                0x000000000808f61c       0x10 ./Core/Src/system_stm32f7xx.o
                0x000000000808f61c                AHBPrescTable
 .rodata.APBPrescTable
                0x000000000808f62c        0x8 ./Core/Src/system_stm32f7xx.o
                0x000000000808f62c                APBPrescTable
 .rodata.font   0x000000000808f634      0x240 ./Drivers/ILI9341/ILI9341_GFX.o
 .rodata.flagBitshiftOffset.0
                0x000000000808f874        0x8 ./Drivers/STM32F7xx_HAL_Driver/Src/stm32f7xx_hal_dma.o
 .rodata._printf_float.str1.1
                0x000000000808f87c       0x12 /Applications/STM32CubeIDE.app/Contents/Eclipse/plugins/com.st.stm32cube.ide.mcu.externaltools.gnu-tools-for-stm32.11.3.rel1.macos64_1.1.0.202305231506/tools/bin/../lib/gcc/arm-none-eabi/11.3.1/../../../../arm-none-eabi/lib/thumb/v7e-m+dp/hard/libc_nano.a(libc_a-nano-vfprintf_float.o)
 .rodata._printf_i.str1.1
                0x000000000808f88e       0x22 /Applications/STM32CubeIDE.app/Contents/Eclipse/plugins/com.st.stm32cube.ide.mcu.externaltools.gnu-tools-for-stm32.11.3.rel1.macos64_1.1.0.202305231506/tools/bin/../lib/gcc/arm-none-eabi/11.3.1/../../../../arm-none-eabi/lib/thumb/v7e-m+dp/hard/libc_nano.a(libc_a-nano-vfprintf_i.o)
 .rodata.srand.str1.1
                0x000000000808f8b0       0x6f /Applications/STM32CubeIDE.app/Contents/Eclipse/plugins/com.st.stm32cube.ide.mcu.externaltools.gnu-tools-for-stm32.11.3.rel1.macos64_1.1.0.202305231506/tools/bin/../lib/gcc/arm-none-eabi/11.3.1/../../../../arm-none-eabi/lib/thumb/v7e-m+dp/hard/libc_nano.a(libc_a-rand.o)
 .rodata.__assert_func.str1.1
                0x000000000808f91f       0x3c /Applications/STM32CubeIDE.app/Contents/Eclipse/plugins/com.st.stm32cube.ide.mcu.externaltools.gnu-tools-for-stm32.11.3.rel1.macos64_1.1.0.202305231506/tools/bin/../lib/gcc/arm-none-eabi/11.3.1/../../../../arm-none-eabi/lib/thumb/v7e-m+dp/hard/libc_nano.a(libc_a-assert.o)
                                         0x3d (size before relaxing)
 .rodata._dtoa_r.str1.1
                0x000000000808f95b       0x76 /Applications/STM32CubeIDE.app/Contents/Eclipse/plugins/com.st.stm32cube.ide.mcu.externaltools.gnu-tools-for-stm32.11.3.rel1.macos64_1.1.0.202305231506/tools/bin/../lib/gcc/arm-none-eabi/11.3.1/../../../../arm-none-eabi/lib/thumb/v7e-m+dp/hard/libc_nano.a(libc_a-dtoa.o)
                                         0x8f (size before relaxing)
 .rodata._svfprintf_r.str1.1
                0x000000000808f9d1       0x11 /Applications/STM32CubeIDE.app/Contents/Eclipse/plugins/com.st.stm32cube.ide.mcu.externaltools.gnu-tools-for-stm32.11.3.rel1.macos64_1.1.0.202305231506/tools/bin/../lib/gcc/arm-none-eabi/11.3.1/../../../../arm-none-eabi/lib/thumb/v7e-m+dp/hard/libc_nano.a(libc_a-nano-svfprintf.o)
 .rodata._Balloc.str1.1
                0x000000000808f9e2       0x59 /Applications/STM32CubeIDE.app/Contents/Eclipse/plugins/com.st.stm32cube.ide.mcu.externaltools.gnu-tools-for-stm32.11.3.rel1.macos64_1.1.0.202305231506/tools/bin/../lib/gcc/arm-none-eabi/11.3.1/../../../../arm-none-eabi/lib/thumb/v7e-m+dp/hard/libc_nano.a(libc_a-mprec.o)
                                         0x70 (size before relaxing)
 .rodata.__multadd.str1.1
                0x000000000808fa3b       0x11 /Applications/STM32CubeIDE.app/Contents/Eclipse/plugins/com.st.stm32cube.ide.mcu.externaltools.gnu-tools-for-stm32.11.3.rel1.macos64_1.1.0.202305231506/tools/bin/../lib/gcc/arm-none-eabi/11.3.1/../../../../arm-none-eabi/lib/thumb/v7e-m+dp/hard/libc_nano.a(libc_a-mprec.o)
 *fill*         0x000000000808fa3b        0x5 
 .rodata.__mprec_bigtens
                0x000000000808fa40       0x28 /Applications/STM32CubeIDE.app/Contents/Eclipse/plugins/com.st.stm32cube.ide.mcu.externaltools.gnu-tools-for-stm32.11.3.rel1.macos64_1.1.0.202305231506/tools/bin/../lib/gcc/arm-none-eabi/11.3.1/../../../../arm-none-eabi/lib/thumb/v7e-m+dp/hard/libc_nano.a(libc_a-mprec.o)
                0x000000000808fa40                __mprec_bigtens
 .rodata.__mprec_tens
                0x000000000808fa68       0xc8 /Applications/STM32CubeIDE.app/Contents/Eclipse/plugins/com.st.stm32cube.ide.mcu.externaltools.gnu-tools-for-stm32.11.3.rel1.macos64_1.1.0.202305231506/tools/bin/../lib/gcc/arm-none-eabi/11.3.1/../../../../arm-none-eabi/lib/thumb/v7e-m+dp/hard/libc_nano.a(libc_a-mprec.o)
                0x000000000808fa68                __mprec_tens