Archive member included to satisfy reference by file (symbol)

/Applications/STM32CubeIDE.app/Contents/Eclipse/plugins/com.st.stm32cube.ide.mcu.externaltools.gnu-tools-for-stm32.11.3.rel1.macos64_1.1.0.202305231506/tools/bin/../lib/gcc/arm-none-eabi/11.3.1/../../../../arm-none-eabi/lib/thumb/v7e-m+dp/hard/libc_nano.a(libc_a-calloc.o)
                              ./Core/Src/main.o (calloc)
/Applications/STM32CubeIDE.app/Contents/Eclipse/plugins/com.st.stm32cube.ide.mcu.externaltools.gnu-tools-for-stm32.11.3.rel1.macos64_1.1.0.202305231506/tools/bin/../lib/gcc/arm-none-eabi/11.3.1/../../../../arm-none-eabi/lib/thumb/v7e-m+dp/hard/libc_nano.a(libc_a-callocr.o)
                              /Applications/STM32CubeIDE.app/Contents/Eclipse/plugins/com.st.stm32cube.ide.mcu.externaltools.gnu-tools-for-stm32.11.3.rel1.macos64_1.1.0.202305231506/tools/bin/../lib/gcc/arm-none-eabi/11.3.1/../../../../arm-none-eabi/lib/thumb/v7e-m+dp/hard/libc_nano.a(libc_a-calloc.o) (_calloc_r)
/Applications/STM32CubeIDE.app/Contents/Eclipse/plugins/com.st.stm32cube.ide.mcu.externaltools.gnu-tools-for-stm32.11.3.rel1.macos64_1.1.0.202305231506/tools/bin/../lib/gcc/arm-none-eabi/11.3.1/../../../../arm-none-eabi/lib/thumb/v7e-m+dp/hard/libc_nano.a(libc_a-exit.o)
                              /Applications/STM32CubeIDE.app/Contents/Eclipse/plugins/com.st.stm32cube.ide.mcu.externaltools.gnu-tools-for-stm32.11.3.rel1.macos64_1.1.0.202305231506/tools/bin/../lib/gcc/arm-none-eabi/11.3.1/../../../../arm-none-eabi/lib/thumb/v7e-m+dp/hard/crt0.o (exit)
/Applications/STM32CubeIDE.app/Contents/Eclipse/plugins/com.st.stm32cube.ide.mcu.externaltools.gnu-tools-for-stm32.11.3.rel1.macos64_1.1.0.202305231506/tools/bin/../lib/gcc/arm-none-eabi/11.3.1/../../../../arm-none-eabi/lib/thumb/v7e-m+dp/hard/libc_nano.a(libc_a-nano-vfprintf_float.o)
                              (_printf_float)
/Applications/STM32CubeIDE.app/Contents/Eclipse/plugins/com.st.stm32cube.ide.mcu.externaltools.gnu-tools-for-stm32.11.3.rel1.macos64_1.1.0.202305231506/tools/bin/../lib/gcc/arm-none-eabi/11.3.1/../../../../arm-none-eabi/lib/thumb/v7e-m+dp/hard/libc_nano.a(libc_a-malloc.o)
                              ./Core/Src/gameUtility.o (malloc)
/Applications/STM32CubeIDE.app/Contents/Eclipse/plugins/com.st.stm32cube.ide.mcu.externaltools.gnu-tools-for-stm32.11.3.rel1.macos64_1.1.0.202305231506/tools/bin/../lib/gcc/arm-none-eabi/11.3.1/../../../../arm-none-eabi/lib/thumb/v7e-m+dp/hard/libc_nano.a(libc_a-mallocr.o)
                              /Applications/STM32CubeIDE.app/Contents/Eclipse/plugins/com.st.stm32cube.ide.mcu.externaltools.gnu-tools-for-stm32.11.3.rel1.macos64_1.1.0.202305231506/tools/bin/../lib/gcc/arm-none-eabi/11.3.1/../../../../arm-none-eabi/lib/thumb/v7e-m+dp/hard/libc_nano.a(libc_a-callocr.o) (_malloc_r)
/Applications/STM32CubeIDE.app/Contents/Eclipse/plugins/com.st.stm32cube.ide.mcu.externaltools.gnu-tools-for-stm32.11.3.rel1.macos64_1.1.0.202305231506/tools/bin/../lib/gcc/arm-none-eabi/11.3.1/../../../../arm-none-eabi/lib/thumb/v7e-m+dp/hard/libc_nano.a(libc_a-nano-vfprintf_i.o)
                              /Applications/STM32CubeIDE.app/Contents/Eclipse/plugins/com.st.stm32cube.ide.mcu.externaltools.gnu-tools-for-stm32.11.3.rel1.macos64_1.1.0.202305231506/tools/bin/../lib/gcc/arm-none-eabi/11.3.1/../../../../arm-none-eabi/lib/thumb/v7e-m+dp/hard/libc_nano.a(libc_a-nano-vfprintf_float.o) (_printf_common)
/Applications/STM32CubeIDE.app/Contents/Eclipse/plugins/com.st.stm32cube.ide.mcu.externaltools.gnu-tools-for-stm32.11.3.rel1.macos64_1.1.0.202305231506/tools/bin/../lib/gcc/arm-none-eabi/11.3.1/../../../../arm-none-eabi/lib/thumb/v7e-m+dp/hard/libc_nano.a(libc_a-mlock.o)
                              /Applications/STM32CubeIDE.app/Contents/Eclipse/plugins/com.st.stm32cube.ide.mcu.externaltools.gnu-tools-for-stm32.11.3.rel1.macos64_1.1.0.202305231506/tools/bin/../lib/gcc/arm-none-eabi/11.3.1/../../../../arm-none-eabi/lib/thumb/v7e-m+dp/hard/libc_nano.a(libc_a-mallocr.o) (__malloc_lock)
/Applications/STM32CubeIDE.app/Contents/Eclipse/plugins/com.st.stm32cube.ide.mcu.externaltools.gnu-tools-for-stm32.11.3.rel1.macos64_1.1.0.202305231506/tools/bin/../lib/gcc/arm-none-eabi/11.3.1/../../../../arm-none-eabi/lib/thumb/v7e-m+dp/hard/libc_nano.a(libc_a-sprintf.o)
                              ./Core/Src/gameUtility.o (sprintf)
/Applications/STM32CubeIDE.app/Contents/Eclipse/plugins/com.st.stm32cube.ide.mcu.externaltools.gnu-tools-for-stm32.11.3.rel1.macos64_1.1.0.202305231506/tools/bin/../lib/gcc/arm-none-eabi/11.3.1/../../../../arm-none-eabi/lib/thumb/v7e-m+dp/hard/libc_nano.a(libc_a-rand.o)
                              ./Core/Src/main.o (srand)
/Applications/STM32CubeIDE.app/Contents/Eclipse/plugins/com.st.stm32cube.ide.mcu.externaltools.gnu-tools-for-stm32.11.3.rel1.macos64_1.1.0.202305231506/tools/bin/../lib/gcc/arm-none-eabi/11.3.1/../../../../arm-none-eabi/lib/thumb/v7e-m+dp/hard/libc_nano.a(libc_a-findfp.o)
[...]
Memory Configuration

Name             Origin             Length             Attributes
RAM              0x0000000020000000 0x0000000000080000 xrw
FLASH            0x0000000008000000 0x0000000000200000 xr
*default*        0x0000000000000000 0xffffffffffffffff

Linker script and memory map

LOAD /Applications/STM32CubeIDE.app/Contents/Eclipse/plugins/com.st.stm32cube.ide.mcu.externaltools.gnu-tools-for-stm32.11.3.rel1.macos64_1.1.0.202305231506/tools/bin/../lib/gcc/arm-none-eabi/11.3.1/thumb/v7e-m+dp/hard/crti.o
LOAD /Applications/STM32CubeIDE.app/Contents/Eclipse/plugins/com.st.stm32cube.ide.mcu.externaltools.gnu-tools-for-stm32.11.3.rel1.macos64_1.1.0.202305231506/tools/bin/../lib/gcc/arm-none-eabi/11.3.1/thumb/v7e-m+dp/hard/crtbegin.o
LOAD /Applications/STM32CubeIDE.app/Contents/Eclipse/plugins/com.st.stm32cube.ide.mcu.externaltools.gnu-tools-for-stm32.11.3.rel1.macos64_1.1.0.202305231506/tools/bin/../lib/gcc/arm-none-eabi/11.3.1/../../../../arm-none-eabi/lib/thumb/v7e-m+dp/hard/crt0.o
LOAD ./Core/Src/adc.o
LOAD ./Core/Src/dma.o
LOAD ./Core/Src/gameUtility.o
LOAD ./Core/Src/gpio.o
LOAD ./Core/Src/icons.o
LOAD ./Core/Src/lcd.o
LOAD ./Core/Src/main.o
LOAD ./Core/Src/map.o
LOAD ./Core/Src/rng.o
LOAD ./Core/Src/spi.o
LOAD ./Core/Src/stm32f7xx_hal_msp.o
LOAD ./Core/Src/stm32f7xx_it.o
LOAD ./Core/Src/syscalls.o
LOAD ./Core/Src/sysmem.o
LOAD ./Core/Src/system_stm32f7xx.o
LOAD ./Core/Src/tim.o
LOAD ./Core/Src/usart.o
LOAD ./Core/Src/utiliity.o
LOAD ./Core/Startup/startup_stm32f767zitx.o
LOAD ./Drivers/ILI9341/ILI9341_GFX.o
LOAD ./Drivers/ILI9341/ILI9341_STM32_Driver.o
LOAD ./Drivers/ILI9341/ILI9341_Touchscreen.o
LOAD ./Drivers/STM32F7xx_HAL_Driver/Src/stm32f7xx_hal.o
LOAD ./Drivers/STM32F7xx_HAL_Driver/Src/stm32f7xx_hal_adc.o
LOAD ./Drivers/STM32F7xx_HAL_Driver/Src/stm32f7xx_hal_adc_ex.o
LOAD ./Drivers/STM32F7xx_HAL_Driver/Src/stm32f7xx_hal_cortex.o
LOAD ./Drivers/STM32F7xx_HAL_Driver/Src/stm32f7xx_hal_dma.o
LOAD ./Drivers/STM32F7xx_HAL_Driver/Src/stm32f7xx_hal_dma_ex.o
LOAD ./Drivers/STM32F7xx_HAL_Driver/Src/stm32f7xx_hal_exti.o
LOAD ./Drivers/STM32F7xx_HAL_Driver/Src/stm32f7xx_hal_flash.o
LOAD ./Drivers/STM32F7xx_HAL_Driver/Src/stm32f7xx_hal_flash_ex.o
LOAD ./Drivers/STM32F7xx_HAL_Driver/Src/stm32f7xx_hal_gpio.o
LOAD ./Drivers/STM32F7xx_HAL_Driver/Src/stm32f7xx_hal_i2c.o
LOAD ./Drivers/STM32F7xx_HAL_Driver/Src/stm32f7xx_hal_i2c_ex.o
LOAD ./Drivers/STM32F7xx_HAL_Driver/Src/stm32f7xx_hal_pwr.o
LOAD ./Drivers/STM32F7xx_HAL_Driver/Src/stm32f7xx_hal_pwr_ex.o
LOAD ./Drivers/STM32F7xx_HAL_Driver/Src/stm32f7xx_hal_rcc.o
LOAD ./Drivers/STM32F7xx_HAL_Driver/Src/stm32f7xx_hal_rcc_ex.o
LOAD ./Drivers/STM32F7xx_HAL_Driver/Src/stm32f7xx_hal_rng.o
LOAD ./Drivers/STM32F7xx_HAL_Driver/Src/stm32f7xx_hal_spi.o
LOAD ./Drivers/STM32F7xx_HAL_Driver/Src/stm32f7xx_hal_spi_ex.o
LOAD ./Drivers/STM32F7xx_HAL_Driver/Src/stm32f7xx_hal_tim.o
LOAD ./Drivers/STM32F7xx_HAL_Driver/Src/stm32f7xx_hal_tim_ex.o
LOAD ./Drivers/STM32F7xx_HAL_Driver/Src/stm32f7xx_hal_uart.o
LOAD ./Drivers/STM32F7xx_HAL_Driver/Src/stm32f7xx_hal_uart_ex.o
START GROUP
LOAD /Applications/STM32CubeIDE.app/Contents/Eclipse/plugins/com.st.stm32cube.ide.mcu.externaltools.gnu-tools-for-stm32.11.3.rel1.macos64_1.1.0.202305231506/tools/bin/../lib/gcc/arm-none-eabi/11.3.1/../../../../arm-none-eabi/lib/thumb/v7e-m+dp/hard/libc_nano.a
LOAD /Applications/STM32CubeIDE.app/Contents/Eclipse/plugins/com.st.stm32cube.ide.mcu.externaltools.gnu-tools-for-stm32.11.3.rel1.macos64_1.1.0.202305231506/tools/bin/../lib/gcc/arm-none-eabi/11.3.1/../../../../arm-none-eabi/lib/thumb/v7e-m+dp/hard/libm.a
END GROUP
START GROUP
LOAD /Applications/STM32CubeIDE.app/Contents/Eclipse/plugins/com.st.stm32cube.ide.mcu.externaltools.gnu-tools-for-stm32.11.3.rel1.macos64_1.1.0.202305231506/tools/bin/../lib/gcc/arm-none-eabi/11.3.1/thumb/v7e-m+dp/hard/libgcc.a
LOAD /Applications/STM32CubeIDE.app/Contents/Eclipse/plugins/com.st.stm32cube.ide.mcu.externaltools.gnu-tools-for-stm32.11.3.rel1.macos64_1.1.0.202305231506/tools/bin/../lib/gcc/arm-none-eabi/11.3.1/../../../../arm-none-eabi/lib/thumb/v7e-m+dp/hard/libc_nano.a
END GROUP
START GROUP
LOAD /Applications/STM32CubeIDE.app/Contents/Eclipse/plugins/com.st.stm32cube.ide.mcu.externaltools.gnu-tools-for-stm32.11.3.rel1.macos64_1.1.0.202305231506/tools/bin/../lib/gcc/arm-none-eabi/11.3.1/thumb/v7e-m+dp/hard/libgcc.a
LOAD /Applications/STM32CubeIDE.app/Contents/Eclipse/plugins/com.st.stm32cube.ide.mcu.externaltools.gnu-tools-for-stm32.11.3.rel1.macos64_1.1.0.202305231506/tools/bin/../lib/gcc/arm-none-eabi/11.3.1/../../../../arm-none-eabi/lib/thumb/v7e-m+dp/hard/libc_nano.a
LOAD /Applications/STM32CubeIDE.app/Contents/Eclipse/plugins/com.st.stm32cube.ide.mcu.externaltools.gnu-tools-for-stm32.11.3.rel1.macos64_1.1.0.202305231506/tools/bin/../lib/gcc/arm-none-eabi/11.3.1/../../../../arm-none-eabi/lib/thumb/v7e-m+dp/hard/libnosys.a
END GROUP
START GROUP
LOAD /Applications/STM32CubeIDE.app/Contents/Eclipse/plugins/com.st.stm32cube.ide.mcu.externaltools.gnu-tools-for-stm32.11.3.rel1.macos64_1.1.0.202305231506/tools/bin/../lib/gcc/arm-none-eabi/11.3.1/thumb/v7e-m+dp/hard/libgcc.a
LOAD /Applications/STM32CubeIDE.app/Contents/Eclipse/plugins/com.st.stm32cube.ide.mcu.externaltools.gnu-tools-for-stm32.11.3.rel1.macos64_1.1.0.202305231506/tools/bin/../lib/gcc/arm-none-eabi/11.3.1/../../../../arm-none-eabi/lib/thumb/v7e-m+dp/hard/libc_nano.a
LOAD /Applications/STM32CubeIDE.app/Contents/Eclipse/plugins/com.st.stm32cube.ide.mcu.externaltools.gnu-tools-for-stm32.11.3.rel1.macos64_1.1.0.202305231506/tools/bin/../lib/gcc/arm-none-eabi/11.3.1/../../../../arm-none-eabi/lib/thumb/v7e-m+dp/hard/libnosys.a
END GROUP
LOAD /Applications/STM32CubeIDE.app/Contents/Eclipse/plugins/com.st.stm32cube.ide.mcu.externaltools.gnu-tools-for-stm32.11.3.rel1.macos64_1.1.0.202305231506/tools/bin/../lib/gcc/arm-none-eabi/11.3.1/thumb/v7e-m+dp/hard/crtend.o
LOAD /Applications/STM32CubeIDE.app/Contents/Eclipse/plugins/com.st.stm32cube.ide.mcu.externaltools.gnu-tools-for-stm32.11.3.rel1.macos64_1.1.0.202305231506/tools/bin/../lib/gcc/arm-none-eabi/11.3.1/thumb/v7e-m+dp/hard/crtn.o
                0x0000000020080000                _estack = (ORIGIN (RAM) + LENGTH (RAM))
                0x0000000000000200                _Min_Heap_Size = 0x200
                0x0000000000000400                _Min_Stack_Size = 0x400

.isr_vector     0x0000000008000000      0x1f8
                0x0000000008000000                . = ALIGN (0x4)
 *(.isr_vector)
 .isr_vector    0x0000000008000000      0x1f8 ./Core/Startup/startup_stm32f767zitx.o
                0x0000000008000000                g_pfnVectors
                0x00000000080001f8                . = ALIGN (0x4)

.text           0x0000000008000200     0xeea0
                0x0000000008000200                . = ALIGN (0x4)
 *(.text)
 .text          0x0000000008000200       0x40 /Applications/STM32CubeIDE.app/Contents/Eclipse/plugins/com.st.stm32cube.ide.mcu.externaltools.gnu-tools-for-stm32.11.3.rel1.macos64_1.1.0.202305231506/tools/bin/../lib/gcc/arm-none-eabi/11.3.1/thumb/v7e-m+dp/hard/crtbegin.o
 .text          0x0000000008000240       0xa0 /Applications/STM32CubeIDE.app/Contents/Eclipse/plugins/com.st.stm32cube.ide.mcu.externaltools.gnu-tools-for-stm32.11.3.rel1.macos64_1.1.0.202305231506/tools/bin/../lib/gcc/arm-none-eabi/11.3.1/../../../../arm-none-eabi/lib/thumb/v7e-m+dp/hard/libc_nano.a(libc_a-memchr.o)
                0x0000000008000240                memchr
 .text          0x00000000080002e0       0x10 /Applications/STM32CubeIDE.app/Contents/Eclipse/plugins/com.st.stm32cube.ide.mcu.externaltools.gnu-tools-for-stm32.11.3.rel1.macos64_1.1.0.202305231506/tools/bin/../lib/gcc/arm-none-eabi/11.3.1/../../../../arm-none-eabi/lib/thumb/v7e-m+dp/hard/libc_nano.a(libc_a-strlen.o)
                0x00000000080002e0                strlen
 .text          0x00000000080002f0       0x30 /Applications/STM32CubeIDE.app/Contents/Eclipse/plugins/com.st.stm32cube.ide.mcu.externaltools.gnu-tools-for-stm32.11.3.rel1.macos64_1.1.0.202305231506/tools/bin/../lib/gcc/arm-none-eabi/11.3.1/thumb/v7e-m+dp/hard/libgcc.a(_aeabi_uldivmod.o)
                0x00000000080002f0                __aeabi_uldivmod
 .text          0x0000000008000320      0x2c8 /Applications/STM32CubeIDE.app/Contents/Eclipse/plugins/com.st.stm32cube.ide.mcu.externaltools.gnu-tools-for-stm32.11.3.rel1.macos64_1.1.0.202305231506/tools/bin/../lib/gcc/arm-none-eabi/11.3.1/thumb/v7e-m+dp/hard/libgcc.a(_udivmoddi4.o)
                0x0000000008000320                __udivmoddi4
 .text          0x00000000080005e8        0x4 /Applications/STM32CubeIDE.app/Contents/Eclipse/plugins/com.st.stm32cube.ide.mcu.externaltools.gnu-tools-for-stm32.11.3.rel1.macos64_1.1.0.202305231506/tools/bin/../lib/gcc/arm-none-eabi/11.3.1/thumb/v7e-m+dp/hard/libgcc.a(_dvmd_tls.o)
                0x00000000080005e8                __aeabi_ldiv0
                0x00000000080005e8                __aeabi_idiv0
 *(.text*)
 .text.MX_ADC1_Init
                0x00000000080005ec       0xf8 ./Core/Src/adc.o
                0x00000000080005ec                MX_ADC1_Init
 .text.HAL_ADC_MspInit
                0x00000000080006e4      0x160 ./Core/Src/adc.o
                0x00000000080006e4                HAL_ADC_MspInit
 .text.MX_DMA_Init
                0x0000000008000844       0x3c ./Core/Src/dma.o
                0x0000000008000844                MX_DMA_Init
 .text.Vector2_init
                0x0000000008000880       0x30 ./Core/Src/gameUtility.o
                0x0000000008000880                Vector2_init
 .text.Add      0x00000000080008b0       0x3e ./Core/Src/gameUtility.o
                0x00000000080008b0                Add
 .text.Sub      0x00000000080008ee       0x3e ./Core/Src/gameUtility.o
                0x00000000080008ee                Sub
 .text.Multiply_vector
                0x000000000800092c       0x42 ./Core/Src/gameUtility.o
                0x000000000800092c                Multiply_vector
 .text.Divide_int
                0x000000000800096e       0x3e ./Core/Src/gameUtility.o
                0x000000000800096e                Divide_int
 .text.Divide_vector
                0x00000000080009ac       0x42 ./Core/Src/gameUtility.o
                0x00000000080009ac                Divide_vector
 .text.Equal    0x00000000080009ee       0x3a ./Core/Src/gameUtility.o
                0x00000000080009ee                Equal
 .text.getOffsetOrigin
                0x0000000008000a28       0x38 ./Core/Src/gameUtility.o
                0x0000000008000a28                getOffsetOrigin
 .text.toIndex  0x0000000008000a60       0x4c ./Core/Src/gameUtility.o
                0x0000000008000a60                toIndex
 .text.toPosition
                0x0000000008000aac       0x40 ./Core/Src/gameUtility.o
                0x0000000008000aac                toPosition
 .text.Transform_init
                0x0000000008000aec       0x54 ./Core/Src/gameUtility.o
                0x0000000008000aec                Transform_init
 .text.getLeft  0x0000000008000b40       0x68 ./Core/Src/gameUtility.o
                0x0000000008000b40                getLeft
 .text.getRight
                0x0000000008000ba8       0x1e ./Core/Src/gameUtility.o
                0x0000000008000ba8                getRight
 *fill*         0x0000000008000bc6        0x2 
 .text.getTop   0x0000000008000bc8       0x60 ./Core/Src/gameUtility.o
                0x0000000008000bc8                getTop
 .text.getBottom
                0x0000000008000c28       0x1e ./Core/Src/gameUtility.o
                0x0000000008000c28                getBottom
 .text.getTransformOrigin
                0x0000000008000c46       0x2c ./Core/Src/gameUtility.o
                0x0000000008000c46                getTransformOrigin
 .text.Draw     0x0000000008000c72       0x50 ./Core/Src/gameUtility.o
                0x0000000008000c72                Draw
 *fill*         0x0000000008000cc2        0x2 
 .text.DrawImage
                0x0000000008000cc4      0x158 ./Core/Src/gameUtility.o
                0x0000000008000cc4                DrawImage
 .text.isCollision
                0x0000000008000e1c      0x192 ./Core/Src/gameUtility.o
                0x0000000008000e1c                isCollision
 *fill*         0x0000000008000fae        0x2 
 .text.Move     0x0000000008000fb0      0x414 ./Core/Src/gameUtility.o
                0x0000000008000fb0                Move
 .text.CheckPlayerCollisionAt
                0x00000000080013c4       0x96 ./Core/Src/gameUtility.o
                0x00000000080013c4                CheckPlayerCollisionAt
 *fill*         0x000000000800145a        0x2 
 .text.drawPlayers
                0x000000000800145c      0x250 ./Core/Src/gameUtility.o
                0x000000000800145c                drawPlayers
 .text.drawCell
                0x00000000080016ac       0xf4 ./Core/Src/gameUtility.o
                0x00000000080016ac                drawCell
 .text.setMap   0x00000000080017a0       0xc4 ./Core/Src/gameUtility.o
                0x00000000080017a0                setMap
 .text.setObject
                0x0000000008001864      0x244 ./Core/Src/gameUtility.o
                0x0000000008001864                setObject
 .text.clearObject
                0x0000000008001aa8      0x170 ./Core/Src/gameUtility.o
                0x0000000008001aa8                clearObject
 .text.placeBomb
                0x0000000008001c18       0x5e ./Core/Src/gameUtility.o
                0x0000000008001c18                placeBomb
 *fill*         0x0000000008001c76        0x2 
 .text.getCell  0x0000000008001c78       0x64 ./Core/Src/gameUtility.o
                0x0000000008001c78                getCell
 .text.detonate
                0x0000000008001cdc      0x16c ./Core/Src/gameUtility.o
                0x0000000008001cdc                detonate
 .text.Player_init
                0x0000000008001e48      0x120 ./Core/Src/gameUtility.o
                0x0000000008001e48                Player_init
 .text.getPlayerIndex
                0x0000000008001f68       0x1e ./Core/Src/gameUtility.o
                0x0000000008001f68                getPlayerIndex
 .text.getIndexAtDirection
                0x0000000008001f86       0x80 ./Core/Src/gameUtility.o
                0x0000000008001f86                getIndexAtDirection
 *fill*         0x0000000008002006        0x2 
 .text.updateMap
                0x0000000008002008      0x7f0 ./Core/Src/gameUtility.o
                0x0000000008002008                updateMap
 .text.BFSValue_init
                0x00000000080027f8       0x42 ./Core/Src/gameUtility.o
                0x00000000080027f8                BFSValue_init
 *fill*         0x000000000800283a        0x2 
 .text.findNextIndex
                0x000000000800283c      0xda0 ./Core/Src/gameUtility.o
                0x000000000800283c                findNextIndex
 .text.PlayerUI_init
                0x00000000080035dc      0x2b2 ./Core/Src/gameUtility.o
                0x00000000080035dc                PlayerUI_init
 *fill*         0x000000000800388e        0x2 
 .text.DrawPlayerUI
                0x0000000008003890      0x140 ./Core/Src/gameUtility.o
                0x0000000008003890                DrawPlayerUI
 .text.MX_GPIO_Init
                0x00000000080039d0      0x2ec ./Core/Src/gpio.o
                0x00000000080039d0                MX_GPIO_Init
 .text.setRotation
                0x0000000008003cbc       0x1a ./Core/Src/lcd.o
                0x0000000008003cbc                setRotation
 *fill*         0x0000000008003cd6        0x2 
 .text.drawImageAtPoint
                0x0000000008003cd8      0x1cc ./Core/Src/lcd.o
                0x0000000008003cd8                drawImageAtPoint
 .text.SCB_EnableICache
                0x0000000008003ea4       0x4c ./Core/Src/main.o
 .text.SCB_EnableDCache
                0x0000000008003ef0       0x88 ./Core/Src/main.o
 .text.isTouchWithinRectangle
                0x0000000008003f78       0x44 ./Core/Src/main.o
                0x0000000008003f78                isTouchWithinRectangle
 .text.checkMap
                0x0000000008003fbc      0x208 ./Core/Src/main.o
                0x0000000008003fbc                checkMap
 .text.checkStartGame
                0x00000000080041c4      0x100 ./Core/Src/main.o
                0x00000000080041c4                checkStartGame
 .text.setting_winPage
                0x00000000080042c4     0x18f4 ./Core/Src/main.o
                0x00000000080042c4                setting_winPage
 .text.HAL_TIM_PeriodElapsedCallback
                0x0000000008005bb8      0x104 ./Core/Src/main.o
                0x0000000008005bb8                HAL_TIM_PeriodElapsedCallback
 .text.HAL_ADC_ConvCpltCallback
                0x0000000008005cbc      0x368 ./Core/Src/main.o
                0x0000000008005cbc                HAL_ADC_ConvCpltCallback
 .text.HAL_GPIO_EXTI_Callback
                0x0000000008006024       0xac ./Core/Src/main.o
                0x0000000008006024                HAL_GPIO_EXTI_Callback
 .text.SetPlayers
                0x00000000080060d0      0x2a4 ./Core/Src/main.o
                0x00000000080060d0                SetPlayers
 .text.startGame
                0x0000000008006374       0xe8 ./Core/Src/main.o
                0x0000000008006374                startGame
 .text.main     0x000000000800645c      0x164 ./Core/Src/main.o
                0x000000000800645c                main
 .text.SystemClock_Config
                0x00000000080065c0       0xe0 ./Core/Src/main.o
                0x00000000080065c0                SystemClock_Config
 .text.Error_Handler
                0x00000000080066a0        0x6 ./Core/Src/main.o
                0x00000000080066a0                Error_Handler
 *fill*         0x00000000080066a6        0x2 
 .text.MX_RNG_Init
                0x00000000080066a8       0x28 ./Core/Src/rng.o
                0x00000000080066a8                MX_RNG_Init
 .text.HAL_RNG_MspInit
                0x00000000080066d0       0x68 ./Core/Src/rng.o
                0x00000000080066d0                HAL_RNG_MspInit
 .text.MX_SPI5_Init
                0x0000000008006738       0x7c ./Core/Src/spi.o
                0x0000000008006738                MX_SPI5_Init
 .text.HAL_SPI_MspInit
                0x00000000080067b4       0x88 ./Core/Src/spi.o
                0x00000000080067b4                HAL_SPI_MspInit
 .text.HAL_MspInit
                0x000000000800683c       0x48 ./Core/Src/stm32f7xx_hal_msp.o
                0x000000000800683c                HAL_MspInit
 .text.SysTick_Handler
                0x0000000008006884        0xc ./Core/Src/stm32f7xx_it.o
                0x0000000008006884                SysTick_Handler
 .text.EXTI3_IRQHandler
                0x0000000008006890        0xe ./Core/Src/stm32f7xx_it.o
                0x0000000008006890                EXTI3_IRQHandler
 .text.EXTI4_IRQHandler
                0x000000000800689e        0xe ./Core/Src/stm32f7xx_it.o
                0x000000000800689e                EXTI4_IRQHandler
 .text.TIM1_UP_TIM10_IRQHandler
                0x00000000080068ac       0x14 ./Core/Src/stm32f7xx_it.o
                0x00000000080068ac                TIM1_UP_TIM10_IRQHandler
 .text.TIM2_IRQHandler
                0x00000000080068c0       0x14 ./Core/Src/stm32f7xx_it.o
                0x00000000080068c0                TIM2_IRQHandler
 .text.EXTI15_10_IRQHandler
                0x00000000080068d4       0x18 ./Core/Src/stm32f7xx_it.o
                0x00000000080068d4                EXTI15_10_IRQHandler
 .text.DMA2_Stream0_IRQHandler
                0x00000000080068ec       0x14 ./Core/Src/stm32f7xx_it.o
                0x00000000080068ec                DMA2_Stream0_IRQHandler
 .text._getpid  0x0000000008006900       0x10 ./Core/Src/syscalls.o
                0x0000000008006900                _getpid
 .text._kill    0x0000000008006910       0x20 ./Core/Src/syscalls.o
                0x0000000008006910                _kill
 .text._exit    0x0000000008006930       0x14 ./Core/Src/syscalls.o
                0x0000000008006930                _exit
 .text._read    0x0000000008006944       0x3a ./Core/Src/syscalls.o
                0x0000000008006944                _read
 .text._write   0x000000000800697e       0x38 ./Core/Src/syscalls.o
                0x000000000800697e                _write
 .text._close   0x00000000080069b6       0x18 ./Core/Src/syscalls.o
                0x00000000080069b6                _close
 .text._fstat   0x00000000080069ce       0x20 ./Core/Src/syscalls.o
                0x00000000080069ce                _fstat
 .text._isatty  0x00000000080069ee       0x16 ./Core/Src/syscalls.o
                0x00000000080069ee                _isatty
 .text._lseek   0x0000000008006a04       0x1a ./Core/Src/syscalls.o
                0x0000000008006a04                _lseek
 *fill*         0x0000000008006a1e        0x2 
 .text._sbrk    0x0000000008006a20       0x6c ./Core/Src/sysmem.o
                0x0000000008006a20                _sbrk
 .text.SystemInit
                0x0000000008006a8c       0x6c ./Core/Src/system_stm32f7xx.o
                0x0000000008006a8c                SystemInit
 .text.MX_TIM1_Init
                0x0000000008006af8       0xac ./Core/Src/tim.o
                0x0000000008006af8                MX_TIM1_Init
 .text.MX_TIM2_Init
                0x0000000008006ba4       0xa0 ./Core/Src/tim.o
                0x0000000008006ba4                MX_TIM2_Init
 .text.HAL_TIM_Base_MspInit
                0x0000000008006c44       0x80 ./Core/Src/tim.o
                0x0000000008006c44                HAL_TIM_Base_MspInit
 .text.MX_USART3_UART_Init
                0x0000000008006cc4       0x60 ./Core/Src/usart.o
                0x0000000008006cc4                MX_USART3_UART_Init
 .text.HAL_UART_MspInit
                0x0000000008006d24       0xc0 ./Core/Src/usart.o
                0x0000000008006d24                HAL_UART_MspInit
 .text.mappingValue
                0x0000000008006de4       0x5c ./Core/Src/utiliity.o
                0x0000000008006de4                mappingValue
 .text.clamp    0x0000000008006e40       0x32 ./Core/Src/utiliity.o
                0x0000000008006e40                clamp
 .text.inBetween
                0x0000000008006e72       0x34 ./Core/Src/utiliity.o
                0x0000000008006e72                inBetween
 *fill*         0x0000000008006ea6        0x2 
 .text.printOut
                0x0000000008006ea8       0x3c ./Core/Src/utiliity.o
                0x0000000008006ea8                printOut
 .text.QueueElement_init
                0x0000000008006ee4       0x2e ./Core/Src/utiliity.o
                0x0000000008006ee4                QueueElement_init
 .text.DeleteQueueElement
                0x0000000008006f12       0x72 ./Core/Src/utiliity.o
                0x0000000008006f12                DeleteQueueElement
 .text.enqueue  0x0000000008006f84       0x68 ./Core/Src/utiliity.o
                0x0000000008006f84                enqueue
 .text.dequeue  0x0000000008006fec       0x22 ./Core/Src/utiliity.o
                0x0000000008006fec                dequeue
 *fill*         0x000000000800700e        0x2 
 .text.Reset_Handler
                0x0000000008007010       0x50 ./Core/Startup/startup_stm32f767zitx.o
                0x0000000008007010                Reset_Handler
 .text.Default_Handler
                0x0000000008007060        0x2 ./Core/Startup/startup_stm32f767zitx.o
                0x0000000008007060                DMA1_Stream3_IRQHandler
                0x0000000008007060                EXTI2_IRQHandler
                0x0000000008007060                TIM8_CC_IRQHandler
                0x0000000008007060                DebugMon_Handler
                0x0000000008007060                UART8_IRQHandler
                0x0000000008007060                SPI4_IRQHandler
                0x0000000008007060                TIM1_CC_IRQHandler
                0x0000000008007060                DMA2_Stream5_IRQHandler
                0x0000000008007060                HardFault_Handler
                0x0000000008007060                JPEG_IRQHandler
                0x0000000008007060                DMA1_Stream5_IRQHandler
                0x0000000008007060                CAN3_RX1_IRQHandler
                0x0000000008007060                PVD_IRQHandler
                0x0000000008007060                TAMP_STAMP_IRQHandler
                0x0000000008007060                PendSV_Handler
                0x0000000008007060                NMI_Handler
                0x0000000008007060                CAN2_RX1_IRQHandler
                0x0000000008007060                TIM8_TRG_COM_TIM14_IRQHandler
                0x0000000008007060                DFSDM1_FLT1_IRQHandler
                0x0000000008007060                TIM8_UP_TIM13_IRQHandler
                0x0000000008007060                I2C3_ER_IRQHandler
                0x0000000008007060                DFSDM1_FLT2_IRQHandler
                0x0000000008007060                EXTI0_IRQHandler
                0x0000000008007060                I2C2_EV_IRQHandler
                0x0000000008007060                DMA1_Stream2_IRQHandler
                0x0000000008007060                CAN1_RX0_IRQHandler
                0x0000000008007060                FPU_IRQHandler
                0x0000000008007060                OTG_HS_WKUP_IRQHandler
                0x0000000008007060                CAN3_SCE_IRQHandler
                0x0000000008007060                UsageFault_Handler
                0x0000000008007060                LTDC_ER_IRQHandler
                0x0000000008007060                CAN2_SCE_IRQHandler
                0x0000000008007060                DMA2_Stream2_IRQHandler
                0x0000000008007060                SPI1_IRQHandler
                0x0000000008007060                TIM6_DAC_IRQHandler
                0x0000000008007060                TIM1_BRK_TIM9_IRQHandler
                0x0000000008007060                DCMI_IRQHandler
                0x0000000008007060                CAN2_RX0_IRQHandler
                0x0000000008007060                DMA2_Stream3_IRQHandler
                0x0000000008007060                SAI2_IRQHandler
                0x0000000008007060                DFSDM1_FLT3_IRQHandler
                0x0000000008007060                USART6_IRQHandler
                0x0000000008007060                CAN3_RX0_IRQHandler
                0x0000000008007060                USART3_IRQHandler
                0x0000000008007060                CAN1_RX1_IRQHandler
                0x0000000008007060                UART5_IRQHandler
                0x0000000008007060                TIM4_IRQHandler
                0x0000000008007060                QUADSPI_IRQHandler
                0x0000000008007060                I2C1_EV_IRQHandler
                0x0000000008007060                DMA1_Stream6_IRQHandler
                0x0000000008007060                DMA1_Stream1_IRQHandler
                0x0000000008007060                UART4_IRQHandler
                0x0000000008007060                TIM3_IRQHandler
                0x0000000008007060                RCC_IRQHandler
                0x0000000008007060                TIM8_BRK_TIM12_IRQHandler
                0x0000000008007060                Default_Handler
                0x0000000008007060                CEC_IRQHandler
                0x0000000008007060                ADC_IRQHandler
                0x0000000008007060                DMA1_Stream7_IRQHandler
                0x0000000008007060                SPI5_IRQHandler
                0x0000000008007060                TIM7_IRQHandler
                0x0000000008007060                SDMMC1_IRQHandler
                0x0000000008007060                CAN2_TX_IRQHandler
                0x0000000008007060                TIM5_IRQHandler
                0x0000000008007060                DMA2_Stream7_IRQHandler
                0x0000000008007060                I2C3_EV_IRQHandler
                0x0000000008007060                EXTI9_5_IRQHandler
                0x0000000008007060                RTC_WKUP_IRQHandler
                0x0000000008007060                LTDC_IRQHandler
                0x0000000008007060                ETH_WKUP_IRQHandler
                0x0000000008007060                SPDIF_RX_IRQHandler
                0x0000000008007060                SPI2_IRQHandler
                0x0000000008007060                OTG_HS_EP1_IN_IRQHandler
                0x0000000008007060                MemManage_Handler
                0x0000000008007060                DMA1_Stream0_IRQHandler
                0x0000000008007060                CAN1_TX_IRQHandler
                0x0000000008007060                SVC_Handler
                0x0000000008007060                RNG_IRQHandler
                0x0000000008007060                ETH_IRQHandler
                0x0000000008007060                OTG_HS_EP1_OUT_IRQHandler
                0x0000000008007060                WWDG_IRQHandler
                0x0000000008007060                SPI6_IRQHandler
                0x0000000008007060                MDIOS_IRQHandler
                0x0000000008007060                I2C4_EV_IRQHandler
                0x0000000008007060                CAN3_TX_IRQHandler
                0x0000000008007060                OTG_FS_WKUP_IRQHandler
                0x0000000008007060                TIM1_TRG_COM_TIM11_IRQHandler
                0x0000000008007060                OTG_HS_IRQHandler
                0x0000000008007060                DMA2D_IRQHandler
                0x0000000008007060                EXTI1_IRQHandler
                0x0000000008007060                SDMMC2_IRQHandler
                0x0000000008007060                UART7_IRQHandler
                0x0000000008007060                USART2_IRQHandler
                0x0000000008007060                DFSDM1_FLT0_IRQHandler
                0x0000000008007060                I2C2_ER_IRQHandler
                0x0000000008007060                DMA2_Stream1_IRQHandler
                0x0000000008007060                CAN1_SCE_IRQHandler
                0x0000000008007060                FLASH_IRQHandler
                0x0000000008007060                DMA2_Stream4_IRQHandler
                0x0000000008007060                BusFault_Handler
                0x0000000008007060                USART1_IRQHandler
                0x0000000008007060                OTG_FS_IRQHandler
                0x0000000008007060                SPI3_IRQHandler
                0x0000000008007060                DMA1_Stream4_IRQHandler
                0x0000000008007060                I2C1_ER_IRQHandler
                0x0000000008007060                FMC_IRQHandler
                0x0000000008007060                LPTIM1_IRQHandler
                0x0000000008007060                I2C4_ER_IRQHandler
                0x0000000008007060                DMA2_Stream6_IRQHandler
                0x0000000008007060                SAI1_IRQHandler
                0x0000000008007060                RTC_Alarm_IRQHandler
 .text.ILI9341_Draw_Hollow_Rectangle_Coord
                0x0000000008007062      0x102 ./Drivers/ILI9341/ILI9341_GFX.o
                0x0000000008007062                ILI9341_Draw_Hollow_Rectangle_Coord
 .text.ILI9341_Draw_Filled_Rectangle_Coord
                0x0000000008007164       0xbc ./Drivers/ILI9341/ILI9341_GFX.o
                0x0000000008007164                ILI9341_Draw_Filled_Rectangle_Coord
 .text.ILI9341_Draw_Char
                0x0000000008007220      0x134 ./Drivers/ILI9341/ILI9341_GFX.o
                0x0000000008007220                ILI9341_Draw_Char
 .text.ILI9341_Draw_Text
                0x0000000008007354       0x5e ./Drivers/ILI9341/ILI9341_GFX.o
                0x0000000008007354                ILI9341_Draw_Text
 *fill*         0x00000000080073b2        0x2 
 .text.ILI9341_SPI_Init
                0x00000000080073b4       0x20 ./Drivers/ILI9341/ILI9341_STM32_Driver.o
                0x00000000080073b4                ILI9341_SPI_Init
 .text.ILI9341_SPI_Send
                0x00000000080073d4       0x24 ./Drivers/ILI9341/ILI9341_STM32_Driver.o
                0x00000000080073d4                ILI9341_SPI_Send
 .text.ILI9341_Write_Command
                0x00000000080073f8       0x44 ./Drivers/ILI9341/ILI9341_STM32_Driver.o
                0x00000000080073f8                ILI9341_Write_Command
 .text.ILI9341_Write_Data
                0x000000000800743c       0x44 ./Drivers/ILI9341/ILI9341_STM32_Driver.o
                0x000000000800743c                ILI9341_Write_Data
 .text.ILI9341_Set_Address
                0x0000000008007480       0x98 ./Drivers/ILI9341/ILI9341_STM32_Driver.o
                0x0000000008007480                ILI9341_Set_Address
 .text.ILI9341_Reset
                0x0000000008007518       0x3c ./Drivers/ILI9341/ILI9341_STM32_Driver.o
                0x0000000008007518                ILI9341_Reset
 .text.ILI9341_Set_Rotation
                0x0000000008007554       0xa4 ./Drivers/ILI9341/ILI9341_STM32_Driver.o
                0x0000000008007554                ILI9341_Set_Rotation
 .text.ILI9341_Enable
                0x00000000080075f8       0x18 ./Drivers/ILI9341/ILI9341_STM32_Driver.o
                0x00000000080075f8                ILI9341_Enable
 .text.ILI9341_Init
                0x0000000008007610      0x21a ./Drivers/ILI9341/ILI9341_STM32_Driver.o
                0x0000000008007610                ILI9341_Init
 *fill*         0x000000000800782a        0x2 
 .text.ILI9341_Draw_Colour_Burst
                0x000000000800782c      0x13c ./Drivers/ILI9341/ILI9341_STM32_Driver.o
                0x000000000800782c                ILI9341_Draw_Colour_Burst
 .text.ILI9341_Fill_Screen
                0x0000000008007968       0x4c ./Drivers/ILI9341/ILI9341_STM32_Driver.o
                0x0000000008007968                ILI9341_Fill_Screen
 .text.ILI9341_Draw_Pixel
                0x00000000080079b4      0x1b4 ./Drivers/ILI9341/ILI9341_STM32_Driver.o
                0x00000000080079b4                ILI9341_Draw_Pixel
 .text.ILI9341_Draw_Rectangle
                0x0000000008007b68       0xb8 ./Drivers/ILI9341/ILI9341_STM32_Driver.o
                0x0000000008007b68                ILI9341_Draw_Rectangle
 .text.ILI9341_Draw_Horizontal_Line
                0x0000000008007c20       0x88 ./Drivers/ILI9341/ILI9341_STM32_Driver.o
                0x0000000008007c20                ILI9341_Draw_Horizontal_Line
 .text.ILI9341_Draw_Vertical_Line
                0x0000000008007ca8       0x88 ./Drivers/ILI9341/ILI9341_STM32_Driver.o
                0x0000000008007ca8                ILI9341_Draw_Vertical_Line
 .text.TP_Read  0x0000000008007d30       0x58 ./Drivers/ILI9341/ILI9341_Touchscreen.o
                0x0000000008007d30                TP_Read
 .text.TP_Write
                0x0000000008007d88       0x6c ./Drivers/ILI9341/ILI9341_Touchscreen.o
                0x0000000008007d88                TP_Write
 *fill*         0x0000000008007df4        0x4 
 .text.TP_Read_Coordinates
                0x0000000008007df8      0x184 ./Drivers/ILI9341/ILI9341_Touchscreen.o
                0x0000000008007df8                TP_Read_Coordinates
 .text.TP_Touchpad_Pressed
                0x0000000008007f7c       0x20 ./Drivers/ILI9341/ILI9341_Touchscreen.o
                0x0000000008007f7c                TP_Touchpad_Pressed
 .text.HAL_Init
                0x0000000008007f9c       0x2c ./Drivers/STM32F7xx_HAL_Driver/Src/stm32f7xx_hal.o
                0x0000000008007f9c                HAL_Init
 .text.HAL_InitTick
                0x0000000008007fc8       0x60 ./Drivers/STM32F7xx_HAL_Driver/Src/stm32f7xx_hal.o
                0x0000000008007fc8                HAL_InitTick
 .text.HAL_IncTick
                0x0000000008008028       0x28 ./Drivers/STM32F7xx_HAL_Driver/Src/stm32f7xx_hal.o
                0x0000000008008028                HAL_IncTick
 .text.HAL_GetTick
                0x0000000008008050       0x18 ./Drivers/STM32F7xx_HAL_Driver/Src/stm32f7xx_hal.o
                0x0000000008008050                HAL_GetTick
 .text.HAL_Delay
                0x0000000008008068       0x48 ./Drivers/STM32F7xx_HAL_Driver/Src/stm32f7xx_hal.o
                0x0000000008008068                HAL_Delay
 .text.HAL_ADC_Init
                0x00000000080080b0       0x88 ./Drivers/STM32F7xx_HAL_Driver/Src/stm32f7xx_hal_adc.o
                0x00000000080080b0                HAL_ADC_Init
 .text.HAL_ADC_Start_DMA
                0x0000000008008138      0x1f4 ./Drivers/STM32F7xx_HAL_Driver/Src/stm32f7xx_hal_adc.o
                0x0000000008008138                HAL_ADC_Start_DMA
 .text.HAL_ADC_ConvHalfCpltCallback
                0x000000000800832c       0x14 ./Drivers/STM32F7xx_HAL_Driver/Src/stm32f7xx_hal_adc.o
                0x000000000800832c                HAL_ADC_ConvHalfCpltCallback
 .text.HAL_ADC_ErrorCallback
                0x0000000008008340       0x14 ./Drivers/STM32F7xx_HAL_Driver/Src/stm32f7xx_hal_adc.o
                0x0000000008008340                HAL_ADC_ErrorCallback
 .text.HAL_ADC_ConfigChannel
                0x0000000008008354      0x2ac ./Drivers/STM32F7xx_HAL_Driver/Src/stm32f7xx_hal_adc.o
                0x0000000008008354                HAL_ADC_ConfigChannel
 .text.ADC_Init
                0x0000000008008600      0x1f4 ./Drivers/STM32F7xx_HAL_Driver/Src/stm32f7xx_hal_adc.o
 .text.ADC_DMAConvCplt
                0x00000000080087f4       0xba ./Drivers/STM32F7xx_HAL_Driver/Src/stm32f7xx_hal_adc.o
 .text.ADC_DMAHalfConvCplt
                0x00000000080088ae       0x1c ./Drivers/STM32F7xx_HAL_Driver/Src/stm32f7xx_hal_adc.o
 .text.ADC_DMAError
                0x00000000080088ca       0x2e ./Drivers/STM32F7xx_HAL_Driver/Src/stm32f7xx_hal_adc.o
 .text.__NVIC_SetPriorityGrouping
                0x00000000080088f8       0x48 ./Drivers/STM32F7xx_HAL_Driver/Src/stm32f7xx_hal_cortex.o
 .text.__NVIC_GetPriorityGrouping
                0x0000000008008940       0x1c ./Drivers/STM32F7xx_HAL_Driver/Src/stm32f7xx_hal_cortex.o
 .text.__NVIC_EnableIRQ
                0x000000000800895c       0x3c ./Drivers/STM32F7xx_HAL_Driver/Src/stm32f7xx_hal_cortex.o
 .text.__NVIC_SetPriority
                0x0000000008008998       0x54 ./Drivers/STM32F7xx_HAL_Driver/Src/stm32f7xx_hal_cortex.o
 .text.NVIC_EncodePriority
                0x00000000080089ec       0x66 ./Drivers/STM32F7xx_HAL_Driver/Src/stm32f7xx_hal_cortex.o
 *fill*         0x0000000008008a52        0x2 
 .text.SysTick_Config
                0x0000000008008a54       0x44 ./Drivers/STM32F7xx_HAL_Driver/Src/stm32f7xx_hal_cortex.o
 .text.HAL_NVIC_SetPriorityGrouping
                0x0000000008008a98       0x16 ./Drivers/STM32F7xx_HAL_Driver/Src/stm32f7xx_hal_cortex.o
                0x0000000008008a98                HAL_NVIC_SetPriorityGrouping
 .text.HAL_NVIC_SetPriority
                0x0000000008008aae       0x38 ./Drivers/STM32F7xx_HAL_Driver/Src/stm32f7xx_hal_cortex.o
                0x0000000008008aae                HAL_NVIC_SetPriority
 .text.HAL_NVIC_EnableIRQ
                0x0000000008008ae6       0x1c ./Drivers/STM32F7xx_HAL_Driver/Src/stm32f7xx_hal_cortex.o
                0x0000000008008ae6                HAL_NVIC_EnableIRQ
 .text.HAL_SYSTICK_Config
                0x0000000008008b02       0x18 ./Drivers/STM32F7xx_HAL_Driver/Src/stm32f7xx_hal_cortex.o
                0x0000000008008b02                HAL_SYSTICK_Config
 *fill*         0x0000000008008b1a        0x2 
 .text.HAL_DMA_Init
                0x0000000008008b1c      0x15c ./Drivers/STM32F7xx_HAL_Driver/Src/stm32f7xx_hal_dma.o
                0x0000000008008b1c                HAL_DMA_Init
 .text.HAL_DMA_Start_IT
                0x0000000008008c78       0xc0 ./Drivers/STM32F7xx_HAL_Driver/Src/stm32f7xx_hal_dma.o
                0x0000000008008c78                HAL_DMA_Start_IT
 .text.HAL_DMA_IRQHandler
                0x0000000008008d38      0x314 ./Drivers/STM32F7xx_HAL_Driver/Src/stm32f7xx_hal_dma.o
                0x0000000008008d38                HAL_DMA_IRQHandler
 .text.DMA_SetConfig
                0x000000000800904c       0x5c ./Drivers/STM32F7xx_HAL_Driver/Src/stm32f7xx_hal_dma.o
 .text.DMA_CalcBaseAndBitshift
                0x00000000080090a8       0x6c ./Drivers/STM32F7xx_HAL_Driver/Src/stm32f7xx_hal_dma.o
 .text.DMA_CheckFifoParam
                0x0000000008009114       0xf8 ./Drivers/STM32F7xx_HAL_Driver/Src/stm32f7xx_hal_dma.o
 .text.HAL_GPIO_Init
                0x000000000800920c      0x358 ./Drivers/STM32F7xx_HAL_Driver/Src/stm32f7xx_hal_gpio.o
                0x000000000800920c                HAL_GPIO_Init
 .text.HAL_GPIO_ReadPin
                0x0000000008009564       0x30 ./Drivers/STM32F7xx_HAL_Driver/Src/stm32f7xx_hal_gpio.o
                0x0000000008009564                HAL_GPIO_ReadPin
 .text.HAL_GPIO_WritePin
                0x0000000008009594       0x32 ./Drivers/STM32F7xx_HAL_Driver/Src/stm32f7xx_hal_gpio.o
                0x0000000008009594                HAL_GPIO_WritePin
 *fill*         0x00000000080095c6        0x2 
 .text.HAL_GPIO_EXTI_IRQHandler
                0x00000000080095c8       0x30 ./Drivers/STM32F7xx_HAL_Driver/Src/stm32f7xx_hal_gpio.o
                0x00000000080095c8                HAL_GPIO_EXTI_IRQHandler
 .text.HAL_PWR_EnableBkUpAccess
                0x00000000080095f8       0x20 ./Drivers/STM32F7xx_HAL_Driver/Src/stm32f7xx_hal_pwr.o
                0x00000000080095f8                HAL_PWR_EnableBkUpAccess
 .text.HAL_PWREx_EnableOverDrive
                0x0000000008009618       0xa0 ./Drivers/STM32F7xx_HAL_Driver/Src/stm32f7xx_hal_pwr_ex.o
                0x0000000008009618                HAL_PWREx_EnableOverDrive
 .text.HAL_RCC_OscConfig
                0x00000000080096b8      0x55c ./Drivers/STM32F7xx_HAL_Driver/Src/stm32f7xx_hal_rcc.o
                0x00000000080096b8                HAL_RCC_OscConfig
 .text.HAL_RCC_ClockConfig
                0x0000000008009c14      0x1d8 ./Drivers/STM32F7xx_HAL_Driver/Src/stm32f7xx_hal_rcc.o
                0x0000000008009c14                HAL_RCC_ClockConfig
 .text.HAL_RCC_GetSysClockFreq
                0x0000000008009dec      0x20c ./Drivers/STM32F7xx_HAL_Driver/Src/stm32f7xx_hal_rcc.o
                0x0000000008009dec                HAL_RCC_GetSysClockFreq
 .text.HAL_RCC_GetHCLKFreq
                0x0000000008009ff8       0x18 ./Drivers/STM32F7xx_HAL_Driver/Src/stm32f7xx_hal_rcc.o
                0x0000000008009ff8                HAL_RCC_GetHCLKFreq
 .text.HAL_RCC_GetPCLK1Freq
                0x000000000800a010       0x28 ./Drivers/STM32F7xx_HAL_Driver/Src/stm32f7xx_hal_rcc.o
                0x000000000800a010                HAL_RCC_GetPCLK1Freq
 .text.HAL_RCC_GetPCLK2Freq
                0x000000000800a038       0x28 ./Drivers/STM32F7xx_HAL_Driver/Src/stm32f7xx_hal_rcc.o
                0x000000000800a038                HAL_RCC_GetPCLK2Freq
 .text.HAL_RCCEx_PeriphCLKConfig
                0x000000000800a060      0x850 ./Drivers/STM32F7xx_HAL_Driver/Src/stm32f7xx_hal_rcc_ex.o
                0x000000000800a060                HAL_RCCEx_PeriphCLKConfig
 .text.HAL_RNG_Init
                0x000000000800a8b0       0x54 ./Drivers/STM32F7xx_HAL_Driver/Src/stm32f7xx_hal_rng.o
                0x000000000800a8b0                HAL_RNG_Init
 .text.HAL_SPI_Init
                0x000000000800a904      0x156 ./Drivers/STM32F7xx_HAL_Driver/Src/stm32f7xx_hal_spi.o
                0x000000000800a904                HAL_SPI_Init
 .text.HAL_SPI_Transmit
                0x000000000800aa5a      0x2dc ./Drivers/STM32F7xx_HAL_Driver/Src/stm32f7xx_hal_spi.o
                0x000000000800aa5a                HAL_SPI_Transmit
 *fill*         0x000000000800ad36        0x2 
 .text.SPI_WaitFlagStateUntilTimeout
                0x000000000800ad38      0x110 ./Drivers/STM32F7xx_HAL_Driver/Src/stm32f7xx_hal_spi.o
 .text.SPI_WaitFifoStateUntilTimeout
                0x000000000800ae48      0x12c ./Drivers/STM32F7xx_HAL_Driver/Src/stm32f7xx_hal_spi.o
 .text.SPI_EndRxTxTransaction
                0x000000000800af74       0xd4 ./Drivers/STM32F7xx_HAL_Driver/Src/stm32f7xx_hal_spi.o
 .text.HAL_TIM_Base_Init
                0x000000000800b048       0xae ./Drivers/STM32F7xx_HAL_Driver/Src/stm32f7xx_hal_tim.o
                0x000000000800b048                HAL_TIM_Base_Init
 *fill*         0x000000000800b0f6        0x2 
 .text.HAL_TIM_Base_Start_IT
                0x000000000800b0f8       0xf0 ./Drivers/STM32F7xx_HAL_Driver/Src/stm32f7xx_hal_tim.o
                0x000000000800b0f8                HAL_TIM_Base_Start_IT
 .text.HAL_TIM_Base_Stop_IT
                0x000000000800b1e8       0x5e ./Drivers/STM32F7xx_HAL_Driver/Src/stm32f7xx_hal_tim.o
                0x000000000800b1e8                HAL_TIM_Base_Stop_IT
 .text.HAL_TIM_IRQHandler
                0x000000000800b246      0x23e ./Drivers/STM32F7xx_HAL_Driver/Src/stm32f7xx_hal_tim.o
                0x000000000800b246                HAL_TIM_IRQHandler
 .text.HAL_TIM_ConfigClockSource
                0x000000000800b484      0x194 ./Drivers/STM32F7xx_HAL_Driver/Src/stm32f7xx_hal_tim.o
                0x000000000800b484                HAL_TIM_ConfigClockSource
 .text.HAL_TIM_OC_DelayElapsedCallback
                0x000000000800b618       0x14 ./Drivers/STM32F7xx_HAL_Driver/Src/stm32f7xx_hal_tim.o
                0x000000000800b618                HAL_TIM_OC_DelayElapsedCallback
 .text.HAL_TIM_IC_CaptureCallback
                0x000000000800b62c       0x14 ./Drivers/STM32F7xx_HAL_Driver/Src/stm32f7xx_hal_tim.o
                0x000000000800b62c                HAL_TIM_IC_CaptureCallback
 .text.HAL_TIM_PWM_PulseFinishedCallback
                0x000000000800b640       0x14 ./Drivers/STM32F7xx_HAL_Driver/Src/stm32f7xx_hal_tim.o
                0x000000000800b640                HAL_TIM_PWM_PulseFinishedCallback
 .text.HAL_TIM_TriggerCallback
                0x000000000800b654       0x14 ./Drivers/STM32F7xx_HAL_Driver/Src/stm32f7xx_hal_tim.o
                0x000000000800b654                HAL_TIM_TriggerCallback
 .text.TIM_Base_SetConfig
                0x000000000800b668      0x140 ./Drivers/STM32F7xx_HAL_Driver/Src/stm32f7xx_hal_tim.o
                0x000000000800b668                TIM_Base_SetConfig
 .text.TIM_TI1_ConfigInputStage
                0x000000000800b7a8       0x5e ./Drivers/STM32F7xx_HAL_Driver/Src/stm32f7xx_hal_tim.o
 .text.TIM_TI2_ConfigInputStage
                0x000000000800b806       0x60 ./Drivers/STM32F7xx_HAL_Driver/Src/stm32f7xx_hal_tim.o
 .text.TIM_ITRx_SetConfig
                0x000000000800b866       0x36 ./Drivers/STM32F7xx_HAL_Driver/Src/stm32f7xx_hal_tim.o
 .text.TIM_ETR_SetConfig
                0x000000000800b89c       0x40 ./Drivers/STM32F7xx_HAL_Driver/Src/stm32f7xx_hal_tim.o
                0x000000000800b89c                TIM_ETR_SetConfig
 .text.HAL_TIMEx_MasterConfigSynchronization
                0x000000000800b8dc      0x11c ./Drivers/STM32F7xx_HAL_Driver/Src/stm32f7xx_hal_tim_ex.o
                0x000000000800b8dc                HAL_TIMEx_MasterConfigSynchronization
 .text.HAL_TIMEx_CommutCallback
                0x000000000800b9f8       0x14 ./Drivers/STM32F7xx_HAL_Driver/Src/stm32f7xx_hal_tim_ex.o
                0x000000000800b9f8                HAL_TIMEx_CommutCallback
 .text.HAL_TIMEx_BreakCallback
                0x000000000800ba0c       0x14 ./Drivers/STM32F7xx_HAL_Driver/Src/stm32f7xx_hal_tim_ex.o
                0x000000000800ba0c                HAL_TIMEx_BreakCallback
 .text.HAL_TIMEx_Break2Callback
                0x000000000800ba20       0x14 ./Drivers/STM32F7xx_HAL_Driver/Src/stm32f7xx_hal_tim_ex.o
                0x000000000800ba20                HAL_TIMEx_Break2Callback
 .text.HAL_UART_Init
                0x000000000800ba34       0x9c ./Drivers/STM32F7xx_HAL_Driver/Src/stm32f7xx_hal_uart.o
                0x000000000800ba34                HAL_UART_Init
 .text.HAL_UART_Transmit
                0x000000000800bad0      0x106 ./Drivers/STM32F7xx_HAL_Driver/Src/stm32f7xx_hal_uart.o
                0x000000000800bad0                HAL_UART_Transmit
 *fill*         0x000000000800bbd6        0x2 
 .text.UART_SetConfig
                0x000000000800bbd8      0x4c8 ./Drivers/STM32F7xx_HAL_Driver/Src/stm32f7xx_hal_uart.o
                0x000000000800bbd8                UART_SetConfig
 .text.UART_AdvFeatureConfig
                0x000000000800c0a0      0x144 ./Drivers/STM32F7xx_HAL_Driver/Src/stm32f7xx_hal_uart.o
                0x000000000800c0a0                UART_AdvFeatureConfig
 .text.UART_CheckIdleState
                0x000000000800c1e4       0x9a ./Drivers/STM32F7xx_HAL_Driver/Src/stm32f7xx_hal_uart.o
                0x000000000800c1e4                UART_CheckIdleState
 .text.UART_WaitOnFlagUntilTimeout
                0x000000000800c27e      0x18c ./Drivers/STM32F7xx_HAL_Driver/Src/stm32f7xx_hal_uart.o
                0x000000000800c27e                UART_WaitOnFlagUntilTimeout
 *fill*         0x000000000800c40a        0x2 
 .text.calloc   0x000000000800c40c       0x10 /Applications/STM32CubeIDE.app/Contents/Eclipse/plugins/com.st.stm32cube.ide.mcu.externaltools.gnu-tools-for-stm32.11.3.rel1.macos64_1.1.0.202305231506/tools/bin/../lib/gcc/arm-none-eabi/11.3.1/../../../../arm-none-eabi/lib/thumb/v7e-m+dp/hard/libc_nano.a(libc_a-calloc.o)
                0x000000000800c40c                calloc
 .text._calloc_r
                0x000000000800c41c       0x2c /Applications/STM32CubeIDE.app/Contents/Eclipse/plugins/com.st.stm32cube.ide.mcu.externaltools.gnu-tools-for-stm32.11.3.rel1.macos64_1.1.0.202305231506/tools/bin/../lib/gcc/arm-none-eabi/11.3.1/../../../../arm-none-eabi/lib/thumb/v7e-m+dp/hard/libc_nano.a(libc_a-callocr.o)
                0x000000000800c41c                _calloc_r
 .text.__cvt    0x000000000800c448       0xa4 /Applications/STM32CubeIDE.app/Contents/Eclipse/plugins/com.st.stm32cube.ide.mcu.externaltools.gnu-tools-for-stm32.11.3.rel1.macos64_1.1.0.202305231506/tools/bin/../lib/gcc/arm-none-eabi/11.3.1/../../../../arm-none-eabi/lib/thumb/v7e-m+dp/hard/libc_nano.a(libc_a-nano-vfprintf_float.o)
                0x000000000800c448                __cvt
 .text.__exponent
                0x000000000800c4ec       0x7c /Applications/STM32CubeIDE.app/Contents/Eclipse/plugins/com.st.stm32cube.ide.mcu.externaltools.gnu-tools-for-stm32.11.3.rel1.macos64_1.1.0.202305231506/tools/bin/../lib/gcc/arm-none-eabi/11.3.1/../../../../arm-none-eabi/lib/thumb/v7e-m+dp/hard/libc_nano.a(libc_a-nano-vfprintf_float.o)
                0x000000000800c4ec                __exponent
 .text._printf_float
                0x000000000800c568      0x434 /Applications/STM32CubeIDE.app/Contents/Eclipse/plugins/com.st.stm32cube.ide.mcu.externaltools.gnu-tools-for-stm32.11.3.rel1.macos64_1.1.0.202305231506/tools/bin/../lib/gcc/arm-none-eabi/11.3.1/../../../../arm-none-eabi/lib/thumb/v7e-m+dp/hard/libc_nano.a(libc_a-nano-vfprintf_float.o)
                0x000000000800c568                _printf_float
 .text.malloc   0x000000000800c99c       0x10 /Applications/STM32CubeIDE.app/Contents/Eclipse/plugins/com.st.stm32cube.ide.mcu.externaltools.gnu-tools-for-stm32.11.3.rel1.macos64_1.1.0.202305231506/tools/bin/../lib/gcc/arm-none-eabi/11.3.1/../../../../arm-none-eabi/lib/thumb/v7e-m+dp/hard/libc_nano.a(libc_a-malloc.o)
                0x000000000800c99c                malloc
 .text.free     0x000000000800c9ac       0x10 /Applications/STM32CubeIDE.app/Contents/Eclipse/plugins/com.st.stm32cube.ide.mcu.externaltools.gnu-tools-for-stm32.11.3.rel1.macos64_1.1.0.202305231506/tools/bin/../lib/gcc/arm-none-eabi/11.3.1/../../../../arm-none-eabi/lib/thumb/v7e-m+dp/hard/libc_nano.a(libc_a-malloc.o)
                0x000000000800c9ac                free
 .text.sbrk_aligned
                0x000000000800c9bc       0x40 /Applications/STM32CubeIDE.app/Contents/Eclipse/plugins/com.st.stm32cube.ide.mcu.externaltools.gnu-tools-for-stm32.11.3.rel1.macos64_1.1.0.202305231506/tools/bin/../lib/gcc/arm-none-eabi/11.3.1/../../../../arm-none-eabi/lib/thumb/v7e-m+dp/hard/libc_nano.a(libc_a-mallocr.o)
 .text._malloc_r
                0x000000000800c9fc      0x100 /Applications/STM32CubeIDE.app/Contents/Eclipse/plugins/com.st.stm32cube.ide.mcu.externaltools.gnu-tools-for-stm32.11.3.rel1.macos64_1.1.0.202305231506/tools/bin/../lib/gcc/arm-none-eabi/11.3.1/../../../../arm-none-eabi/lib/thumb/v7e-m+dp/hard/libc_nano.a(libc_a-mallocr.o)
                0x000000000800c9fc                _malloc_r
 .text._printf_common
                0x000000000800cafc       0xda /Applications/STM32CubeIDE.app/Contents/Eclipse/plugins/com.st.stm32cube.ide.mcu.externaltools.gnu-tools-for-stm32.11.3.rel1.macos64_1.1.0.202305231506/tools/bin/../lib/gcc/arm-none-eabi/11.3.1/../../../../arm-none-eabi/lib/thumb/v7e-m+dp/hard/libc_nano.a(libc_a-nano-vfprintf_i.o)
                0x000000000800cafc                _printf_common
 *fill*         0x000000000800cbd6        0x2 
 .text._printf_i
                0x000000000800cbd8      0x244 /Applications/STM32CubeIDE.app/Contents/Eclipse/plugins/com.st.stm32cube.ide.mcu.externaltools.gnu-tools-for-stm32.11.3.rel1.macos64_1.1.0.202305231506/tools/bin/../lib/gcc/arm-none-eabi/11.3.1/../../../../arm-none-eabi/lib/thumb/v7e-m+dp/hard/libc_nano.a(libc_a-nano-vfprintf_i.o)
                0x000000000800cbd8                _printf_i
 .text.__malloc_lock
                0x000000000800ce1c        0xc /Applications/STM32CubeIDE.app/Contents/Eclipse/plugins/com.st.stm32cube.ide.mcu.externaltools.gnu-tools-for-stm32.11.3.rel1.macos64_1.1.0.202305231506/tools/bin/../lib/gcc/arm-none-eabi/11.3.1/../../../../arm-none-eabi/lib/thumb/v7e-m+dp/hard/libc_nano.a(libc_a-mlock.o)
                0x000000000800ce1c                __malloc_lock
 .text.__malloc_unlock
                0x000000000800ce28        0xc /Applications/STM32CubeIDE.app/Contents/Eclipse/plugins/com.st.stm32cube.ide.mcu.externaltools.gnu-tools-for-stm32.11.3.rel1.macos64_1.1.0.202305231506/tools/bin/../lib/gcc/arm-none-eabi/11.3.1/../../../../arm-none-eabi/lib/thumb/v7e-m+dp/hard/libc_nano.a(libc_a-mlock.o)
                0x000000000800ce28                __malloc_unlock
 .text.sprintf  0x000000000800ce34       0x40 /Applications/STM32CubeIDE.app/Contents/Eclipse/plugins/com.st.stm32cube.ide.mcu.externaltools.gnu-tools-for-stm32.11.3.rel1.macos64_1.1.0.202305231506/tools/bin/../lib/gcc/arm-none-eabi/11.3.1/../../../../arm-none-eabi/lib/thumb/v7e-m+dp/hard/libc_nano.a(libc_a-sprintf.o)
                0x000000000800ce34                sprintf
                0x000000000800ce34                siprintf
 .text.srand    0x000000000800ce74       0x5c /Applications/STM32CubeIDE.app/Contents/Eclipse/plugins/com.st.stm32cube.ide.mcu.externaltools.gnu-tools-for-stm32.11.3.rel1.macos64_1.1.0.202305231506/tools/bin/../lib/gcc/arm-none-eabi/11.3.1/../../../../arm-none-eabi/lib/thumb/v7e-m+dp/hard/libc_nano.a(libc_a-rand.o)
                0x000000000800ce74                srand
 .text.rand     0x000000000800ced0       0x7c /Applications/STM32CubeIDE.app/Contents/Eclipse/plugins/com.st.stm32cube.ide.mcu.externaltools.gnu-tools-for-stm32.11.3.rel1.macos64_1.1.0.202305231506/tools/bin/../lib/gcc/arm-none-eabi/11.3.1/../../../../arm-none-eabi/lib/thumb/v7e-m+dp/hard/libc_nano.a(libc_a-rand.o)
                0x000000000800ced0                rand
 .text.std      0x000000000800cf4c       0x48 /Applications/STM32CubeIDE.app/Contents/Eclipse/plugins/com.st.stm32cube.ide.mcu.externaltools.gnu-tools-for-stm32.11.3.rel1.macos64_1.1.0.202305231506/tools/bin/../lib/gcc/arm-none-eabi/11.3.1/../../../../arm-none-eabi/lib/thumb/v7e-m+dp/hard/libc_nano.a(libc_a-findfp.o)
 .text.stdio_exit_handler
                0x000000000800cf94       0x18 /Applications/STM32CubeIDE.app/Contents/Eclipse/plugins/com.st.stm32cube.ide.mcu.externaltools.gnu-tools-for-stm32.11.3.rel1.macos64_1.1.0.202305231506/tools/bin/../lib/gcc/arm-none-eabi/11.3.1/../../../../arm-none-eabi/lib/thumb/v7e-m+dp/hard/libc_nano.a(libc_a-findfp.o)
 .text.cleanup_stdio
                0x000000000800cfac       0x40 /Applications/STM32CubeIDE.app/Contents/Eclipse/plugins/com.st.stm32cube.ide.mcu.externaltools.gnu-tools-for-stm32.11.3.rel1.macos64_1.1.0.202305231506/tools/bin/../lib/gcc/arm-none-eabi/11.3.1/../../../../arm-none-eabi/lib/thumb/v7e-m+dp/hard/libc_nano.a(libc_a-findfp.o)
 .text.global_stdio_init.part.0
                0x000000000800cfec       0x3c /Applications/STM32CubeIDE.app/Contents/Eclipse/plugins/com.st.stm32cube.ide.mcu.externaltools.gnu-tools-for-stm32.11.3.rel1.macos64_1.1.0.202305231506/tools/bin/../lib/gcc/arm-none-eabi/11.3.1/../../../../arm-none-eabi/lib/thumb/v7e-m+dp/hard/libc_nano.a(libc_a-findfp.o)
 .text.__sfp_lock_acquire
                0x000000000800d028        0xc /Applications/STM32CubeIDE.app/Contents/Eclipse/plugins/com.st.stm32cube.ide.mcu.externaltools.gnu-tools-for-stm32.11.3.rel1.macos64_1.1.0.202305231506/tools/bin/../lib/gcc/arm-none-eabi/11.3.1/../../../../arm-none-eabi/lib/thumb/v7e-m+dp/hard/libc_nano.a(libc_a-findfp.o)
                0x000000000800d028                __sfp_lock_acquire
 .text.__sfp_lock_release
                0x000000000800d034        0xc /Applications/STM32CubeIDE.app/Contents/Eclipse/plugins/com.st.stm32cube.ide.mcu.externaltools.gnu-tools-for-stm32.11.3.rel1.macos64_1.1.0.202305231506/tools/bin/../lib/gcc/arm-none-eabi/11.3.1/../../../../arm-none-eabi/lib/thumb/v7e-m+dp/hard/libc_nano.a(libc_a-findfp.o)
                0x000000000800d034                __sfp_lock_release
 .text.__sinit  0x000000000800d040       0x30 /Applications/STM32CubeIDE.app/Contents/Eclipse/plugins/com.st.stm32cube.ide.mcu.externaltools.gnu-tools-for-stm32.11.3.rel1.macos64_1.1.0.202305231506/tools/bin/../lib/gcc/arm-none-eabi/11.3.1/../../../../arm-none-eabi/lib/thumb/v7e-m+dp/hard/libc_nano.a(libc_a-findfp.o)
                0x000000000800d040                __sinit
 .text._fwalk_sglue
                0x000000000800d070       0x3c /Applications/STM32CubeIDE.app/Contents/Eclipse/plugins/com.st.stm32cube.ide.mcu.externaltools.gnu-tools-for-stm32.11.3.rel1.macos64_1.1.0.202305231506/tools/bin/../lib/gcc/arm-none-eabi/11.3.1/../../../../arm-none-eabi/lib/thumb/v7e-m+dp/hard/libc_nano.a(libc_a-fwalk.o)
                0x000000000800d070                _fwalk_sglue
 .text.memset   0x000000000800d0ac       0x10 /Applications/STM32CubeIDE.app/Contents/Eclipse/plugins/com.st.stm32cube.ide.mcu.externaltools.gnu-tools-for-stm32.11.3.rel1.macos64_1.1.0.202305231506/tools/bin/../lib/gcc/arm-none-eabi/11.3.1/../../../../arm-none-eabi/lib/thumb/v7e-m+dp/hard/libc_nano.a(libc_a-memset.o)
                0x000000000800d0ac                memset
 .text._localeconv_r
                0x000000000800d0bc        0x8 /Applications/STM32CubeIDE.app/Contents/Eclipse/plugins/com.st.stm32cube.ide.mcu.externaltools.gnu-tools-for-stm32.11.3.rel1.macos64_1.1.0.202305231506/tools/bin/../lib/gcc/arm-none-eabi/11.3.1/../../../../arm-none-eabi/lib/thumb/v7e-m+dp/hard/libc_nano.a(libc_a-localeconv.o)
                0x000000000800d0bc                _localeconv_r
 .text._sbrk_r  0x000000000800d0c4       0x20 /Applications/STM32CubeIDE.app/Contents/Eclipse/plugins/com.st.stm32cube.ide.mcu.externaltools.gnu-tools-for-stm32.11.3.rel1.macos64_1.1.0.202305231506/tools/bin/../lib/gcc/arm-none-eabi/11.3.1/../../../../arm-none-eabi/lib/thumb/v7e-m+dp/hard/libc_nano.a(libc_a-sbrkr.o)
                0x000000000800d0c4                _sbrk_r
 .text.__errno  0x000000000800d0e4        0xc /Applications/STM32CubeIDE.app/Contents/Eclipse/plugins/com.st.stm32cube.ide.mcu.externaltools.gnu-tools-for-stm32.11.3.rel1.macos64_1.1.0.202305231506/tools/bin/../lib/gcc/arm-none-eabi/11.3.1/../../../../arm-none-eabi/lib/thumb/v7e-m+dp/hard/libc_nano.a(libc_a-errno.o)
                0x000000000800d0e4                __errno
 .text.__libc_init_array
                0x000000000800d0f0       0x48 /Applications/STM32CubeIDE.app/Contents/Eclipse/plugins/com.st.stm32cube.ide.mcu.externaltools.gnu-tools-for-stm32.11.3.rel1.macos64_1.1.0.202305231506/tools/bin/../lib/gcc/arm-none-eabi/11.3.1/../../../../arm-none-eabi/lib/thumb/v7e-m+dp/hard/libc_nano.a(libc_a-init.o)
                0x000000000800d0f0                __libc_init_array
 .text.__retarget_lock_acquire_recursive
                0x000000000800d138        0x2 /Applications/STM32CubeIDE.app/Contents/Eclipse/plugins/com.st.stm32cube.ide.mcu.externaltools.gnu-tools-for-stm32.11.3.rel1.macos64_1.1.0.202305231506/tools/bin/../lib/gcc/arm-none-eabi/11.3.1/../../../../arm-none-eabi/lib/thumb/v7e-m+dp/hard/libc_nano.a(libc_a-lock.o)
                0x000000000800d138                __retarget_lock_acquire_recursive
 .text.__retarget_lock_release_recursive
                0x000000000800d13a        0x2 /Applications/STM32CubeIDE.app/Contents/Eclipse/plugins/com.st.stm32cube.ide.mcu.externaltools.gnu-tools-for-stm32.11.3.rel1.macos64_1.1.0.202305231506/tools/bin/../lib/gcc/arm-none-eabi/11.3.1/../../../../arm-none-eabi/lib/thumb/v7e-m+dp/hard/libc_nano.a(libc_a-lock.o)
                0x000000000800d13a                __retarget_lock_release_recursive
 .text.memcpy   0x000000000800d13c       0x1c /Applications/STM32CubeIDE.app/Contents/Eclipse/plugins/com.st.stm32cube.ide.mcu.externaltools.gnu-tools-for-stm32.11.3.rel1.macos64_1.1.0.202305231506/tools/bin/../lib/gcc/arm-none-eabi/11.3.1/../../../../arm-none-eabi/lib/thumb/v7e-m+dp/hard/libc_nano.a(libc_a-memcpy-stub.o)
                0x000000000800d13c                memcpy
 .text.__assert_func
                0x000000000800d158       0x3c /Applications/STM32CubeIDE.app/Contents/Eclipse/plugins/com.st.stm32cube.ide.mcu.externaltools.gnu-tools-for-stm32.11.3.rel1.macos64_1.1.0.202305231506/tools/bin/../lib/gcc/arm-none-eabi/11.3.1/../../../../arm-none-eabi/lib/thumb/v7e-m+dp/hard/libc_nano.a(libc_a-assert.o)
                0x000000000800d158                __assert_func
 .text.quorem   0x000000000800d194      0x110 /Applications/STM32CubeIDE.app/Contents/Eclipse/plugins/com.st.stm32cube.ide.mcu.externaltools.gnu-tools-for-stm32.11.3.rel1.macos64_1.1.0.202305231506/tools/bin/../lib/gcc/arm-none-eabi/11.3.1/../../../../arm-none-eabi/lib/thumb/v7e-m+dp/hard/libc_nano.a(libc_a-dtoa.o)
 *fill*         0x000000000800d2a4        0x4 
 .text._dtoa_r  0x000000000800d2a8      0xad8 /Applications/STM32CubeIDE.app/Contents/Eclipse/plugins/com.st.stm32cube.ide.mcu.externaltools.gnu-tools-for-stm32.11.3.rel1.macos64_1.1.0.202305231506/tools/bin/../lib/gcc/arm-none-eabi/11.3.1/../../../../arm-none-eabi/lib/thumb/v7e-m+dp/hard/libc_nano.a(libc_a-dtoa.o)
                0x000000000800d2a8                _dtoa_r
 .text._free_r  0x000000000800dd80       0x98 /Applications/STM32CubeIDE.app/Contents/Eclipse/plugins/com.st.stm32cube.ide.mcu.externaltools.gnu-tools-for-stm32.11.3.rel1.macos64_1.1.0.202305231506/tools/bin/../lib/gcc/arm-none-eabi/11.3.1/../../../../arm-none-eabi/lib/thumb/v7e-m+dp/hard/libc_nano.a(libc_a-freer.o)
                0x000000000800dd80                _free_r
 .text.__ssputs_r
                0x000000000800de18       0xb4 /Applications/STM32CubeIDE.app/Contents/Eclipse/plugins/com.st.stm32cube.ide.mcu.externaltools.gnu-tools-for-stm32.11.3.rel1.macos64_1.1.0.202305231506/tools/bin/../lib/gcc/arm-none-eabi/11.3.1/../../../../arm-none-eabi/lib/thumb/v7e-m+dp/hard/libc_nano.a(libc_a-nano-svfprintf.o)
                0x000000000800de18                __ssputs_r
 .text._svfprintf_r
                0x000000000800decc      0x1fc /Applications/STM32CubeIDE.app/Contents/Eclipse/plugins/com.st.stm32cube.ide.mcu.externaltools.gnu-tools-for-stm32.11.3.rel1.macos64_1.1.0.202305231506/tools/bin/../lib/gcc/arm-none-eabi/11.3.1/../../../../arm-none-eabi/lib/thumb/v7e-m+dp/hard/libc_nano.a(libc_a-nano-svfprintf.o)
                0x000000000800decc                _svfprintf_r
                0x000000000800decc                _svfiprintf_r
 .text.__sflush_r
                0x000000000800e0c8      0x10c /Applications/STM32CubeIDE.app/Contents/Eclipse/plugins/com.st.stm32cube.ide.mcu.externaltools.gnu-tools-for-stm32.11.3.rel1.macos64_1.1.0.202305231506/tools/bin/../lib/gcc/arm-none-eabi/11.3.1/../../../../arm-none-eabi/lib/thumb/v7e-m+dp/hard/libc_nano.a(libc_a-fflush.o)
                0x000000000800e0c8                __sflush_r
 .text._fflush_r
                0x000000000800e1d4       0x50 /Applications/STM32CubeIDE.app/Contents/Eclipse/plugins/com.st.stm32cube.ide.mcu.externaltools.gnu-tools-for-stm32.11.3.rel1.macos64_1.1.0.202305231506/tools/bin/../lib/gcc/arm-none-eabi/11.3.1/../../../../arm-none-eabi/lib/thumb/v7e-m+dp/hard/libc_nano.a(libc_a-fflush.o)
                0x000000000800e1d4                _fflush_r
 .text._Balloc  0x000000000800e224       0x80 /Applications/STM32CubeIDE.app/Contents/Eclipse/plugins/com.st.stm32cube.ide.mcu.externaltools.gnu-tools-for-stm32.11.3.rel1.macos64_1.1.0.202305231506/tools/bin/../lib/gcc/arm-none-eabi/11.3.1/../../../../arm-none-eabi/lib/thumb/v7e-m+dp/hard/libc_nano.a(libc_a-mprec.o)
                0x000000000800e224                _Balloc
 .text._Bfree   0x000000000800e2a4       0x44 /Applications/STM32CubeIDE.app/Contents/Eclipse/plugins/com.st.stm32cube.ide.mcu.externaltools.gnu-tools-for-stm32.11.3.rel1.macos64_1.1.0.202305231506/tools/bin/../lib/gcc/arm-none-eabi/11.3.1/../../../../arm-none-eabi/lib/thumb/v7e-m+dp/hard/libc_nano.a(libc_a-mprec.o)
                0x000000000800e2a4                _Bfree
 .text.__multadd
                0x000000000800e2e8       0x8c /Applications/STM32CubeIDE.app/Contents/Eclipse/plugins/com.st.stm32cube.ide.mcu.externaltools.gnu-tools-for-stm32.11.3.rel1.macos64_1.1.0.202305231506/tools/bin/../lib/gcc/arm-none-eabi/11.3.1/../../../../arm-none-eabi/lib/thumb/v7e-m+dp/hard/libc_nano.a(libc_a-mprec.o)
                0x000000000800e2e8                __multadd
 .text.__hi0bits
                0x000000000800e374       0x40 /Applications/STM32CubeIDE.app/Contents/Eclipse/plugins/com.st.stm32cube.ide.mcu.externaltools.gnu-tools-for-stm32.11.3.rel1.macos64_1.1.0.202305231506/tools/bin/../lib/gcc/arm-none-eabi/11.3.1/../../../../arm-none-eabi/lib/thumb/v7e-m+dp/hard/libc_nano.a(libc_a-mprec.o)
                0x000000000800e374                __hi0bits
 .text.__lo0bits
                0x000000000800e3b4       0x5a /Applications/STM32CubeIDE.app/Contents/Eclipse/plugins/com.st.stm32cube.ide.mcu.externaltools.gnu-tools-for-stm32.11.3.rel1.macos64_1.1.0.202305231506/tools/bin/../lib/gcc/arm-none-eabi/11.3.1/../../../../arm-none-eabi/lib/thumb/v7e-m+dp/hard/libc_nano.a(libc_a-mprec.o)
                0x000000000800e3b4                __lo0bits
 *fill*         0x000000000800e40e        0x2 
 .text.__i2b    0x000000000800e410       0x2c /Applications/STM32CubeIDE.app/Contents/Eclipse/plugins/com.st.stm32cube.ide.mcu.externaltools.gnu-tools-for-stm32.11.3.rel1.macos64_1.1.0.202305231506/tools/bin/../lib/gcc/arm-none-eabi/11.3.1/../../../../arm-none-eabi/lib/thumb/v7e-m+dp/hard/libc_nano.a(libc_a-mprec.o)
                0x000000000800e410                __i2b
 .text.__multiply
                0x000000000800e43c      0x154 /Applications/STM32CubeIDE.app/Contents/Eclipse/plugins/com.st.stm32cube.ide.mcu.externaltools.gnu-tools-for-stm32.11.3.rel1.macos64_1.1.0.202305231506/tools/bin/../lib/gcc/arm-none-eabi/11.3.1/../../../../arm-none-eabi/lib/thumb/v7e-m+dp/hard/libc_nano.a(libc_a-mprec.o)
                0x000000000800e43c                __multiply
 .text.__pow5mult
                0x000000000800e590       0xb4 /Applications/STM32CubeIDE.app/Contents/Eclipse/plugins/com.st.stm32cube.ide.mcu.externaltools.gnu-tools-for-stm32.11.3.rel1.macos64_1.1.0.202305231506/tools/bin/../lib/gcc/arm-none-eabi/11.3.1/../../../../arm-none-eabi/lib/thumb/v7e-m+dp/hard/libc_nano.a(libc_a-mprec.o)
                0x000000000800e590                __pow5mult
 .text.__lshift
                0x000000000800e644       0xd8 /Applications/STM32CubeIDE.app/Contents/Eclipse/plugins/com.st.stm32cube.ide.mcu.externaltools.gnu-tools-for-stm32.11.3.rel1.macos64_1.1.0.202305231506/tools/bin/../lib/gcc/arm-none-eabi/11.3.1/../../../../arm-none-eabi/lib/thumb/v7e-m+dp/hard/libc_nano.a(libc_a-mprec.o)
                0x000000000800e644                __lshift
 .text.__mcmp   0x000000000800e71c       0x38 /Applications/STM32CubeIDE.app/Contents/Eclipse/plugins/com.st.stm32cube.ide.mcu.externaltools.gnu-tools-for-stm32.11.3.rel1.macos64_1.1.0.202305231506/tools/bin/../lib/gcc/arm-none-eabi/11.3.1/../../../../arm-none-eabi/lib/thumb/v7e-m+dp/hard/libc_nano.a(libc_a-mprec.o)
                0x000000000800e71c                __mcmp
 .text.__mdiff  0x000000000800e754      0x114 /Applications/STM32CubeIDE.app/Contents/Eclipse/plugins/com.st.stm32cube.ide.mcu.externaltools.gnu-tools-for-stm32.11.3.rel1.macos64_1.1.0.202305231506/tools/bin/../lib/gcc/arm-none-eabi/11.3.1/../../../../arm-none-eabi/lib/thumb/v7e-m+dp/hard/libc_nano.a(libc_a-mprec.o)
                0x000000000800e754                __mdiff
 .text.__d2b    0x000000000800e868       0xb4 /Applications/STM32CubeIDE.app/Contents/Eclipse/plugins/com.st.stm32cube.ide.mcu.externaltools.gnu-tools-for-stm32.11.3.rel1.macos64_1.1.0.202305231506/tools/bin/../lib/gcc/arm-none-eabi/11.3.1/../../../../arm-none-eabi/lib/thumb/v7e-m+dp/hard/libc_nano.a(libc_a-mprec.o)
                0x000000000800e868                __d2b
 .text.__sread  0x000000000800e91c       0x22 /Applications/STM32CubeIDE.app/Contents/Eclipse/plugins/com.st.stm32cube.ide.mcu.externaltools.gnu-tools-for-stm32.11.3.rel1.macos64_1.1.0.202305231506/tools/bin/../lib/gcc/arm-none-eabi/11.3.1/../../../../arm-none-eabi/lib/thumb/v7e-m+dp/hard/libc_nano.a(libc_a-stdio.o)
                0x000000000800e91c                __sread
 .text.__swrite
                0x000000000800e93e       0x38 /Applications/STM32CubeIDE.app/Contents/Eclipse/plugins/com.st.stm32cube.ide.mcu.externaltools.gnu-tools-for-stm32.11.3.rel1.macos64_1.1.0.202305231506/tools/bin/../lib/gcc/arm-none-eabi/11.3.1/../../../../arm-none-eabi/lib/thumb/v7e-m+dp/hard/libc_nano.a(libc_a-stdio.o)
                0x000000000800e93e                __swrite
 .text.__sseek  0x000000000800e976       0x24 /Applications/STM32CubeIDE.app/Contents/Eclipse/plugins/com.st.stm32cube.ide.mcu.externaltools.gnu-tools-for-stm32.11.3.rel1.macos64_1.1.0.202305231506/tools/bin/../lib/gcc/arm-none-eabi/11.3.1/../../../../arm-none-eabi/lib/thumb/v7e-m+dp/hard/libc_nano.a(libc_a-stdio.o)
                0x000000000800e976                __sseek
 .text.__sclose
                0x000000000800e99a        0x8 /Applications/STM32CubeIDE.app/Contents/Eclipse/plugins/com.st.stm32cube.ide.mcu.externaltools.gnu-tools-for-stm32.11.3.rel1.macos64_1.1.0.202305231506/tools/bin/../lib/gcc/arm-none-eabi/11.3.1/../../../../arm-none-eabi/lib/thumb/v7e-m+dp/hard/libc_nano.a(libc_a-stdio.o)
                0x000000000800e99a                __sclose
 *fill*         0x000000000800e9a2        0x2 
 .text.fprintf  0x000000000800e9a4       0x24 /Applications/STM32CubeIDE.app/Contents/Eclipse/plugins/com.st.stm32cube.ide.mcu.externaltools.gnu-tools-for-stm32.11.3.rel1.macos64_1.1.0.202305231506/tools/bin/../lib/gcc/arm-none-eabi/11.3.1/../../../../arm-none-eabi/lib/thumb/v7e-m+dp/hard/libc_nano.a(libc_a-fprintf.o)
                0x000000000800e9a4                fprintf
                0x000000000800e9a4                fiprintf
 .text._realloc_r
                0x000000000800e9c8       0x5e /Applications/STM32CubeIDE.app/Contents/Eclipse/plugins/com.st.stm32cube.ide.mcu.externaltools.gnu-tools-for-stm32.11.3.rel1.macos64_1.1.0.202305231506/tools/bin/../lib/gcc/arm-none-eabi/11.3.1/../../../../arm-none-eabi/lib/thumb/v7e-m+dp/hard/libc_nano.a(libc_a-reallocr.o)
                0x000000000800e9c8                _realloc_r
 .text.memmove  0x000000000800ea26       0x34 /Applications/STM32CubeIDE.app/Contents/Eclipse/plugins/com.st.stm32cube.ide.mcu.externaltools.gnu-tools-for-stm32.11.3.rel1.macos64_1.1.0.202305231506/tools/bin/../lib/gcc/arm-none-eabi/11.3.1/../../../../arm-none-eabi/lib/thumb/v7e-m+dp/hard/libc_nano.a(libc_a-memmove.o)
                0x000000000800ea26                memmove
 *fill*         0x000000000800ea5a        0x2 
 .text._close_r
                0x000000000800ea5c       0x20 /Applications/STM32CubeIDE.app/Contents/Eclipse/plugins/com.st.stm32cube.ide.mcu.externaltools.gnu-tools-for-stm32.11.3.rel1.macos64_1.1.0.202305231506/tools/bin/../lib/gcc/arm-none-eabi/11.3.1/../../../../arm-none-eabi/lib/thumb/v7e-m+dp/hard/libc_nano.a(libc_a-closer.o)
                0x000000000800ea5c                _close_r
 .text._lseek_r
                0x000000000800ea7c       0x24 /Applications/STM32CubeIDE.app/Contents/Eclipse/plugins/com.st.stm32cube.ide.mcu.externaltools.gnu-tools-for-stm32.11.3.rel1.macos64_1.1.0.202305231506/tools/bin/../lib/gcc/arm-none-eabi/11.3.1/../../../../arm-none-eabi/lib/thumb/v7e-m+dp/hard/libc_nano.a(libc_a-lseekr.o)
                0x000000000800ea7c                _lseek_r
 .text._read_r  0x000000000800eaa0       0x24 /Applications/STM32CubeIDE.app/Contents/Eclipse/plugins/com.st.stm32cube.ide.mcu.externaltools.gnu-tools-for-stm32.11.3.rel1.macos64_1.1.0.202305231506/tools/bin/../lib/gcc/arm-none-eabi/11.3.1/../../../../arm-none-eabi/lib/thumb/v7e-m+dp/hard/libc_nano.a(libc_a-readr.o)
                0x000000000800eaa0                _read_r
 .text._write_r
                0x000000000800eac4       0x24 /Applications/STM32CubeIDE.app/Contents/Eclipse/plugins/com.st.stm32cube.ide.mcu.externaltools.gnu-tools-for-stm32.11.3.rel1.macos64_1.1.0.202305231506/tools/bin/../lib/gcc/arm-none-eabi/11.3.1/../../../../arm-none-eabi/lib/thumb/v7e-m+dp/hard/libc_nano.a(libc_a-writer.o)
                0x000000000800eac4                _write_r
 .text.abort    0x000000000800eae8        0xe /Applications/STM32CubeIDE.app/Contents/Eclipse/plugins/com.st.stm32cube.ide.mcu.externaltools.gnu-tools-for-stm32.11.3.rel1.macos64_1.1.0.202305231506/tools/bin/../lib/gcc/arm-none-eabi/11.3.1/../../../../arm-none-eabi/lib/thumb/v7e-m+dp/hard/libc_nano.a(libc_a-abort.o)
                0x000000000800eae8                abort
 .text.__sfputc_r
                0x000000000800eaf6       0x2e /Applications/STM32CubeIDE.app/Contents/Eclipse/plugins/com.st.stm32cube.ide.mcu.externaltools.gnu-tools-for-stm32.11.3.rel1.macos64_1.1.0.202305231506/tools/bin/../lib/gcc/arm-none-eabi/11.3.1/../../../../arm-none-eabi/lib/thumb/v7e-m+dp/hard/libc_nano.a(libc_a-nano-vfprintf.o)
 .text.__sfputs_r
                0x000000000800eb24       0x24 /Applications/STM32CubeIDE.app/Contents/Eclipse/plugins/com.st.stm32cube.ide.mcu.externaltools.gnu-tools-for-stm32.11.3.rel1.macos64_1.1.0.202305231506/tools/bin/../lib/gcc/arm-none-eabi/11.3.1/../../../../arm-none-eabi/lib/thumb/v7e-m+dp/hard/libc_nano.a(libc_a-nano-vfprintf.o)
                0x000000000800eb24                __sfputs_r
 .text._vfprintf_r
                0x000000000800eb48      0x234 /Applications/STM32CubeIDE.app/Contents/Eclipse/plugins/com.st.stm32cube.ide.mcu.externaltools.gnu-tools-for-stm32.11.3.rel1.macos64_1.1.0.202305231506/tools/bin/../lib/gcc/arm-none-eabi/11.3.1/../../../../arm-none-eabi/lib/thumb/v7e-m+dp/hard/libc_nano.a(libc_a-nano-vfprintf.o)
                0x000000000800eb48                _vfiprintf_r
                0x000000000800eb48                _vfprintf_r
 .text.__ascii_mbtowc
                0x000000000800ed7c       0x24 /Applications/STM32CubeIDE.app/Contents/Eclipse/plugins/com.st.stm32cube.ide.mcu.externaltools.gnu-tools-for-stm32.11.3.rel1.macos64_1.1.0.202305231506/tools/bin/../lib/gcc/arm-none-eabi/11.3.1/../../../../arm-none-eabi/lib/thumb/v7e-m+dp/hard/libc_nano.a(libc_a-mbtowc_r.o)
                0x000000000800ed7c                __ascii_mbtowc
 .text._malloc_usable_size_r
                0x000000000800eda0       0x10 /Applications/STM32CubeIDE.app/Contents/Eclipse/plugins/com.st.stm32cube.ide.mcu.externaltools.gnu-tools-for-stm32.11.3.rel1.macos64_1.1.0.202305231506/tools/bin/../lib/gcc/arm-none-eabi/11.3.1/../../../../arm-none-eabi/lib/thumb/v7e-m+dp/hard/libc_nano.a(libc_a-msizer.o)
                0x000000000800eda0                _malloc_usable_size_r
 .text.__swbuf_r
                0x000000000800edb0       0x7a /Applications/STM32CubeIDE.app/Contents/Eclipse/plugins/com.st.stm32cube.ide.mcu.externaltools.gnu-tools-for-stm32.11.3.rel1.macos64_1.1.0.202305231506/tools/bin/../lib/gcc/arm-none-eabi/11.3.1/../../../../arm-none-eabi/lib/thumb/v7e-m+dp/hard/libc_nano.a(libc_a-wbuf.o)
                0x000000000800edb0                __swbuf_r
 *fill*         0x000000000800ee2a        0x2 
 .text.__swsetup_r
                0x000000000800ee2c       0xb0 /Applications/STM32CubeIDE.app/Contents/Eclipse/plugins/com.st.stm32cube.ide.mcu.externaltools.gnu-tools-for-stm32.11.3.rel1.macos64_1.1.0.202305231506/tools/bin/../lib/gcc/arm-none-eabi/11.3.1/../../../../arm-none-eabi/lib/thumb/v7e-m+dp/hard/libc_nano.a(libc_a-wsetup.o)
                0x000000000800ee2c                __swsetup_r
 .text.__ascii_wctomb
                0x000000000800eedc       0x1a /Applications/STM32CubeIDE.app/Contents/Eclipse/plugins/com.st.stm32cube.ide.mcu.externaltools.gnu-tools-for-stm32.11.3.rel1.macos64_1.1.0.202305231506/tools/bin/../lib/gcc/arm-none-eabi/11.3.1/../../../../arm-none-eabi/lib/thumb/v7e-m+dp/hard/libc_nano.a(libc_a-wctomb_r.o)
                0x000000000800eedc                __ascii_wctomb
 .text.__swhatbuf_r
                0x000000000800eef6       0x4c /Applications/STM32CubeIDE.app/Contents/Eclipse/plugins/com.st.stm32cube.ide.mcu.externaltools.gnu-tools-for-stm32.11.3.rel1.macos64_1.1.0.202305231506/tools/bin/../lib/gcc/arm-none-eabi/11.3.1/../../../../arm-none-eabi/lib/thumb/v7e-m+dp/hard/libc_nano.a(libc_a-makebuf.o)
                0x000000000800eef6                __swhatbuf_r
 .text.__smakebuf_r
                0x000000000800ef42       0x78 /Applications/STM32CubeIDE.app/Contents/Eclipse/plugins/com.st.stm32cube.ide.mcu.externaltools.gnu-tools-for-stm32.11.3.rel1.macos64_1.1.0.202305231506/tools/bin/../lib/gcc/arm-none-eabi/11.3.1/../../../../arm-none-eabi/lib/thumb/v7e-m+dp/hard/libc_nano.a(libc_a-makebuf.o)
                0x000000000800ef42                __smakebuf_r
 *fill*         0x000000000800efba        0x2 
 .text._fstat_r
                0x000000000800efbc       0x24 /Applications/STM32CubeIDE.app/Contents/Eclipse/plugins/com.st.stm32cube.ide.mcu.externaltools.gnu-tools-for-stm32.11.3.rel1.macos64_1.1.0.202305231506/tools/bin/../lib/gcc/arm-none-eabi/11.3.1/../../../../arm-none-eabi/lib/thumb/v7e-m+dp/hard/libc_nano.a(libc_a-fstatr.o)
                0x000000000800efbc                _fstat_r
 .text._isatty_r
                0x000000000800efe0       0x20 /Applications/STM32CubeIDE.app/Contents/Eclipse/plugins/com.st.stm32cube.ide.mcu.externaltools.gnu-tools-for-stm32.11.3.rel1.macos64_1.1.0.202305231506/tools/bin/../lib/gcc/arm-none-eabi/11.3.1/../../../../arm-none-eabi/lib/thumb/v7e-m+dp/hard/libc_nano.a(libc_a-isattyr.o)
                0x000000000800efe0                _isatty_r
 .text._raise_r
                0x000000000800f000       0x50 /Applications/STM32CubeIDE.app/Contents/Eclipse/plugins/com.st.stm32cube.ide.mcu.externaltools.gnu-tools-for-stm32.11.3.rel1.macos64_1.1.0.202305231506/tools/bin/../lib/gcc/arm-none-eabi/11.3.1/../../../../arm-none-eabi/lib/thumb/v7e-m+dp/hard/libc_nano.a(libc_a-signal.o)
                0x000000000800f000                _raise_r
 .text.raise    0x000000000800f050       0x10 /Applications/STM32CubeIDE.app/Contents/Eclipse/plugins/com.st.stm32cube.ide.mcu.externaltools.gnu-tools-for-stm32.11.3.rel1.macos64_1.1.0.202305231506/tools/bin/../lib/gcc/arm-none-eabi/11.3.1/../../../../arm-none-eabi/lib/thumb/v7e-m+dp/hard/libc_nano.a(libc_a-signal.o)
                0x000000000800f050                raise
 .text._kill_r  0x000000000800f060       0x24 /Applications/STM32CubeIDE.app/Contents/Eclipse/plugins/com.st.stm32cube.ide.mcu.externaltools.gnu-tools-for-stm32.11.3.rel1.macos64_1.1.0.202305231506/tools/bin/../lib/gcc/arm-none-eabi/11.3.1/../../../../arm-none-eabi/lib/thumb/v7e-m+dp/hard/libc_nano.a(libc_a-signalr.o)
                0x000000000800f060                _kill_r
 .text._getpid_r
                0x000000000800f084        0x4 /Applications/STM32CubeIDE.app/Contents/Eclipse/plugins/com.st.stm32cube.ide.mcu.externaltools.gnu-tools-for-stm32.11.3.rel1.macos64_1.1.0.202305231506/tools/bin/../lib/gcc/arm-none-eabi/11.3.1/../../../../arm-none-eabi/lib/thumb/v7e-m+dp/hard/libc_nano.a(libc_a-signalr.o)
                0x000000000800f084                _getpid_r
 *(.glue_7)
 .glue_7        0x000000000800f088        0x0 linker stubs
 *(.glue_7t)
 .glue_7t       0x000000000800f088        0x0 linker stubs
 *(.eh_frame)
 .eh_frame      0x000000000800f088        0x0 /Applications/STM32CubeIDE.app/Contents/Eclipse/plugins/com.st.stm32cube.ide.mcu.externaltools.gnu-tools-for-stm32.11.3.rel1.macos64_1.1.0.202305231506/tools/bin/../lib/gcc/arm-none-eabi/11.3.1/thumb/v7e-m+dp/hard/crtbegin.o
 *(.init)
 .init          0x000000000800f088        0x4 /Applications/STM32CubeIDE.app/Contents/Eclipse/plugins/com.st.stm32cube.ide.mcu.externaltools.gnu-tools-for-stm32.11.3.rel1.macos64_1.1.0.202305231506/tools/bin/../lib/gcc/arm-none-eabi/11.3.1/thumb/v7e-m+dp/hard/crti.o
                0x000000000800f088                _init
 .init          0x000000000800f08c        0x8 /Applications/STM32CubeIDE.app/Contents/Eclipse/plugins/com.st.stm32cube.ide.mcu.externaltools.gnu-tools-for-stm32.11.3.rel1.macos64_1.1.0.202305231506/tools/bin/../lib/gcc/arm-none-eabi/11.3.1/thumb/v7e-m+dp/hard/crtn.o
 *(.fini)
 .fini          0x000000000800f094        0x4 /Applications/STM32CubeIDE.app/Contents/Eclipse/plugins/com.st.stm32cube.ide.mcu.externaltools.gnu-tools-for-stm32.11.3.rel1.macos64_1.1.0.202305231506/tools/bin/../lib/gcc/arm-none-eabi/11.3.1/thumb/v7e-m+dp/hard/crti.o
                0x000000000800f094                _fini
 .fini          0x000000000800f098        0x8 /Applications/STM32CubeIDE.app/Contents/Eclipse/plugins/com.st.stm32cube.ide.mcu.externaltools.gnu-tools-for-stm32.11.3.rel1.macos64_1.1.0.202305231506/tools/bin/../lib/gcc/arm-none-eabi/11.3.1/thumb/v7e-m+dp/hard/crtn.o
                0x000000000800f0a0                . = ALIGN (0x4)
                0x000000000800f0a0                _etext = .

.vfp11_veneer   0x000000000800f0a0        0x0
 .vfp11_veneer  0x000000000800f0a0        0x0 linker stubs

.v4_bx          0x000000000800f0a0        0x0
 .v4_bx         0x000000000800f0a0        0x0 linker stubs

.iplt           0x000000000800f0a0        0x0
 .iplt          0x000000000800f0a0        0x0 /Applications/STM32CubeIDE.app/Contents/Eclipse/plugins/com.st.stm32cube.ide.mcu.externaltools.gnu-tools-for-stm32.11.3.rel1.macos64_1.1.0.202305231506/tools/bin/../lib/gcc/arm-none-eabi/11.3.1/thumb/v7e-m+dp/hard/crtbegin.o

.rodata         0x000000000800f0a0    0x815f8
                0x000000000800f0a0                . = ALIGN (0x4)
 *(.rodata)
 .rodata        0x000000000800f0a0       0x6b ./Core/Src/gameUtility.o
 *fill*         0x000000000800f10b        0x1 
 .rodata        0x000000000800f10c      0x1a0 ./Core/Src/main.o
 *(.rodata*)
 .rodata.playerImage1
                0x000000000800f2ac      0x200 ./Core/Src/icons.o
                0x000000000800f2ac                playerImage1
 .rodata.playerImage1Bomb
                0x000000000800f4ac      0x200 ./Core/Src/icons.o
                0x000000000800f4ac                playerImage1Bomb
 .rodata.playerImage2
                0x000000000800f6ac      0x200 ./Core/Src/icons.o
                0x000000000800f6ac                playerImage2
 .rodata.playerImage2Bomb
                0x000000000800f8ac      0x200 ./Core/Src/icons.o
                0x000000000800f8ac                playerImage2Bomb
 .rodata.playerImage3
                0x000000000800faac      0x200 ./Core/Src/icons.o
                0x000000000800faac                playerImage3
 .rodata.playerImage3Bomb
                0x000000000800fcac      0x200 ./Core/Src/icons.o
                0x000000000800fcac                playerImage3Bomb
 .rodata.playerImage4
                0x000000000800feac      0x200 ./Core/Src/icons.o
                0x000000000800feac                playerImage4
 .rodata.playerImage4Bomb
                0x00000000080100ac      0x200 ./Core/Src/icons.o
                0x00000000080100ac                playerImage4Bomb
 .rodata.playerImage5
                0x00000000080102ac      0x200 ./Core/Src/icons.o
                0x00000000080102ac                playerImage5
 .rodata.playerImage5Bomb
                0x00000000080104ac      0x200 ./Core/Src/icons.o
                0x00000000080104ac                playerImage5Bomb
 .rodata.playerImage1Yellow_32
                0x00000000080106ac      0x800 ./Core/Src/icons.o
                0x00000000080106ac                playerImage1Yellow_32
 .rodata.playerImage2Yellow_32
                0x0000000008010eac      0x800 ./Core/Src/icons.o
                0x0000000008010eac                playerImage2Yellow_32
 .rodata.playerImage3Yellow_32
                0x00000000080116ac      0x800 ./Core/Src/icons.o
                0x00000000080116ac                playerImage3Yellow_32
 .rodata.playerImage4Yellow_32
                0x0000000008011eac      0x800 ./Core/Src/icons.o
                0x0000000008011eac                playerImage4Yellow_32
 .rodata.playerImage5Yellow_32
                0x00000000080126ac      0x800 ./Core/Src/icons.o
                0x00000000080126ac                playerImage5Yellow_32
 .rodata.playerImage1Orange_32
                0x0000000008012eac      0x800 ./Core/Src/icons.o
                0x0000000008012eac                playerImage1Orange_32
 .rodata.playerImage2Orange_32
                0x00000000080136ac      0x800 ./Core/Src/icons.o
                0x00000000080136ac                playerImage2Orange_32
 .rodata.playerImage3Orange_32
                0x0000000008013eac      0x800 ./Core/Src/icons.o
                0x0000000008013eac                playerImage3Orange_32
 .rodata.playerImage4Orange_32
                0x00000000080146ac      0x800 ./Core/Src/icons.o
                0x00000000080146ac                playerImage4Orange_32
 .rodata.playerImage1White_56
                0x0000000008014eac     0x1880 ./Core/Src/icons.o
                0x0000000008014eac                playerImage1White_56
 .rodata.playerImage2White_56
                0x000000000801672c     0x1880 ./Core/Src/icons.o
                0x000000000801672c                playerImage2White_56
 .rodata.playerImage3White_56
                0x0000000008017fac     0x1880 ./Core/Src/icons.o
                0x0000000008017fac                playerImage3White_56
 .rodata.playerImage4White_56
                0x000000000801982c     0x1880 ./Core/Src/icons.o
                0x000000000801982c                playerImage4White_56
 .rodata.playerImage5White_56
                0x000000000801b0ac     0x1880 ./Core/Src/icons.o
                0x000000000801b0ac                playerImage5White_56
 .rodata.playerImage5Orange_32
                0x000000000801c92c      0x800 ./Core/Src/icons.o
                0x000000000801c92c                playerImage5Orange_32
 .rodata.playerImage1_112
                0x000000000801d12c     0x6200 ./Core/Src/icons.o
                0x000000000801d12c                playerImage1_112
 .rodata.playerImage2_112
                0x000000000802332c     0x6200 ./Core/Src/icons.o
                0x000000000802332c                playerImage2_112
 .rodata.playerImage3_112
                0x000000000802952c     0x6200 ./Core/Src/icons.o
                0x000000000802952c                playerImage3_112
 .rodata.playerImage4_112
                0x000000000802f72c     0x6200 ./Core/Src/icons.o
                0x000000000802f72c                playerImage4_112
 .rodata.playerImage5_112
                0x000000000803592c     0x6200 ./Core/Src/icons.o
                0x000000000803592c                playerImage5_112
 .rodata.bombImage_16
                0x000000000803bb2c      0x200 ./Core/Src/icons.o
                0x000000000803bb2c                bombImage_16
 .rodata.bombImage
                0x000000000803bd2c      0x200 ./Core/Src/icons.o
                0x000000000803bd2c                bombImage
 .rodata.shoeImage
                0x000000000803bf2c      0x200 ./Core/Src/icons.o
                0x000000000803bf2c                shoeImage
 .rodata.heartImage
                0x000000000803c12c      0x200 ./Core/Src/icons.o
                0x000000000803c12c                heartImage
 .rodata.potionImage
                0x000000000803c32c      0x200 ./Core/Src/icons.o
                0x000000000803c32c                potionImage
 .rodata.wallImage1
                0x000000000803c52c      0x200 ./Core/Src/icons.o
                0x000000000803c52c                wallImage1
 .rodata.wallImage2
                0x000000000803c72c      0x200 ./Core/Src/icons.o
                0x000000000803c72c                wallImage2
 .rodata.grassImage
                0x000000000803c92c      0x200 ./Core/Src/icons.o
                0x000000000803c92c                grassImage
 .rodata.addBombImage
                0x000000000803cb2c      0x200 ./Core/Src/icons.o
                0x000000000803cb2c                addBombImage
 .rodata.winPage
                0x000000000803cd2c    0x25800 ./Core/Src/icons.o
                0x000000000803cd2c                winPage
 .rodata.setting_1
                0x000000000806252c    0x25800 ./Core/Src/icons.o
                0x000000000806252c                setting_1
 .rodata.setting_2
                0x0000000008087d2c     0x8340 ./Core/Src/icons.o
                0x0000000008087d2c                setting_2
 .rodata.AHBPrescTable
                0x000000000809006c       0x10 ./Core/Src/system_stm32f7xx.o
                0x000000000809006c                AHBPrescTable
 .rodata.APBPrescTable
                0x000000000809007c        0x8 ./Core/Src/system_stm32f7xx.o
                0x000000000809007c                APBPrescTable
 .rodata.font   0x0000000008090084      0x240 ./Drivers/ILI9341/ILI9341_GFX.o
 .rodata.flagBitshiftOffset.0
                0x00000000080902c4        0x8 ./Drivers/STM32F7xx_HAL_Driver/Src/stm32f7xx_hal_dma.o
 .rodata._printf_float.str1.1
                0x00000000080902cc       0x12 /Applications/STM32CubeIDE.app/Contents/Eclipse/plugins/com.st.stm32cube.ide.mcu.externaltools.gnu-tools-for-stm32.11.3.rel1.macos64_1.1.0.202305231506/tools/bin/../lib/gcc/arm-none-eabi/11.3.1/../../../../arm-none-eabi/lib/thumb/v7e-m+dp/hard/libc_nano.a(libc_a-nano-vfprintf_float.o)
 .rodata._printf_i.str1.1
                0x00000000080902de       0x22 /Applications/STM32CubeIDE.app/Contents/Eclipse/plugins/com.st.stm32cube.ide.mcu.externaltools.gnu-tools-for-stm32.11.3.rel1.macos64_1.1.0.202305231506/tools/bin/../lib/gcc/arm-none-eabi/11.3.1/../../../../arm-none-eabi/lib/thumb/v7e-m+dp/hard/libc_nano.a(libc_a-nano-vfprintf_i.o)
 .rodata.srand.str1.1
                0x0000000008090300       0x6f /Applications/STM32CubeIDE.app/Contents/Eclipse/plugins/com.st.stm32cube.ide.mcu.externaltools.gnu-tools-for-stm32.11.3.rel1.macos64_1.1.0.202305231506/tools/bin/../lib/gcc/arm-none-eabi/11.3.1/../../../../arm-none-eabi/lib/thumb/v7e-m+dp/hard/libc_nano.a(libc_a-rand.o)
 .rodata.__assert_func.str1.1
                0x000000000809036f       0x3c /Applications/STM32CubeIDE.app/Contents/Eclipse/plugins/com.st.stm32cube.ide.mcu.externaltools.gnu-tools-for-stm32.11.3.rel1.macos64_1.1.0.202305231506/tools/bin/../lib/gcc/arm-none-eabi/11.3.1/../../../../arm-none-eabi/lib/thumb/v7e-m+dp/hard/libc_nano.a(libc_a-assert.o)
                                         0x3d (size before relaxing)
 .rodata._dtoa_r.str1.1
                0x00000000080903ab       0x76 /Applications/STM32CubeIDE.app/Contents/Eclipse/plugins/com.st.stm32cube.ide.mcu.externaltools.gnu-tools-for-stm32.11.3.rel1.macos64_1.1.0.202305231506/tools/bin/../lib/gcc/arm-none-eabi/11.3.1/../../../../arm-none-eabi/lib/thumb/v7e-m+dp/hard/libc_nano.a(libc_a-dtoa.o)
                                         0x8f (size before relaxing)
 .rodata._svfprintf_r.str1.1
                0x0000000008090421       0x11 /Applications/STM32CubeIDE.app/Contents/Eclipse/plugins/com.st.stm32cube.ide.mcu.externaltools.gnu-tools-for-stm32.11.3.rel1.macos64_1.1.0.202305231506/tools/bin/../lib/gcc/arm-none-eabi/11.3.1/../../../../arm-none-eabi/lib/thumb/v7e-m+dp/hard/libc_nano.a(libc_a-nano-svfprintf.o)
 .rodata._Balloc.str1.1
                0x0000000008090432       0x59 /Applications/STM32CubeIDE.app/Contents/Eclipse/plugins/com.st.stm32cube.ide.mcu.externaltools.gnu-tools-for-stm32.11.3.rel1.macos64_1.1.0.202305231506/tools/bin/../lib/gcc/arm-none-eabi/11.3.1/../../../../arm-none-eabi/lib/thumb/v7e-m+dp/hard/libc_nano.a(libc_a-mprec.o)
                                         0x70 (size before relaxing)
 .rodata.__multadd.str1.1
                0x000000000809048b       0x11 /Applications/STM32CubeIDE.app/Contents/Eclipse/plugins/com.st.stm32cube.ide.mcu.externaltools.gnu-tools-for-stm32.11.3.rel1.macos64_1.1.0.202305231506/tools/bin/../lib/gcc/arm-none-eabi/11.3.1/../../../../arm-none-eabi/lib/thumb/v7e-m+dp/hard/libc_nano.a(libc_a-mprec.o)
 *fill*         0x000000000809048b        0x5 
 .rodata.__mprec_bigtens
                0x0000000008090490       0x28 /Applications/STM32CubeIDE.app/Contents/Eclipse/plugins/com.st.stm32cube.ide.mcu.externaltools.gnu-tools-for-stm32.11.3.rel1.macos64_1.1.0.202305231506/tools/bin/../lib/gcc/arm-none-eabi/11.3.1/../../../../arm-none-eabi/lib/thumb/v7e-m+dp/hard/libc_nano.a(libc_a-mprec.o)
                0x0000000008090490                __mprec_bigtens
 .rodata.__mprec_tens
                0x00000000080904b8       0xc8 /Applications/STM32CubeIDE.app/Contents/Eclipse/plugins/com.st.stm32cube.ide.mcu.externaltools.gnu-tools-for-stm32.11.3.rel1.macos64_1.1.0.202305231506/tools/bin/../lib/gcc/arm-none-eabi/11.3.1/../../../../arm-none-eabi/lib/thumb/v7e-m+dp/hard/libc_nano.a(libc_a-mprec.o)
                0x00000000080904b8                __mprec_tens
 .rodata.p05.0  0x0000000008090580        0xc /Applications/STM32CubeIDE.app/Contents/Eclipse/plugins/com.st.stm32cube.ide.mcu.externaltools.gnu-tools-for-stm32.11.3.rel1.macos64_1.1.0.202305231506/tools/bin/../lib/gcc/arm-none-eabi/11.3.1/../../../../arm-none-eabi/lib/thumb/v7e-m+dp/hard/libc_nano.a(libc_a-mprec.o)
 .rodata._setlocale_r.str1.1
                0x000000000809058c        0x8 /Applications/STM32CubeIDE.app/Contents/Eclipse/plugins/com.st.stm32cube.ide.mcu.externaltools.gnu-tools-for-stm32.11.3.rel1.macos64_1.1.0.202305231506/tools/bin/../lib/gcc/arm-none-eabi/11.3.1/../../../../arm-none-eabi/lib/thumb/v7e-m+dp/hard/libc_nano.a(libc_a-locale.o)
                                          0x9 (size before relaxing)
 .rodata.str1.1