../Core/Src/gameUtility.c:30:1:printVector	56	static
../Core/Src/gameUtility.c:35:9:Vector2_init	32	static
../Core/Src/gameUtility.c:39:9:Add	24	static
../Core/Src/gameUtility.c:44:9:Sub	24	static
../Core/Src/gameUtility.c:49:9:Multiply_int	24	static
../Core/Src/gameUtility.c:54:9:Multiply_vector	24	static
../Core/Src/gameUtility.c:59:9:Divide_int	24	static
../Core/Src/gameUtility.c:64:9:Divide_vector	24	static
../Core/Src/gameUtility.c:69:6:Equal	24	static
../Core/Src/gameUtility.c:72:9:getOffsetOrigin	32	static
../Core/Src/gameUtility.c:75:9:toIndex	48	static
../Core/Src/gameUtility.c:78:9:toPosition	40	static
../Core/Src/gameUtility.c:84:11:Transform_init	56	static
../Core/Src/gameUtility.c:91:5:getLeft	16	static
../Core/Src/gameUtility.c:104:5:getRight	16	static
../Core/Src/gameUtility.c:107:5:getTop	16	static
../Core/Src/gameUtility.c:120:5:getBottom	16	static
../Core/Src/gameUtility.c:123:9:getTransformOrigin	24	static
../Core/Src/gameUtility.c:127:6:Draw	48	static
../Core/Src/gameUtility.c:132:6:DrawImage	552	static
../Core/Src/gameUtility.c:155:6:isCollision	96	static
../Core/Src/gameUtility.c:172:6:Move	216	static
../Core/Src/gameUtility.c:245:6:CheckPlayerCollisionAt	56	static
../Core/Src/gameUtility.c:256:6:drawPlayers	120	dynamic
../Core/Src/gameUtility.c:300:6:drawCell	24	static
../Core/Src/gameUtility.c:332:6:setMap	40	static
../Core/Src/gameUtility.c:355:6:setObject	120	static
../Core/Src/gameUtility.c:397:6:clearObject	72	static
../Core/Src/gameUtility.c:447:1:placeBomb	32	static
../Core/Src/gameUtility.c:452:10:getCell	16	static
../Core/Src/gameUtility.c:460:1:detonate	72	static
../Core/Src/gameUtility.c:492:8:Player_init	240	static
../Core/Src/gameUtility.c:537:9:getPlayerIndex	16	static
../Core/Src/gameUtility.c:548:9:getIndexAtDirection	48	static
../Core/Src/gameUtility.c:554:6:updateMap	136	static
../Core/Src/gameUtility.c:672:11:BFSValue_init	40	static
../Core/Src/gameUtility.c:679:9:findNextIndex	1024	static
../Core/Src/gameUtility.c:813:10:PlayerUI_init	312	static
../Core/Src/gameUtility.c:829:6:DrawPlayerUI	48	static
