../Drivers/CMSIS/Include/core_cm7.h:2229:22:SCB_EnableICache	4	static,ignoring_inline_asm
../Drivers/CMSIS/Include/core_cm7.h:2281:22:SCB_EnableDCache	24	static,ignoring_inline_asm
../Core/Src/main.c:80:9:isTouchWithinRectangle	24	static
../Core/Src/main.c:87:6:checkMap	48	static
../Core/Src/main.c:138:5:checkStartGame	48	static
../Core/Src/main.c:221:8:getCharacterYellowList	80	static
../Core/Src/main.c:227:8:getCharacterOrangeList	80	static
../Core/Src/main.c:263:6:endPageInit	40	static
../Core/Src/main.c:348:6:IFDisplayScreen1	56	static
../Core/Src/main.c:542:6:IFDisplayScreen2	56	static
../Core/Src/main.c:674:6:IFDisplayScreen3	32	static
../Core/Src/main.c:705:6:IFDisplayScreen4	16	static
../Core/Src/main.c:726:6:HAL_TIM_PeriodElapsedCallback	16	static
../Core/Src/main.c:741:6:HAL_ADC_ConvCpltCallback	120	static
../Core/Src/main.c:789:6:HAL_GPIO_EXTI_Callback	32	static
../Core/Src/main.c:810:6:SetPlayers	352	static
../Core/Src/main.c:850:6:startGame	112	static
../Core/Src/main.c:895:5:main	136	static
../Core/Src/main.c:957:6:SystemClock_Config	88	static
../Core/Src/main.c:1018:6:Error_Handler	4	static
