../Core/Src/utiliity.c:4:7:mappingValue	32	static
../Core/Src/utiliity.c:7:5:clamp	24	static
../Core/Src/utiliity.c:15:6:inBetween	24	static
../Core/Src/utiliity.c:18:5:abs	16	static
../Core/Src/utiliity.c:21:5:min	16	static
../Core/Src/utiliity.c:24:5:max	16	static
../Core/Src/utiliity.c:27:5:threasHold	32	static
../Core/Src/utiliity.c:34:12:createSample	56	static
../Core/Src/utiliity.c:47:6:AppendSample	16	static
../Core/Src/utiliity.c:55:6:setDebounceValue	16	static
../Core/Src/utiliity.c:61:6:getDebounceValue	16	static
../Core/Src/utiliity.c:67:6:Toggle	16	static
../Core/Src/utiliity.c:70:6:digitalRead	16	static
../Core/Src/utiliity.c:73:6:digitalWrite	16	static
../Core/Src/utiliity.c:77:10:ADCRead	16	static
../Core/Src/utiliity.c:81:6:getChar	16	static
../Core/Src/utiliity.c:87:6:printOut	16	static
../Core/Src/utiliity.c:93:6:setRed	16	static
../Core/Src/utiliity.c:96:6:setGreen	16	static
../Core/Src/utiliity.c:99:6:setBlue	16	static
../Core/Src/utiliity.c:102:15:QueueElement_init	24	static
../Core/Src/utiliity.c:109:8:Queue_init	16	static
../Core/Src/utiliity.c:116:6:DeleteQueueElement	16	static
../Core/Src/utiliity.c:135:15:enqueue	24	static
../Core/Src/utiliity.c:152:6:dequeue	16	static
